<html>
<body>
<pre>
<h1>µVision Build Log</h1>
<h2>Tool Versions:</h2>
IDE-Version: ¦ÌVision V5.32.0.0
Copyright (C) 2020 ARM Ltd and ARM Germany GmbH. All rights reserved.
License Information: 11 1, 1, LIC=4ZLZX-HWPDR-79IG1-CS576-W8ZHV-ISF1I
 
Tool Versions:
Toolchain:       MDK-ARM Professional  Version: 5.32.0.0
Toolchain Path:  D:\Keil_v5\ARM\ARMCC\Bin
C Compiler:      Armcc.exe V5.06 update 7 (build 960)
Assembler:       Armasm.exe V5.06 update 7 (build 960)
Linker/Locator:  ArmLink.exe V5.06 update 7 (build 960)
Library Manager: ArmAr.exe V5.06 update 7 (build 960)
Hex Converter:   FromElf.exe V5.06 update 7 (build 960)
CPU DLL:         SARMCM3.DLL V5.32.0.0
Dialog DLL:      DCM.DLL V1.17.3.0
Target DLL:      Segger\JL2CM3.dll V2.99.38.0
Dialog DLL:      TCM.DLL V1.46.0.0
 
<h2>Project:</h2>
D:\USER\Desktop\ota_updater\Boot\MDK-ARM\Boot.uvprojx
Project File Date:  02/28/2024

<h2>Output:</h2>
*** Using Compiler 'V5.06 update 7 (build 960)', folder: 'D:\Keil_v5\ARM\ARMCC\Bin'
Build target 'Boot'
assembling startup_stm32h750xx.s...
compiling stm32h7xx_hal_msp.c...
compiling usart.c...
compiling stm32h7xx_hal_cortex.c...
compiling gpio.c...
compiling stm32h7xx_hal_flash_ex.c...
compiling stm32h7xx_hal_rcc.c...
compiling stm32h7xx_it.c...
compiling spi.c...
compiling main.c...
../User/Boot/Inc/boot.h(9): warning:  #1-D: last line of file ends without a newline
  #endif // !BOOTLOADER_H
../Core/Inc/version.h(23): warning:  #1-D: last line of file ends without a newline
  }Firmware_Version_Typedef;
../Core/Src/main.c(126): warning:  #167-D: argument of type "char *" is incompatible with parameter of type "const uint8_t *"
  	HAL_UART_Transmit(&huart1, buffer, strlen(buffer), 10);
../Core/Src/main.c(130): warning:  #167-D: argument of type "char *" is incompatible with parameter of type "const uint8_t *"
  	HAL_UART_Transmit(&huart1, buffer, strlen(buffer), 10);
../Core/Src/main.c(134): warning:  #167-D: argument of type "char *" is incompatible with parameter of type "const uint8_t *"
  	HAL_UART_Transmit(&huart1, buffer, strlen(buffer), 10);
../Core/Src/main.c(138): warning:  #167-D: argument of type "char *" is incompatible with parameter of type "const uint8_t *"
  	HAL_UART_Transmit(&huart1, buffer, strlen(buffer), 10);
../Core/Src/main.c(142): warning:  #167-D: argument of type "char *" is incompatible with parameter of type "const uint8_t *"
  	HAL_UART_Transmit(&huart1, buffer, strlen(buffer), 10);
../Core/Src/main.c(147): warning:  #167-D: argument of type "char *" is incompatible with parameter of type "const uint8_t *"
  		HAL_UART_Transmit(&huart1, buffer, strlen(buffer), 10);	
../Core/Src/main.c(154): warning:  #167-D: argument of type "char *" is incompatible with parameter of type "const uint8_t *"
  		HAL_UART_Transmit(&huart1, buffer, strlen(buffer), 10);	
../Core/Src/main.c: 9 warnings, 0 errors
compiling stm32h7xx_hal_flash.c...
compiling stm32h7xx_hal_gpio.c...
compiling stm32h7xx_hal_rcc_ex.c...
compiling stm32h7xx_hal_mdma.c...
compiling stm32h7xx_hal_hsem.c...
compiling stm32h7xx_hal_pwr.c...
compiling stm32h7xx_hal_i2c_ex.c...
compiling stm32h7xx_hal_exti.c...
compiling stm32h7xx_hal_pwr_ex.c...
compiling stm32h7xx_hal_spi.c...
compiling stm32h7xx_hal.c...
compiling stm32h7xx_hal_spi_ex.c...
compiling ring_buffer.c...
..\User\Service\Src\ring_buffer.c(43): warning:  #167-D: argument of type "uint8_t *" is incompatible with parameter of type "int"
          memchr(dst + temp, &buffer->buffer[0], len - temp);
..\User\Service\Src\ring_buffer.c(70): warning:  #1-D: last line of file ends without a newline
  }
..\User\Service\Src\ring_buffer.c: 2 warnings, 0 errors
compiling stm32h7xx_hal_dma_ex.c...
compiling stm32h7xx_hal_i2c.c...
compiling boot.c...
../User/Boot/Inc/boot.h(9): warning:  #1-D: last line of file ends without a newline
  #endif // !BOOTLOADER_H
..\User\Boot\Src\boot.c(35): warning:  #1-D: last line of file ends without a newline
  }
..\User\Boot\Src\boot.c: 2 warnings, 0 errors
compiling stm32h7xx_hal_dma.c...
compiling system_stm32h7xx.c...
compiling user_diskio.c...
compiling stm32h7xx_hal_uart_ex.c...
compiling diskio.c...
compiling fatfs.c...
compiling w25qxx_driver.c...
..\User\Driver\Src\w25qxx_driver.c(479): warning:  #1-D: last line of file ends without a newline
  }
..\User\Driver\Src\w25qxx_driver.c: 1 warning, 0 errors
compiling bsp_flash.c...
..\User\Driver\Src\bsp_flash.c(37): warning:  #167-D: argument of type "char *" is incompatible with parameter of type "const uint8_t *"
  	HAL_UART_Transmit(&huart1, buffer, strlen(buffer), 10);
..\User\Driver\Src\bsp_flash.c(55): warning:  #167-D: argument of type "char *" is incompatible with parameter of type "const uint8_t *"
  	HAL_UART_Transmit(&huart1, buffer, strlen(buffer), 10);
..\User\Driver\Src\bsp_flash.c(72): warning:  #167-D: argument of type "char *" is incompatible with parameter of type "const uint8_t *"
  	HAL_UART_Transmit(&huart1, buffer, strlen(buffer), 10);
..\User\Driver\Src\bsp_flash.c(89): warning:  #167-D: argument of type "char *" is incompatible with parameter of type "const uint8_t *"
  	HAL_UART_Transmit(&huart1, buffer, strlen(buffer), 10);
..\User\Driver\Src\bsp_flash.c(97): warning:  #167-D: argument of type "char *" is incompatible with parameter of type "const uint8_t *"
  	HAL_UART_Transmit(&huart1, buffer, strlen(buffer), 10);
..\User\Driver\Src\bsp_flash.c(21): warning:  #177-D: variable "value"  was declared but never referenced
  	uint32_t value = PROGRAM_FLAG_ENABLE;
..\User\Driver\Src\bsp_flash.c(160): warning:  #1-D: last line of file ends without a newline
  }
..\User\Driver\Src\bsp_flash.c: 7 warnings, 0 errors
compiling ff_gen_drv.c...
compiling stm32h7xx_hal_tim_ex.c...
compiling ff.c...
compiling stm32h7xx_hal_tim.c...
compiling stm32h7xx_hal_uart.c...
compiling syscall.c...
linking...
Program Size: Code=15174 RO-data=794 RW-data=72 ZI-data=2832  
FromELF: creating hex file...
After Build - User command #1: fromelf  --bin  --output=Boot\Boot.bin  Boot\Boot.axf
"Boot\Boot.axf" - 0 Error(s), 21 Warning(s).

<h2>Software Packages used:</h2>

Package Vendor: ARM
                http://www.keil.com/pack/ARM.CMSIS.5.9.0.pack
                ARM.CMSIS.5.9.0
                CMSIS (Common Microcontroller Software Interface Standard)
   * Component: CORE Version: 5.6.0

Package Vendor: Keil
                http://www.keil.com/pack/Keil.STM32H7xx_DFP.3.0.0.pack
                Keil.STM32H7xx_DFP.3.0.0
                STMicroelectronics STM32H7 Series Device Support and Examples

<h2>Collection of Component include folders:</h2>
  .\RTE\_Boot
  D:\Keil_v5\ARM\PACK\ARM\CMSIS\5.9.0\CMSIS\Core\Include
  D:\Keil_v5\ARM\PACK\Keil\STM32H7xx_DFP\3.0.0\Drivers\CMSIS\Device\ST\STM32H7xx\Include

<h2>Collection of Component Files used:</h2>

   * Component: ARM::CMSIS:CORE:5.6.0
      Include file:  CMSIS\Core\Include\tz_context.h
Build Time Elapsed:  00:01:42
</pre>
</body>
</html>
