Component: ARM Compiler 5.06 update 7 (build 960) Tool: armlink [4d3601]

==============================================================================

Section Cross References

    startup_stm32h750xx.o(STACK) refers (Special) to heapauxi.o(.text) for __use_two_region_memory
    startup_stm32h750xx.o(HEAP) refers (Special) to heapauxi.o(.text) for __use_two_region_memory
    startup_stm32h750xx.o(RESET) refers (Special) to heapauxi.o(.text) for __use_two_region_memory
    startup_stm32h750xx.o(RESET) refers to startup_stm32h750xx.o(STACK) for __initial_sp
    startup_stm32h750xx.o(RESET) refers to startup_stm32h750xx.o(.text) for Reset_Handler
    startup_stm32h750xx.o(RESET) refers to stm32h7xx_it.o(i.NMI_Handler) for NMI_Handler
    startup_stm32h750xx.o(RESET) refers to stm32h7xx_it.o(i.HardFault_Handler) for HardFault_Handler
    startup_stm32h750xx.o(RESET) refers to stm32h7xx_it.o(i.MemManage_Handler) for MemManage_Handler
    startup_stm32h750xx.o(RESET) refers to stm32h7xx_it.o(i.BusFault_Handler) for BusFault_Handler
    startup_stm32h750xx.o(RESET) refers to stm32h7xx_it.o(i.UsageFault_Handler) for UsageFault_Handler
    startup_stm32h750xx.o(RESET) refers to stm32h7xx_it.o(i.SVC_Handler) for SVC_Handler
    startup_stm32h750xx.o(RESET) refers to stm32h7xx_it.o(i.DebugMon_Handler) for DebugMon_Handler
    startup_stm32h750xx.o(RESET) refers to stm32h7xx_it.o(i.PendSV_Handler) for PendSV_Handler
    startup_stm32h750xx.o(RESET) refers to stm32h7xx_it.o(i.SysTick_Handler) for SysTick_Handler
    startup_stm32h750xx.o(.text) refers (Special) to heapauxi.o(.text) for __use_two_region_memory
    startup_stm32h750xx.o(.text) refers to system_stm32h7xx.o(i.SystemInit) for SystemInit
    startup_stm32h750xx.o(.text) refers to __main.o(!!!main) for __main
    startup_stm32h750xx.o(.text) refers to startup_stm32h750xx.o(HEAP) for Heap_Mem
    startup_stm32h750xx.o(.text) refers to startup_stm32h750xx.o(STACK) for Stack_Mem
    main.o(i.Goto_APP1) refers to stm32h7xx_hal_spi.o(i.HAL_SPI_DeInit) for HAL_SPI_DeInit
    main.o(i.Goto_APP1) refers to stm32h7xx_hal_uart.o(i.HAL_UART_DeInit) for HAL_UART_DeInit
    main.o(i.Goto_APP1) refers to stm32h7xx_hal_gpio.o(i.HAL_GPIO_DeInit) for HAL_GPIO_DeInit
    main.o(i.Goto_APP1) refers to boot.o(i.boot_to) for boot_to
    main.o(i.Goto_APP1) refers to spi.o(.bss) for hspi1
    main.o(i.Goto_APP1) refers to usart.o(.bss) for huart1
    main.o(i.Goto_APP2) refers to stm32h7xx_hal_spi.o(i.HAL_SPI_DeInit) for HAL_SPI_DeInit
    main.o(i.Goto_APP2) refers to stm32h7xx_hal_uart.o(i.HAL_UART_DeInit) for HAL_UART_DeInit
    main.o(i.Goto_APP2) refers to stm32h7xx_hal_gpio.o(i.HAL_GPIO_DeInit) for HAL_GPIO_DeInit
    main.o(i.Goto_APP2) refers to boot.o(i.boot_to) for boot_to
    main.o(i.Goto_APP2) refers to spi.o(.bss) for hspi1
    main.o(i.Goto_APP2) refers to usart.o(.bss) for huart1
    main.o(i.SystemClock_Config) refers to rt_memclr_w.o(.text) for __aeabi_memclr4
    main.o(i.SystemClock_Config) refers to stm32h7xx_hal_pwr_ex.o(i.HAL_PWREx_ConfigSupply) for HAL_PWREx_ConfigSupply
    main.o(i.SystemClock_Config) refers to stm32h7xx_hal_rcc.o(i.HAL_RCC_OscConfig) for HAL_RCC_OscConfig
    main.o(i.SystemClock_Config) refers to stm32h7xx_hal_rcc.o(i.HAL_RCC_ClockConfig) for HAL_RCC_ClockConfig
    main.o(i.main) refers to _printf_percent.o(.ARM.Collect$$_printf_percent$$00000000) for _printf_percent
    main.o(i.main) refers to _printf_s.o(.ARM.Collect$$_printf_percent$$00000014) for _printf_s
    main.o(i.main) refers to _printf_str.o(.text) for _printf_str
    main.o(i.main) refers to _printf_d.o(.ARM.Collect$$_printf_percent$$00000009) for _printf_d
    main.o(i.main) refers to _printf_dec.o(.text) for _printf_int_dec
    main.o(i.main) refers to _printf_x.o(.ARM.Collect$$_printf_percent$$0000000C) for _printf_x
    main.o(i.main) refers to _printf_hex_int.o(.text) for _printf_longlong_hex
    main.o(i.main) refers to stm32h7xx_hal.o(i.HAL_Init) for HAL_Init
    main.o(i.main) refers to main.o(i.SystemClock_Config) for SystemClock_Config
    main.o(i.main) refers to gpio.o(i.MX_GPIO_Init) for MX_GPIO_Init
    main.o(i.main) refers to spi.o(i.MX_SPI1_Init) for MX_SPI1_Init
    main.o(i.main) refers to usart.o(i.MX_USART1_UART_Init) for MX_USART1_UART_Init
    main.o(i.main) refers to fatfs.o(i.MX_FATFS_Init) for MX_FATFS_Init
    main.o(i.main) refers to rt_memcpy_v6.o(.text) for __aeabi_memcpy
    main.o(i.main) refers to noretval__2sprintf.o(.text) for __2sprintf
    main.o(i.main) refers to strlen.o(.text) for strlen
    main.o(i.main) refers to stm32h7xx_hal_uart.o(i.HAL_UART_Transmit) for HAL_UART_Transmit
    main.o(i.main) refers to rt_memclr.o(.text) for __aeabi_memclr
    main.o(i.main) refers to bsp_flash.o(i.program_flag_is_enable) for program_flag_is_enable
    main.o(i.main) refers to bsp_flash.o(i.set_program_flag) for set_program_flag
    main.o(i.main) refers to stm32h7xx_hal.o(i.HAL_Delay) for HAL_Delay
[...]
    ..\Drivers\STM32H7xx_HAL_Driver\Src\stm32h7xx_hal_flash_ex.c 0x00000000   Number         0  stm32h7xx_hal_flash_ex.o ABSOLUTE
    ..\Drivers\STM32H7xx_HAL_Driver\Src\stm32h7xx_hal_gpio.c 0x00000000   Number         0  stm32h7xx_hal_gpio.o ABSOLUTE
    ..\Drivers\STM32H7xx_HAL_Driver\Src\stm32h7xx_hal_hsem.c 0x00000000   Number         0  stm32h7xx_hal_hsem.o ABSOLUTE
    ..\Drivers\STM32H7xx_HAL_Driver\Src\stm32h7xx_hal_i2c.c 0x00000000   Number         0  stm32h7xx_hal_i2c.o ABSOLUTE
    ..\Drivers\STM32H7xx_HAL_Driver\Src\stm32h7xx_hal_i2c_ex.c 0x00000000   Number         0  stm32h7xx_hal_i2c_ex.o ABSOLUTE
    ..\Drivers\STM32H7xx_HAL_Driver\Src\stm32h7xx_hal_mdma.c 0x00000000   Number         0  stm32h7xx_hal_mdma.o ABSOLUTE
    ..\Drivers\STM32H7xx_HAL_Driver\Src\stm32h7xx_hal_pwr.c 0x00000000   Number         0  stm32h7xx_hal_pwr.o ABSOLUTE
    ..\Drivers\STM32H7xx_HAL_Driver\Src\stm32h7xx_hal_pwr_ex.c 0x00000000   Number         0  stm32h7xx_hal_pwr_ex.o ABSOLUTE
    ..\Drivers\STM32H7xx_HAL_Driver\Src\stm32h7xx_hal_rcc.c 0x00000000   Number         0  stm32h7xx_hal_rcc.o ABSOLUTE
    ..\Drivers\STM32H7xx_HAL_Driver\Src\stm32h7xx_hal_rcc_ex.c 0x00000000   Number         0  stm32h7xx_hal_rcc_ex.o ABSOLUTE
    ..\Drivers\STM32H7xx_HAL_Driver\Src\stm32h7xx_hal_spi.c 0x00000000   Number         0  stm32h7xx_hal_spi.o ABSOLUTE
    ..\Drivers\STM32H7xx_HAL_Driver\Src\stm32h7xx_hal_spi_ex.c 0x00000000   Number         0  stm32h7xx_hal_spi_ex.o ABSOLUTE
    ..\Drivers\STM32H7xx_HAL_Driver\Src\stm32h7xx_hal_tim.c 0x00000000   Number         0  stm32h7xx_hal_tim.o ABSOLUTE
    ..\Drivers\STM32H7xx_HAL_Driver\Src\stm32h7xx_hal_tim_ex.c 0x00000000   Number         0  stm32h7xx_hal_tim_ex.o ABSOLUTE
    ..\Drivers\STM32H7xx_HAL_Driver\Src\stm32h7xx_hal_uart.c 0x00000000   Number         0  stm32h7xx_hal_uart.o ABSOLUTE
    ..\Drivers\STM32H7xx_HAL_Driver\Src\stm32h7xx_hal_uart_ex.c 0x00000000   Number         0  stm32h7xx_hal_uart_ex.o ABSOLUTE
    ..\FATFS\App\fatfs.c                     0x00000000   Number         0  fatfs.o ABSOLUTE
    ..\FATFS\Target\user_diskio.c            0x00000000   Number         0  user_diskio.o ABSOLUTE
    ..\Middlewares\Third_Party\FatFs\src\diskio.c 0x00000000   Number         0  diskio.o ABSOLUTE
    ..\Middlewares\Third_Party\FatFs\src\ff.c 0x00000000   Number         0  ff.o ABSOLUTE
    ..\Middlewares\Third_Party\FatFs\src\ff_gen_drv.c 0x00000000   Number         0  ff_gen_drv.o ABSOLUTE
    ..\Middlewares\Third_Party\FatFs\src\option\syscall.c 0x00000000   Number         0  syscall.o ABSOLUTE
    ..\User\Boot\Src\boot.c                  0x00000000   Number         0  boot.o ABSOLUTE
    ..\User\Driver\Src\bsp_flash.c           0x00000000   Number         0  bsp_flash.o ABSOLUTE
    ..\User\Driver\Src\w25qxx_driver.c       0x00000000   Number         0  w25qxx_driver.o ABSOLUTE
    ..\User\Service\Src\ring_buffer.c        0x00000000   Number         0  ring_buffer.o ABSOLUTE
    ..\\User\\Boot\\Src\\boot.c              0x00000000   Number         0  boot.o ABSOLUTE
    ..\\User\\Driver\\Src\\bsp_flash.c       0x00000000   Number         0  bsp_flash.o ABSOLUTE
    ..\\User\\Driver\\Src\\w25qxx_driver.c   0x00000000   Number         0  w25qxx_driver.o ABSOLUTE
    dc.s                                     0x00000000   Number         0  dc.o ABSOLUTE
    startup_stm32h750xx.s                    0x00000000   Number         0  startup_stm32h750xx.o ABSOLUTE
    RESET                                    0x08000000   Section      664  startup_stm32h750xx.o(RESET)
    !!!main                                  0x08000298   Section        8  __main.o(!!!main)
    !!!scatter                               0x080002a0   Section       52  __scatter.o(!!!scatter)
    !!handler_copy                           0x080002d4   Section       26  __scatter_copy.o(!!handler_copy)
    !!handler_zi                             0x080002f0   Section       28  __scatter_zi.o(!!handler_zi)
    .ARM.Collect$$_printf_percent$$00000000  0x0800030c   Section        0  _printf_percent.o(.ARM.Collect$$_printf_percent$$00000000)
    .ARM.Collect$$_printf_percent$$00000009  0x0800030c   Section        6  _printf_d.o(.ARM.Collect$$_printf_percent$$00000009)
    .ARM.Collect$$_printf_percent$$0000000C  0x08000312   Section        6  _printf_x.o(.ARM.Collect$$_printf_percent$$0000000C)
    .ARM.Collect$$_printf_percent$$00000014  0x08000318   Section        6  _printf_s.o(.ARM.Collect$$_printf_percent$$00000014)
    .ARM.Collect$$_printf_percent$$00000017  0x0800031e   Section        4  _printf_percent_end.o(.ARM.Collect$$_printf_percent$$00000017)
    .ARM.Collect$$libinit$$00000000          0x08000322   Section        2  libinit.o(.ARM.Collect$$libinit$$00000000)
    .ARM.Collect$$libinit$$00000001          0x08000324   Section        4  libinit2.o(.ARM.Collect$$libinit$$00000001)
    .ARM.Collect$$libinit$$00000004          0x08000328   Section        0  libinit2.o(.ARM.Collect$$libinit$$00000004)
    .ARM.Collect$$libinit$$0000000A          0x08000328   Section        0  libinit2.o(.ARM.Collect$$libinit$$0000000A)
    .ARM.Collect$$libinit$$0000000C          0x08000328   Section        0  libinit2.o(.ARM.Collect$$libinit$$0000000C)
    .ARM.Collect$$libinit$$0000000E          0x08000328   Section        0  libinit2.o(.ARM.Collect$$libinit$$0000000E)
    .ARM.Collect$$libinit$$00000011          0x08000328   Section        0  libinit2.o(.ARM.Collect$$libinit$$00000011)
    .ARM.Collect$$libinit$$00000013          0x08000328   Section        0  libinit2.o(.ARM.Collect$$libinit$$00000013)
    .ARM.Collect$$libinit$$00000015          0x08000328   Section        0  libinit2.o(.ARM.Collect$$libinit$$00000015)
    .ARM.Collect$$libinit$$00000017          0x08000328   Section        0  libinit2.o(.ARM.Collect$$libinit$$00000017)
    .ARM.Collect$$libinit$$00000019          0x08000328   Section        0  libinit2.o(.ARM.Collect$$libinit$$00000019)
    .ARM.Collect$$libinit$$0000001B          0x08000328   Section        0  libinit2.o(.ARM.Collect$$libinit$$0000001B)
    .ARM.Collect$$libinit$$0000001D          0x08000328   Section        0  libinit2.o(.ARM.Collect$$libinit$$0000001D)
    .ARM.Collect$$libinit$$0000001F          0x08000328   Section        0  libinit2.o(.ARM.Collect$$libinit$$0000001F)
    .ARM.Collect$$libinit$$00000021          0x08000328   Section        0  libinit2.o(.ARM.Collect$$libinit$$00000021)
    .ARM.Collect$$libinit$$00000023          0x08000328   Section        0  libinit2.o(.ARM.Collect$$libinit$$00000023)
    .ARM.Collect$$libinit$$00000025          0x08000328   Section        0  libinit2.o(.ARM.Collect$$libinit$$00000025)
    .ARM.Collect$$libinit$$0000002C          0x08000328   Section        0  libinit2.o(.ARM.Collect$$libinit$$0000002C)
    .ARM.Collect$$libinit$$0000002E          0x08000328   Section        0  libinit2.o(.ARM.Collect$$libinit$$0000002E)
    .ARM.Collect$$libinit$$00000030          0x08000328   Section        0  libinit2.o(.ARM.Collect$$libinit$$00000030)
    .ARM.Collect$$libinit$$00000032          0x08000328   Section        0  libinit2.o(.ARM.Collect$$libinit$$00000032)
    .ARM.Collect$$libinit$$00000033          0x08000328   Section        2  libinit2.o(.ARM.Collect$$libinit$$00000033)
    .ARM.Collect$$libshutdown$$00000000      0x0800032a   Section        2  libshutdown.o(.ARM.Collect$$libshutdown$$00000000)
    .ARM.Collect$$libshutdown$$00000002      0x0800032c   Section        0  libshutdown2.o(.ARM.Collect$$libshutdown$$00000002)
    .ARM.Collect$$libshutdown$$00000004      0x0800032c   Section        0  libshutdown2.o(.ARM.Collect$$libshutdown$$00000004)
    .ARM.Collect$$libshutdown$$00000006      0x0800032c   Section        0  libshutdown2.o(.ARM.Collect$$libshutdown$$00000006)
    .ARM.Collect$$libshutdown$$00000009      0x0800032c   Section        0  libshutdown2.o(.ARM.Collect$$libshutdown$$00000009)
    .ARM.Collect$$libshutdown$$0000000C      0x0800032c   Section        0  libshutdown2.o(.ARM.Collect$$libshutdown$$0000000C)
    .ARM.Collect$$libshutdown$$0000000E      0x0800032c   Section        0  libshutdown2.o(.ARM.Collect$$libshutdown$$0000000E)
    .ARM.Collect$$libshutdown$$00000011      0x0800032c   Section        0  libshutdown2.o(.ARM.Collect$$libshutdown$$00000011)
    .ARM.Collect$$libshutdown$$00000012      0x0800032c   Section        2  libshutdown2.o(.ARM.Collect$$libshutdown$$00000012)
    .ARM.Collect$$rtentry$$00000000          0x0800032e   Section        0  __rtentry.o(.ARM.Collect$$rtentry$$00000000)
    .ARM.Collect$$rtentry$$00000002          0x0800032e   Section        0  __rtentry2.o(.ARM.Collect$$rtentry$$00000002)
    .ARM.Collect$$rtentry$$00000004          0x0800032e   Section        6  __rtentry4.o(.ARM.Collect$$rtentry$$00000004)
    .ARM.Collect$$rtentry$$00000009          0x08000334   Section        0  __rtentry2.o(.ARM.Collect$$rtentry$$00000009)
    .ARM.Collect$$rtentry$$0000000A          0x08000334   Section        4  __rtentry2.o(.ARM.Collect$$rtentry$$0000000A)
    .ARM.Collect$$rtentry$$0000000C          0x08000338   Section        0  __rtentry2.o(.ARM.Collect$$rtentry$$0000000C)
    .ARM.Collect$$rtentry$$0000000D          0x08000338   Section        8  __rtentry2.o(.ARM.Collect$$rtentry$$0000000D)
    .ARM.Collect$$rtexit$$00000000           0x08000340   Section        2  rtexit.o(.ARM.Collect$$rtexit$$00000000)
    .ARM.Collect$$rtexit$$00000002           0x08000342   Section        0  rtexit2.o(.ARM.Collect$$rtexit$$00000002)
    .ARM.Collect$$rtexit$$00000003           0x08000342   Section        4  rtexit2.o(.ARM.Collect$$rtexit$$00000003)
    .ARM.Collect$$rtexit$$00000004           0x08000346   Section        6  rtexit2.o(.ARM.Collect$$rtexit$$00000004)
    .text                                    0x0800034c   Section       64  startup_stm32h750xx.o(.text)
    $v0                                      0x0800034c   Number         0  startup_stm32h750xx.o(.text)
    .text                                    0x0800038c   Section      238  lludivv7m.o(.text)
    .text                                    0x0800047c   Section        0  noretval__2sprintf.o(.text)
    .text                                    0x080004a4   Section        0  __printf.o(.text)
    .text                                    0x0800050c   Section        0  _printf_str.o(.text)
    .text                                    0x08000560   Section        0  _printf_dec.o(.text)
    .text                                    0x080005d8   Section        0  _printf_hex_int.o(.text)
    .text                                    0x08000630   Section        0  strlen.o(.text)
    .text                                    0x0800066e   Section      138  rt_memcpy_v6.o(.text)
    .text                                    0x080006f8   Section      100  rt_memcpy_w.o(.text)
    .text                                    0x0800075c   Section       68  rt_memclr.o(.text)
    .text                                    0x080007a0   Section       78  rt_memclr_w.o(.text)
    .text                                    0x080007ee   Section        0  heapauxi.o(.text)
    .text                                    0x080007f4   Section        0  _printf_intcommon.o(.text)
    .text                                    0x080008a8   Section        0  _printf_char_common.o(.text)
    _printf_input_char                       0x080008a9   Thumb Code    10  _printf_char_common.o(.text)
    .text                                    0x080008d8   Section        0  _sputc.o(.text)
    .text                                    0x080008e2   Section        0  _printf_char.o(.text)
    .text                                    0x0800090e   Section       74  sys_stackheap_outer.o(.text)
    .text                                    0x08000958   Section        0  exit.o(.text)
    .text                                    0x0800096c   Section        8  libspace.o(.text)
    .text                                    0x08000974   Section        0  sys_exit.o(.text)
    .text                                    0x08000980   Section        2  use_no_semi.o(.text)
    .text                                    0x08000982   Section        0  indicate_semi.o(.text)
    i.BusFault_Handler                       0x08000982   Section        0  stm32h7xx_it.o(i.BusFault_Handler)
    i.DebugMon_Handler                       0x08000984   Section        0  stm32h7xx_it.o(i.DebugMon_Handler)
    i.Error_Handler                          0x08000986   Section        0  main.o(i.Error_Handler)
    i.FATFS_LinkDriver                       0x0800098a   Section        0  ff_gen_drv.o(i.FATFS_LinkDriver)
    i.FATFS_LinkDriverEx                     0x08000990   Section        0  ff_gen_drv.o(i.FATFS_LinkDriverEx)
    i.FLASH_Erase_Sector                     0x080009d0   Section        0  stm32h7xx_hal_flash_ex.o(i.FLASH_Erase_Sector)
    i.FLASH_MassErase                        0x080009f4   Section        0  stm32h7xx_hal_flash_ex.o(i.FLASH_MassErase)
    FLASH_MassErase                          0x080009f5   Thumb Code    30  stm32h7xx_hal_flash_ex.o(i.FLASH_MassErase)
    i.FLASH_WaitForLastOperation             0x08000a18   Section        0  stm32h7xx_hal_flash.o(i.FLASH_WaitForLastOperation)
    i.Goto_APP1                              0x08000a90   Section        0  main.o(i.Goto_APP1)
    i.Goto_APP2                              0x08000ac0   Section        0  main.o(i.Goto_APP2)
    i.HAL_Delay                              0x08000af0   Section        0  stm32h7xx_hal.o(i.HAL_Delay)
    i.HAL_FLASHEx_Erase                      0x08000b14   Section        0  stm32h7xx_hal_flash_ex.o(i.HAL_FLASHEx_Erase)
    i.HAL_FLASH_Lock                         0x08000bdc   Section        0  stm32h7xx_hal_flash.o(i.HAL_FLASH_Lock)
    i.HAL_FLASH_Program                      0x08000bf8   Section        0  stm32h7xx_hal_flash.o(i.HAL_FLASH_Program)
    i.HAL_FLASH_Unlock                       0x08000c88   Section        0  stm32h7xx_hal_flash.o(i.HAL_FLASH_Unlock)
    i.HAL_GPIO_DeInit                        0x08000cb4   Section        0  stm32h7xx_hal_gpio.o(i.HAL_GPIO_DeInit)
    i.HAL_GPIO_Init                          0x08000e28   Section        0  stm32h7xx_hal_gpio.o(i.HAL_GPIO_Init)
    i.HAL_GPIO_TogglePin                     0x08001004   Section        0  stm32h7xx_hal_gpio.o(i.HAL_GPIO_TogglePin)
    i.HAL_GPIO_WritePin                      0x08001014   Section        0  stm32h7xx_hal_gpio.o(i.HAL_GPIO_WritePin)
    i.HAL_GetREVID                           0x08001020   Section        0  stm32h7xx_hal.o(i.HAL_GetREVID)
    i.HAL_GetTick                            0x0800102c   Section        0  stm32h7xx_hal.o(i.HAL_GetTick)
    i.HAL_IncTick                            0x08001038   Section        0  stm32h7xx_hal.o(i.HAL_IncTick)
    i.HAL_Init                               0x08001048   Section        0  stm32h7xx_hal.o(i.HAL_Init)
    i.HAL_InitTick                           0x080010a4   Section        0  stm32h7xx_hal.o(i.HAL_InitTick)
    i.HAL_MspInit                            0x080010e4   Section        0  stm32h7xx_hal_msp.o(i.HAL_MspInit)
    i.HAL_NVIC_SetPriority                   0x08001100   Section        0  stm32h7xx_hal_cortex.o(i.HAL_NVIC_SetPriority)
    i.HAL_NVIC_SetPriorityGrouping           0x08001140   Section        0  stm32h7xx_hal_cortex.o(i.HAL_NVIC_SetPriorityGrouping)
    i.HAL_PWREx_ConfigSupply                 0x08001164   Section        0  stm32h7xx_hal_pwr_ex.o(i.HAL_PWREx_ConfigSupply)
    i.HAL_RCCEx_GetD3PCLK1Freq               0x080011b4   Section        0  stm32h7xx_hal_rcc_ex.o(i.HAL_RCCEx_GetD3PCLK1Freq)
    i.HAL_RCCEx_GetPLL2ClockFreq             0x080011d8   Section        0  stm32h7xx_hal_rcc_ex.o(i.HAL_RCCEx_GetPLL2ClockFreq)
    i.HAL_RCCEx_GetPLL3ClockFreq             0x08001314   Section        0  stm32h7xx_hal_rcc_ex.o(i.HAL_RCCEx_GetPLL3ClockFreq)
    i.HAL_RCCEx_PeriphCLKConfig              0x08001450   Section        0  stm32h7xx_hal_rcc_ex.o(i.HAL_RCCEx_PeriphCLKConfig)
    i.HAL_RCC_ClockConfig                    0x08001df8   Section        0  stm32h7xx_hal_rcc.o(i.HAL_RCC_ClockConfig)
    i.HAL_RCC_GetHCLKFreq                    0x08002068   Section        0  stm32h7xx_hal_rcc.o(i.HAL_RCC_GetHCLKFreq)
    i.HAL_RCC_GetPCLK1Freq                   0x080020ac   Section        0  stm32h7xx_hal_rcc.o(i.HAL_RCC_GetPCLK1Freq)
    i.HAL_RCC_GetPCLK2Freq                   0x080020d0   Section        0  stm32h7xx_hal_rcc.o(i.HAL_RCC_GetPCLK2Freq)
    i.HAL_RCC_GetSysClockFreq                0x080020f4   Section        0  stm32h7xx_hal_rcc.o(i.HAL_RCC_GetSysClockFreq)
    i.HAL_RCC_OscConfig                      0x08002224   Section        0  stm32h7xx_hal_rcc.o(i.HAL_RCC_OscConfig)
    i.HAL_SPI_DeInit                         0x08002792   Section        0  stm32h7xx_hal_spi.o(i.HAL_SPI_DeInit)
    i.HAL_SPI_Init                           0x080027c4   Section        0  stm32h7xx_hal_spi.o(i.HAL_SPI_Init)
    i.HAL_SPI_MspDeInit                      0x08002934   Section        0  spi.o(i.HAL_SPI_MspDeInit)
    i.HAL_SPI_MspInit                        0x08002970   Section        0  spi.o(i.HAL_SPI_MspInit)
    i.HAL_SYSTICK_Config                     0x08002a18   Section        0  stm32h7xx_hal_cortex.o(i.HAL_SYSTICK_Config)
    i.HAL_UARTEx_DisableFifoMode             0x08002a40   Section        0  stm32h7xx_hal_uart_ex.o(i.HAL_UARTEx_DisableFifoMode)
    i.HAL_UARTEx_SetRxFifoThreshold          0x08002a7e   Section        0  stm32h7xx_hal_uart_ex.o(i.HAL_UARTEx_SetRxFifoThreshold)
    i.HAL_UARTEx_SetTxFifoThreshold          0x08002aca   Section        0  stm32h7xx_hal_uart_ex.o(i.HAL_UARTEx_SetTxFifoThreshold)
    i.HAL_UART_DeInit                        0x08002b16   Section        0  stm32h7xx_hal_uart.o(i.HAL_UART_DeInit)
    i.HAL_UART_Init                          0x08002b5c   Section        0  stm32h7xx_hal_uart.o(i.HAL_UART_Init)
    i.HAL_UART_MspDeInit                     0x08002bc8   Section        0  usart.o(i.HAL_UART_MspDeInit)
    i.HAL_UART_MspInit                       0x08002bf4   Section        0  usart.o(i.HAL_UART_MspInit)
    i.HAL_UART_Transmit                      0x08002c94   Section        0  stm32h7xx_hal_uart.o(i.HAL_UART_Transmit)
    i.HardFault_Handler                      0x08002d42   Section        0  stm32h7xx_it.o(i.HardFault_Handler)
    i.MX_FATFS_Init                          0x08002d44   Section        0  fatfs.o(i.MX_FATFS_Init)
    i.MX_GPIO_Init                           0x08002d60   Section        0  gpio.o(i.MX_GPIO_Init)
    i.MX_SPI1_Init                           0x08002e10   Section        0  spi.o(i.MX_SPI1_Init)
    i.MX_USART1_UART_Init                    0x08002e6c   Section        0  usart.o(i.MX_USART1_UART_Init)
    i.MemManage_Handler                      0x08002ed4   Section        0  stm32h7xx_it.o(i.MemManage_Handler)
    i.NMI_Handler                            0x08002ed6   Section        0  stm32h7xx_it.o(i.NMI_Handler)
    i.PendSV_Handler                         0x08002ed8   Section        0  stm32h7xx_it.o(i.PendSV_Handler)
    i.RCCEx_PLL2_Config                      0x08002edc   Section        0  stm32h7xx_hal_rcc_ex.o(i.RCCEx_PLL2_Config)
    RCCEx_PLL2_Config                        0x08002edd   Thumb Code   270  stm32h7xx_hal_rcc_ex.o(i.RCCEx_PLL2_Config)
    i.RCCEx_PLL3_Config                      0x08002ff0   Section        0  stm32h7xx_hal_rcc_ex.o(i.RCCEx_PLL3_Config)
    RCCEx_PLL3_Config                        0x08002ff1   Thumb Code   270  stm32h7xx_hal_rcc_ex.o(i.RCCEx_PLL3_Config)
    i.SVC_Handler                            0x08003104   Section        0  stm32h7xx_it.o(i.SVC_Handler)
    i.SysTick_Handler                        0x08003106   Section        0  stm32h7xx_it.o(i.SysTick_Handler)
    i.SystemClock_Config                     0x0800310c   Section        0  main.o(i.SystemClock_Config)
    i.SystemInit                             0x080031b4   Section        0  system_stm32h7xx.o(i.SystemInit)
    i.UARTEx_SetNbDataToProcess              0x08003290   Section        0  stm32h7xx_hal_uart_ex.o(i.UARTEx_SetNbDataToProcess)
    UARTEx_SetNbDataToProcess                0x08003291   Thumb Code    62  stm32h7xx_hal_uart_ex.o(i.UARTEx_SetNbDataToProcess)
    i.UART_AdvFeatureConfig                  0x080032d4   Section        0  stm32h7xx_hal_uart.o(i.UART_AdvFeatureConfig)
    i.UART_CheckIdleState                    0x0800339c   Section        0  stm32h7xx_hal_uart.o(i.UART_CheckIdleState)
    i.UART_EndRxTransfer                     0x08003448   Section        0  stm32h7xx_hal_uart.o(i.UART_EndRxTransfer)
    UART_EndRxTransfer                       0x08003449   Thumb Code    78  stm32h7xx_hal_uart.o(i.UART_EndRxTransfer)
    i.UART_SetConfig                         0x0800349c   Section        0  stm32h7xx_hal_uart.o(i.UART_SetConfig)
    i.UART_WaitOnFlagUntilTimeout            0x08003838   Section        0  stm32h7xx_hal_uart.o(i.UART_WaitOnFlagUntilTimeout)
    i.USER_initialize                        0x080038c4   Section        0  user_diskio.o(i.USER_initialize)
    i.USER_ioctl                             0x080038d4   Section        0  user_diskio.o(i.USER_ioctl)
    i.USER_read                              0x080038d8   Section        0  user_diskio.o(i.USER_read)
    i.USER_status                            0x080038dc   Section        0  user_diskio.o(i.USER_status)
    i.USER_write                             0x080038ec   Section        0  user_diskio.o(i.USER_write)
    i.UsageFault_Handler                     0x080038f0   Section        0  stm32h7xx_it.o(i.UsageFault_Handler)
    i.__NVIC_SetPriority                     0x080038f2   Section        0  stm32h7xx_hal_cortex.o(i.__NVIC_SetPriority)
    __NVIC_SetPriority                       0x080038f3   Thumb Code    32  stm32h7xx_hal_cortex.o(i.__NVIC_SetPriority)
    i.boot_to                                0x08003914   Section        0  boot.o(i.boot_to)
    i.main                                   0x08003938   Section        0  main.o(i.main)
    i.program_flag_is_enable                 0x08003be8   Section        0  bsp_flash.o(i.program_flag_is_enable)
    i.set_program_flag                       0x08003c00   Section        0  bsp_flash.o(i.set_program_flag)
    x$fpl$fpinit                             0x08003dd4   Section       10  fpinit.o(x$fpl$fpinit)
    $v0                                      0x08003dd4   Number         0  fpinit.o(x$fpl$fpinit)
    .constdata                               0x08003dde   Section       24  stm32h7xx_hal_uart.o(.constdata)
    .constdata                               0x08003df6   Section       16  stm32h7xx_hal_uart_ex.o(.constdata)
    numerator                                0x08003df6   Data           8  stm32h7xx_hal_uart_ex.o(.constdata)
    denominator                              0x08003dfe   Data           8  stm32h7xx_hal_uart_ex.o(.constdata)
    .constdata                               0x08003e06   Section       16  system_stm32h7xx.o(.constdata)
    .constdata                               0x08003e16   Section       40  _printf_hex_int.o(.constdata)
    uc_hextab                                0x08003e16   Data          20  _printf_hex_int.o(.constdata)
    lc_hextab                                0x08003e2a   Data          20  _printf_hex_int.o(.constdata)
    .data                                    0x24000000   Section        4  main.o(.data)
    .data                                    0x24000004   Section       12  stm32h7xx_hal.o(.data)
    .data                                    0x24000010   Section        8  system_stm32h7xx.o(.data)
    .data                                    0x24000018   Section       16  boot.o(.data)
    .data                                    0x24000028   Section        1  user_diskio.o(.data)
    Stat                                     0x24000028   Data           1  user_diskio.o(.data)
    .data                                    0x2400002c   Section       20  user_diskio.o(.data)
    .data                                    0x24000040   Section        5  fatfs.o(.data)
    .bss                                     0x24000048   Section      212  main.o(.bss)
    buffer                                   0x2400009c   Data         128  main.o(.bss)
    .bss                                     0x2400011c   Section      136  spi.o(.bss)
    .bss                                     0x240001a4   Section      148  usart.o(.bss)
    .bss                                     0x24000238   Section       28  stm32h7xx_hal_flash.o(.bss)
    .bss                                     0x24000258   Section      660  bsp_flash.o(.bss)
    erase_buffer                             0x24000258   Data         512  bsp_flash.o(.bss)
    eraseInit                                0x240004d8   Data          20  bsp_flash.o(.bss)
    .bss                                     0x240004ec   Section       12  ff_gen_drv.o(.bss)
    .bss                                     0x240004f8   Section       96  libspace.o(.bss)
    HEAP                                     0x24000558   Section      512  startup_stm32h750xx.o(HEAP)
    Heap_Mem                                 0x24000558   Data         512  startup_stm32h750xx.o(HEAP)
    STACK                                    0x24000758   Section     1024  startup_stm32h750xx.o(STACK)
    Stack_Mem                                0x24000758   Data        1024  startup_stm32h750xx.o(STACK)
    __initial_sp                             0x24000b58   Data           0  startup_stm32h750xx.o(STACK)

    Global Symbols

    Symbol Name                              Value     Ov Type        Size  Object(Section)

    BuildAttributes$$THM_ISAv4$E$P$D$K$B$S$7EM$VFPv5_D16$PE$PLD8$A:L22UL41UL21$X:L11$S22US41US21$IEEE1$IW$USESV6$~STKCKD$USESV7$~SHL$OSPACE$ROPI$EBA8$UX$STANDARDLIB$REQ8$PRES8$EABIv2 0x00000000   Number         0  anon$$obj.o ABSOLUTE
    __ARM_use_no_argv                        0x00000000   Number         0  main.o ABSOLUTE
    __ARM_exceptions_init                     - Undefined Weak Reference
    __alloca_initialize                       - Undefined Weak Reference
    __arm_fini_                               - Undefined Weak Reference
    __arm_preinit_                            - Undefined Weak Reference
    __cpp_initialize__aeabi_                  - Undefined Weak Reference
    __cxa_finalize                            - Undefined Weak Reference
    __rt_locale                               - Undefined Weak Reference
    __sigvec_lookup                           - Undefined Weak Reference
    _atexit_init                              - Undefined Weak Reference
    _call_atexit_fns                          - Undefined Weak Reference
    _clock_init                               - Undefined Weak Reference
    _fp_trap_init                             - Undefined Weak Reference
    _fp_trap_shutdown                         - Undefined Weak Reference
    _get_lc_collate                           - Undefined Weak Reference
    _get_lc_ctype                             - Undefined Weak Reference
    _get_lc_monetary                          - Undefined Weak Reference
    _get_lc_numeric                           - Undefined Weak Reference
    _get_lc_time                              - Undefined Weak Reference
    _getenv_init                              - Undefined Weak Reference
    _handle_redirection                       - Undefined Weak Reference
    _init_alloc                               - Undefined Weak Reference
    _init_user_alloc                          - Undefined Weak Reference
    _initio                                   - Undefined Weak Reference
    _printf_mbtowc                            - Undefined Weak Reference
    _printf_post_padding                      - Undefined Weak Reference
    _printf_pre_padding                       - Undefined Weak Reference
    _printf_truncate_signed                   - Undefined Weak Reference
    _printf_truncate_unsigned                 - Undefined Weak Reference
    _rand_init                                - Undefined Weak Reference
    _signal_finish                            - Undefined Weak Reference
    _signal_init                              - Undefined Weak Reference
    _terminate_alloc                          - Undefined Weak Reference
    _terminate_user_alloc                     - Undefined Weak Reference
    _terminateio                              - Undefined Weak Reference
    __Vectors_Size                           0x00000298   Number         0  startup_stm32h750xx.o ABSOLUTE
    __Vectors                                0x08000000   Data           4  startup_stm32h750xx.o(RESET)
    __Vectors_End                            0x08000298   Data           0  startup_stm32h750xx.o(RESET)
    __main                                   0x08000299   Thumb Code     8  __main.o(!!!main)
    __scatterload                            0x080002a1   Thumb Code     0  __scatter.o(!!!scatter)
    __scatterload_rt2                        0x080002a1   Thumb Code    44  __scatter.o(!!!scatter)
    __scatterload_rt2_thumb_only             0x080002a1   Thumb Code     0  __scatter.o(!!!scatter)
    __scatterload_null                       0x080002af   Thumb Code     0  __scatter.o(!!!scatter)
    __scatterload_copy                       0x080002d5   Thumb Code    26  __scatter_copy.o(!!handler_copy)
    __scatterload_zeroinit                   0x080002f1   Thumb Code    28  __scatter_zi.o(!!handler_zi)
    _printf_d                                0x0800030d   Thumb Code     0  _printf_d.o(.ARM.Collect$$_printf_percent$$00000009)
    _printf_percent                          0x0800030d   Thumb Code     0  _printf_percent.o(.ARM.Collect$$_printf_percent$$00000000)
    _printf_x                                0x08000313   Thumb Code     0  _printf_x.o(.ARM.Collect$$_printf_percent$$0000000C)
    _printf_s                                0x08000319   Thumb Code     0  _printf_s.o(.ARM.Collect$$_printf_percent$$00000014)
    _printf_percent_end                      0x0800031f   Thumb Code     0  _printf_percent_end.o(.ARM.Collect$$_printf_percent$$00000017)
    __rt_lib_init                            0x08000323   Thumb Code     0  libinit.o(.ARM.Collect$$libinit$$00000000)
    __rt_lib_init_fp_1                       0x08000325   Thumb Code     0  libinit2.o(.ARM.Collect$$libinit$$00000001)
    __rt_lib_init_alloca_1                   0x08000329   Thumb Code     0  libinit2.o(.ARM.Collect$$libinit$$0000002E)
    __rt_lib_init_argv_1                     0x08000329   Thumb Code     0  libinit2.o(.ARM.Collect$$libinit$$0000002C)
    __rt_lib_init_atexit_1                   0x08000329   Thumb Code     0  libinit2.o(.ARM.Collect$$libinit$$0000001B)
    __rt_lib_init_clock_1                    0x08000329   Thumb Code     0  libinit2.o(.ARM.Collect$$libinit$$00000021)
    __rt_lib_init_cpp_1                      0x08000329   Thumb Code     0  libinit2.o(.ARM.Collect$$libinit$$00000032)
    __rt_lib_init_exceptions_1               0x08000329   Thumb Code     0  libinit2.o(.ARM.Collect$$libinit$$00000030)
    __rt_lib_init_fp_trap_1                  0x08000329   Thumb Code     0  libinit2.o(.ARM.Collect$$libinit$$0000001F)
    __rt_lib_init_getenv_1                   0x08000329   Thumb Code     0  libinit2.o(.ARM.Collect$$libinit$$00000023)
    __rt_lib_init_heap_1                     0x08000329   Thumb Code     0  libinit2.o(.ARM.Collect$$libinit$$0000000A)
    __rt_lib_init_lc_collate_1               0x08000329   Thumb Code     0  libinit2.o(.ARM.Collect$$libinit$$00000011)
    __rt_lib_init_lc_ctype_1                 0x08000329   Thumb Code     0  libinit2.o(.ARM.Collect$$libinit$$00000013)
    __rt_lib_init_lc_monetary_1              0x08000329   Thumb Code     0  libinit2.o(.ARM.Collect$$libinit$$00000015)
    __rt_lib_init_lc_numeric_1               0x08000329   Thumb Code     0  libinit2.o(.ARM.Collect$$libinit$$00000017)
    __rt_lib_init_lc_time_1                  0x08000329   Thumb Code     0  libinit2.o(.ARM.Collect$$libinit$$00000019)
    __rt_lib_init_preinit_1                  0x08000329   Thumb Code     0  libinit2.o(.ARM.Collect$$libinit$$00000004)
    __rt_lib_init_rand_1                     0x08000329   Thumb Code     0  libinit2.o(.ARM.Collect$$libinit$$0000000E)
    __rt_lib_init_return                     0x08000329   Thumb Code     0  libinit2.o(.ARM.Collect$$libinit$$00000033)
    __rt_lib_init_signal_1                   0x08000329   Thumb Code     0  libinit2.o(.ARM.Collect$$libinit$$0000001D)
    __rt_lib_init_stdio_1                    0x08000329   Thumb Code     0  libinit2.o(.ARM.Collect$$libinit$$00000025)
    __rt_lib_init_user_alloc_1               0x08000329   Thumb Code     0  libinit2.o(.ARM.Collect$$libinit$$0000000C)
    __rt_lib_shutdown                        0x0800032b   Thumb Code     0  libshutdown.o(.ARM.Collect$$libshutdown$$00000000)
    __rt_lib_shutdown_cpp_1                  0x0800032d   Thumb Code     0  libshutdown2.o(.ARM.Collect$$libshutdown$$00000004)
    __rt_lib_shutdown_fini_1                 0x0800032d   Thumb Code     0  libshutdown2.o(.ARM.Collect$$libshutdown$$00000002)
    __rt_lib_shutdown_fp_trap_1              0x0800032d   Thumb Code     0  libshutdown2.o(.ARM.Collect$$libshutdown$$00000009)
    __rt_lib_shutdown_heap_1                 0x0800032d   Thumb Code     0  libshutdown2.o(.ARM.Collect$$libshutdown$$00000011)
    __rt_lib_shutdown_return                 0x0800032d   Thumb Code     0  libshutdown2.o(.ARM.Collect$$libshutdown$$00000012)
    __rt_lib_shutdown_signal_1               0x0800032d   Thumb Code     0  libshutdown2.o(.ARM.Collect$$libshutdown$$0000000C)
    __rt_lib_shutdown_stdio_1                0x0800032d   Thumb Code     0  libshutdown2.o(.ARM.Collect$$libshutdown$$00000006)
    __rt_lib_shutdown_user_alloc_1           0x0800032d   Thumb Code     0  libshutdown2.o(.ARM.Collect$$libshutdown$$0000000E)
    __rt_entry                               0x0800032f   Thumb Code     0  __rtentry.o(.ARM.Collect$$rtentry$$00000000)
    __rt_entry_presh_1                       0x0800032f   Thumb Code     0  __rtentry2.o(.ARM.Collect$$rtentry$$00000002)
    __rt_entry_sh                            0x0800032f   Thumb Code     0  __rtentry4.o(.ARM.Collect$$rtentry$$00000004)
    __rt_entry_li                            0x08000335   Thumb Code     0  __rtentry2.o(.ARM.Collect$$rtentry$$0000000A)
    __rt_entry_postsh_1                      0x08000335   Thumb Code     0  __rtentry2.o(.ARM.Collect$$rtentry$$00000009)
    __rt_entry_main                          0x08000339   Thumb Code     0  __rtentry2.o(.ARM.Collect$$rtentry$$0000000D)
    __rt_entry_postli_1                      0x08000339   Thumb Code     0  __rtentry2.o(.ARM.Collect$$rtentry$$0000000C)
    __rt_exit                                0x08000341   Thumb Code     0  rtexit.o(.ARM.Collect$$rtexit$$00000000)
    __rt_exit_ls                             0x08000343   Thumb Code     0  rtexit2.o(.ARM.Collect$$rtexit$$00000003)
    __rt_exit_prels_1                        0x08000343   Thumb Code     0  rtexit2.o(.ARM.Collect$$rtexit$$00000002)
    __rt_exit_exit                           0x08000347   Thumb Code     0  rtexit2.o(.ARM.Collect$$rtexit$$00000004)
    Reset_Handler                            0x0800034d   Thumb Code     8  startup_stm32h750xx.o(.text)
    ADC3_IRQHandler                          0x08000367   Thumb Code     0  startup_stm32h750xx.o(.text)
    ADC_IRQHandler                           0x08000367   Thumb Code     0  startup_stm32h750xx.o(.text)
    BDMA_Channel0_IRQHandler                 0x08000367   Thumb Code     0  startup_stm32h750xx.o(.text)
    BDMA_Channel1_IRQHandler                 0x08000367   Thumb Code     0  startup_stm32h750xx.o(.text)
    BDMA_Channel2_IRQHandler                 0x08000367   Thumb Code     0  startup_stm32h750xx.o(.text)
    BDMA_Channel3_IRQHandler                 0x08000367   Thumb Code     0  startup_stm32h750xx.o(.text)
    BDMA_Channel4_IRQHandler                 0x08000367   Thumb Code     0  startup_stm32h750xx.o(.text)
    BDMA_Channel5_IRQHandler                 0x08000367   Thumb Code     0  startup_stm32h750xx.o(.text)
    BDMA_Channel6_IRQHandler                 0x08000367   Thumb Code     0  startup_stm32h750xx.o(.text)
    BDMA_Channel7_IRQHandler                 0x08000367   Thumb Code     0  startup_stm32h750xx.o(.text)
    CEC_IRQHandler                           0x08000367   Thumb Code     0  startup_stm32h750xx.o(.text)
    COMP1_IRQHandler                         0x08000367   Thumb Code     0  startup_stm32h750xx.o(.text)
    CRS_IRQHandler                           0x08000367   Thumb Code     0  startup_stm32h750xx.o(.text)
    CRYP_IRQHandler                          0x08000367   Thumb Code     0  startup_stm32h750xx.o(.text)
    DCMI_IRQHandler                          0x08000367   Thumb Code     0  startup_stm32h750xx.o(.text)
    DFSDM1_FLT0_IRQHandler                   0x08000367   Thumb Code     0  startup_stm32h750xx.o(.text)
    DFSDM1_FLT1_IRQHandler                   0x08000367   Thumb Code     0  startup_stm32h750xx.o(.text)
    DFSDM1_FLT2_IRQHandler                   0x08000367   Thumb Code     0  startup_stm32h750xx.o(.text)
    DFSDM1_FLT3_IRQHandler                   0x08000367   Thumb Code     0  startup_stm32h750xx.o(.text)
    DMA1_Stream0_IRQHandler                  0x08000367   Thumb Code     0  startup_stm32h750xx.o(.text)
    DMA1_Stream1_IRQHandler                  0x08000367   Thumb Code     0  startup_stm32h750xx.o(.text)
    DMA1_Stream2_IRQHandler                  0x08000367   Thumb Code     0  startup_stm32h750xx.o(.text)
    DMA1_Stream3_IRQHandler                  0x08000367   Thumb Code     0  startup_stm32h750xx.o(.text)
    DMA1_Stream4_IRQHandler                  0x08000367   Thumb Code     0  startup_stm32h750xx.o(.text)
    DMA1_Stream5_IRQHandler                  0x08000367   Thumb Code     0  startup_stm32h750xx.o(.text)
    DMA1_Stream6_IRQHandler                  0x08000367   Thumb Code     0  startup_stm32h750xx.o(.text)
    DMA1_Stream7_IRQHandler                  0x08000367   Thumb Code     0  startup_stm32h750xx.o(.text)
    DMA2D_IRQHandler                         0x08000367   Thumb Code     0  startup_stm32h750xx.o(.text)
    DMA2_Stream0_IRQHandler                  0x08000367   Thumb Code     0  startup_stm32h750xx.o(.text)
    DMA2_Stream1_IRQHandler                  0x08000367   Thumb Code     0  startup_stm32h750xx.o(.text)
    DMA2_Stream2_IRQHandler                  0x08000367   Thumb Code     0  startup_stm32h750xx.o(.text)
    DMA2_Stream3_IRQHandler                  0x08000367   Thumb Code     0  startup_stm32h750xx.o(.text)
    DMA2_Stream4_IRQHandler                  0x08000367   Thumb Code     0  startup_stm32h750xx.o(.text)
    DMA2_Stream5_IRQHandler                  0x08000367   Thumb Code     0  startup_stm32h750xx.o(.text)
    DMA2_Stream6_IRQHandler                  0x08000367   Thumb Code     0  startup_stm32h750xx.o(.text)
    DMA2_Stream7_IRQHandler                  0x08000367   Thumb Code     0  startup_stm32h750xx.o(.text)
    DMAMUX1_OVR_IRQHandler                   0x08000367   Thumb Code     0  startup_stm32h750xx.o(.text)
    DMAMUX2_OVR_IRQHandler                   0x08000367   Thumb Code     0  startup_stm32h750xx.o(.text)
    ECC_IRQHandler                           0x08000367   Thumb Code     0  startup_stm32h750xx.o(.text)
    ETH_IRQHandler                           0x08000367   Thumb Code     0  startup_stm32h750xx.o(.text)
    ETH_WKUP_IRQHandler                      0x08000367   Thumb Code     0  startup_stm32h750xx.o(.text)
    EXTI0_IRQHandler                         0x08000367   Thumb Code     0  startup_stm32h750xx.o(.text)
    EXTI15_10_IRQHandler                     0x08000367   Thumb Code     0  startup_stm32h750xx.o(.text)
    EXTI1_IRQHandler                         0x08000367   Thumb Code     0  startup_stm32h750xx.o(.text)
    EXTI2_IRQHandler                         0x08000367   Thumb Code     0  startup_stm32h750xx.o(.text)
    EXTI3_IRQHandler                         0x08000367   Thumb Code     0  startup_stm32h750xx.o(.text)
    EXTI4_IRQHandler                         0x08000367   Thumb Code     0  startup_stm32h750xx.o(.text)
    EXTI9_5_IRQHandler                       0x08000367   Thumb Code     0  startup_stm32h750xx.o(.text)
    FDCAN1_IT0_IRQHandler                    0x08000367   Thumb Code     0  startup_stm32h750xx.o(.text)
    FDCAN1_IT1_IRQHandler                    0x08000367   Thumb Code     0  startup_stm32h750xx.o(.text)
    FDCAN2_IT0_IRQHandler                    0x08000367   Thumb Code     0  startup_stm32h750xx.o(.text)
    FDCAN2_IT1_IRQHandler                    0x08000367   Thumb Code     0  startup_stm32h750xx.o(.text)
    FDCAN_CAL_IRQHandler                     0x08000367   Thumb Code     0  startup_stm32h750xx.o(.text)
    FLASH_IRQHandler                         0x08000367   Thumb Code     0  startup_stm32h750xx.o(.text)
    FMC_IRQHandler                           0x08000367   Thumb Code     0  startup_stm32h750xx.o(.text)
    FPU_IRQHandler                           0x08000367   Thumb Code     0  startup_stm32h750xx.o(.text)
    HASH_RNG_IRQHandler                      0x08000367   Thumb Code     0  startup_stm32h750xx.o(.text)
    HRTIM1_FLT_IRQHandler                    0x08000367   Thumb Code     0  startup_stm32h750xx.o(.text)
    HRTIM1_Master_IRQHandler                 0x08000367   Thumb Code     0  startup_stm32h750xx.o(.text)
    HRTIM1_TIMA_IRQHandler                   0x08000367   Thumb Code     0  startup_stm32h750xx.o(.text)
    HRTIM1_TIMB_IRQHandler                   0x08000367   Thumb Code     0  startup_stm32h750xx.o(.text)
    HRTIM1_TIMC_IRQHandler                   0x08000367   Thumb Code     0  startup_stm32h750xx.o(.text)
    HRTIM1_TIMD_IRQHandler                   0x08000367   Thumb Code     0  startup_stm32h750xx.o(.text)
    HRTIM1_TIME_IRQHandler                   0x08000367   Thumb Code     0  startup_stm32h750xx.o(.text)
    HSEM1_IRQHandler                         0x08000367   Thumb Code     0  startup_stm32h750xx.o(.text)
    I2C1_ER_IRQHandler                       0x08000367   Thumb Code     0  startup_stm32h750xx.o(.text)
    I2C1_EV_IRQHandler                       0x08000367   Thumb Code     0  startup_stm32h750xx.o(.text)
    I2C2_ER_IRQHandler                       0x08000367   Thumb Code     0  startup_stm32h750xx.o(.text)
    I2C2_EV_IRQHandler                       0x08000367   Thumb Code     0  startup_stm32h750xx.o(.text)
    I2C3_ER_IRQHandler                       0x08000367   Thumb Code     0  startup_stm32h750xx.o(.text)
    I2C3_EV_IRQHandler                       0x08000367   Thumb Code     0  startup_stm32h750xx.o(.text)
    I2C4_ER_IRQHandler                       0x08000367   Thumb Code     0  startup_stm32h750xx.o(.text)
    I2C4_EV_IRQHandler                       0x08000367   Thumb Code     0  startup_stm32h750xx.o(.text)
    JPEG_IRQHandler                          0x08000367   Thumb Code     0  startup_stm32h750xx.o(.text)
    LPTIM1_IRQHandler                        0x08000367   Thumb Code     0  startup_stm32h750xx.o(.text)
    LPTIM2_IRQHandler                        0x08000367   Thumb Code     0  startup_stm32h750xx.o(.text)
    LPTIM3_IRQHandler                        0x08000367   Thumb Code     0  startup_stm32h750xx.o(.text)
    LPTIM4_IRQHandler                        0x08000367   Thumb Code     0  startup_stm32h750xx.o(.text)
    LPTIM5_IRQHandler                        0x08000367   Thumb Code     0  startup_stm32h750xx.o(.text)
    LPUART1_IRQHandler                       0x08000367   Thumb Code     0  startup_stm32h750xx.o(.text)
    LTDC_ER_IRQHandler                       0x08000367   Thumb Code     0  startup_stm32h750xx.o(.text)
    LTDC_IRQHandler                          0x08000367   Thumb Code     0  startup_stm32h750xx.o(.text)
    MDIOS_IRQHandler                         0x08000367   Thumb Code     0  startup_stm32h750xx.o(.text)
    MDIOS_WKUP_IRQHandler                    0x08000367   Thumb Code     0  startup_stm32h750xx.o(.text)
    MDMA_IRQHandler                          0x08000367   Thumb Code     0  startup_stm32h750xx.o(.text)
    OTG_FS_EP1_IN_IRQHandler                 0x08000367   Thumb Code     0  startup_stm32h750xx.o(.text)
    OTG_FS_EP1_OUT_IRQHandler                0x08000367   Thumb Code     0  startup_stm32h750xx.o(.text)
    OTG_FS_IRQHandler                        0x08000367   Thumb Code     0  startup_stm32h750xx.o(.text)
    OTG_FS_WKUP_IRQHandler                   0x08000367   Thumb Code     0  startup_stm32h750xx.o(.text)
    OTG_HS_EP1_IN_IRQHandler                 0x08000367   Thumb Code     0  startup_stm32h750xx.o(.text)
    OTG_HS_EP1_OUT_IRQHandler                0x08000367   Thumb Code     0  startup_stm32h750xx.o(.text)
    OTG_HS_IRQHandler                        0x08000367   Thumb Code     0  startup_stm32h750xx.o(.text)
    OTG_HS_WKUP_IRQHandler                   0x08000367   Thumb Code     0  startup_stm32h750xx.o(.text)
    PVD_AVD_IRQHandler                       0x08000367   Thumb Code     0  startup_stm32h750xx.o(.text)
    QUADSPI_IRQHandler                       0x08000367   Thumb Code     0  startup_stm32h750xx.o(.text)
    RCC_IRQHandler                           0x08000367   Thumb Code     0  startup_stm32h750xx.o(.text)
    RTC_Alarm_IRQHandler                     0x08000367   Thumb Code     0  startup_stm32h750xx.o(.text)
    RTC_WKUP_IRQHandler                      0x08000367   Thumb Code     0  startup_stm32h750xx.o(.text)
    SAI1_IRQHandler                          0x08000367   Thumb Code     0  startup_stm32h750xx.o(.text)
    SAI2_IRQHandler                          0x08000367   Thumb Code     0  startup_stm32h750xx.o(.text)
    SAI3_IRQHandler                          0x08000367   Thumb Code     0  startup_stm32h750xx.o(.text)
    SAI4_IRQHandler                          0x08000367   Thumb Code     0  startup_stm32h750xx.o(.text)
    SDMMC1_IRQHandler                        0x08000367   Thumb Code     0  startup_stm32h750xx.o(.text)
    SDMMC2_IRQHandler                        0x08000367   Thumb Code     0  startup_stm32h750xx.o(.text)
    SPDIF_RX_IRQHandler                      0x08000367   Thumb Code     0  startup_stm32h750xx.o(.text)
    SPI1_IRQHandler                          0x08000367   Thumb Code     0  startup_stm32h750xx.o(.text)
    SPI2_IRQHandler                          0x08000367   Thumb Code     0  startup_stm32h750xx.o(.text)
    SPI3_IRQHandler                          0x08000367   Thumb Code     0  startup_stm32h750xx.o(.text)
    SPI4_IRQHandler                          0x08000367   Thumb Code     0  startup_stm32h750xx.o(.text)
    SPI5_IRQHandler                          0x08000367   Thumb Code     0  startup_stm32h750xx.o(.text)
    SPI6_IRQHandler                          0x08000367   Thumb Code     0  startup_stm32h750xx.o(.text)
    SWPMI1_IRQHandler                        0x08000367   Thumb Code     0  startup_stm32h750xx.o(.text)
    TAMP_STAMP_IRQHandler                    0x08000367   Thumb Code     0  startup_stm32h750xx.o(.text)
    TIM15_IRQHandler                         0x08000367   Thumb Code     0  startup_stm32h750xx.o(.text)
    TIM16_IRQHandler                         0x08000367   Thumb Code     0  startup_stm32h750xx.o(.text)
    TIM17_IRQHandler                         0x08000367   Thumb Code     0  startup_stm32h750xx.o(.text)
    TIM1_BRK_IRQHandler                      0x08000367   Thumb Code     0  startup_stm32h750xx.o(.text)
    TIM1_CC_IRQHandler                       0x08000367   Thumb Code     0  startup_stm32h750xx.o(.text)
    TIM1_TRG_COM_IRQHandler                  0x08000367   Thumb Code     0  startup_stm32h750xx.o(.text)
    TIM1_UP_IRQHandler                       0x08000367   Thumb Code     0  startup_stm32h750xx.o(.text)
    TIM2_IRQHandler                          0x08000367   Thumb Code     0  startup_stm32h750xx.o(.text)
    TIM3_IRQHandler                          0x08000367   Thumb Code     0  startup_stm32h750xx.o(.text)
    TIM4_IRQHandler                          0x08000367   Thumb Code     0  startup_stm32h750xx.o(.text)
    TIM5_IRQHandler                          0x08000367   Thumb Code     0  startup_stm32h750xx.o(.text)
    TIM6_DAC_IRQHandler                      0x08000367   Thumb Code     0  startup_stm32h750xx.o(.text)
    TIM7_IRQHandler                          0x08000367   Thumb Code     0  startup_stm32h750xx.o(.text)
    TIM8_BRK_TIM12_IRQHandler                0x08000367   Thumb Code     0  startup_stm32h750xx.o(.text)
    TIM8_CC_IRQHandler                       0x08000367   Thumb Code     0  startup_stm32h750xx.o(.text)
    TIM8_TRG_COM_TIM14_IRQHandler            0x08000367   Thumb Code     0  startup_stm32h750xx.o(.text)
    TIM8_UP_TIM13_IRQHandler                 0x08000367   Thumb Code     0  startup_stm32h750xx.o(.text)
    UART4_IRQHandler                         0x08000367   Thumb Code     0  startup_stm32h750xx.o(.text)
    UART5_IRQHandler                         0x08000367   Thumb Code     0  startup_stm32h750xx.o(.text)
    UART7_IRQHandler                         0x08000367   Thumb Code     0  startup_stm32h750xx.o(.text)
    UART8_IRQHandler                         0x08000367   Thumb Code     0  startup_stm32h750xx.o(.text)
    USART1_IRQHandler                        0x08000367   Thumb Code     0  startup_stm32h750xx.o(.text)
    USART2_IRQHandler                        0x08000367   Thumb Code     0  startup_stm32h750xx.o(.text)
    USART3_IRQHandler                        0x08000367   Thumb Code     0  startup_stm32h750xx.o(.text)
    USART6_IRQHandler                        0x08000367   Thumb Code     0  startup_stm32h750xx.o(.text)
    WAKEUP_PIN_IRQHandler                    0x08000367   Thumb Code     0  startup_stm32h750xx.o(.text)
    WWDG_IRQHandler                          0x08000367   Thumb Code     0  startup_stm32h750xx.o(.text)
    __user_initial_stackheap                 0x08000369   Thumb Code     0  startup_stm32h750xx.o(.text)
    __aeabi_uldivmod                         0x0800038d   Thumb Code     0  lludivv7m.o(.text)
    _ll_udiv                                 0x0800038d   Thumb Code   238  lludivv7m.o(.text)
    __2sprintf                               0x0800047d   Thumb Code    34  noretval__2sprintf.o(.text)
    __printf                                 0x080004a5   Thumb Code   104  __printf.o(.text)
    _printf_str                              0x0800050d   Thumb Code    82  _printf_str.o(.text)
    _printf_int_dec                          0x08000561   Thumb Code   104  _printf_dec.o(.text)
    _printf_int_hex                          0x080005d9   Thumb Code    84  _printf_hex_int.o(.text)
    _printf_longlong_hex                     0x080005d9   Thumb Code     0  _printf_hex_int.o(.text)
    strlen                                   0x08000631   Thumb Code    62  strlen.o(.text)
    __aeabi_memcpy                           0x0800066f   Thumb Code     0  rt_memcpy_v6.o(.text)
    __rt_memcpy                              0x0800066f   Thumb Code   138  rt_memcpy_v6.o(.text)
    _memcpy_lastbytes                        0x080006d5   Thumb Code     0  rt_memcpy_v6.o(.text)
    __aeabi_memcpy4                          0x080006f9   Thumb Code     0  rt_memcpy_w.o(.text)
    __aeabi_memcpy8                          0x080006f9   Thumb Code     0  rt_memcpy_w.o(.text)
    __rt_memcpy_w                            0x080006f9   Thumb Code   100  rt_memcpy_w.o(.text)
    _memcpy_lastbytes_aligned                0x08000741   Thumb Code     0  rt_memcpy_w.o(.text)
    __aeabi_memclr                           0x0800075d   Thumb Code     0  rt_memclr.o(.text)
    __rt_memclr                              0x0800075d   Thumb Code    68  rt_memclr.o(.text)
    _memset                                  0x08000761   Thumb Code     0  rt_memclr.o(.text)
    __aeabi_memclr4                          0x080007a1   Thumb Code     0  rt_memclr_w.o(.text)
    __aeabi_memclr8                          0x080007a1   Thumb Code     0  rt_memclr_w.o(.text)
    __rt_memclr_w                            0x080007a1   Thumb Code    78  rt_memclr_w.o(.text)
    _memset_w                                0x080007a5   Thumb Code     0  rt_memclr_w.o(.text)
    __use_two_region_memory                  0x080007ef   Thumb Code     2  heapauxi.o(.text)
    __rt_heap_escrow$2region                 0x080007f1   Thumb Code     2  heapauxi.o(.text)
    __rt_heap_expand$2region                 0x080007f3   Thumb Code     2  heapauxi.o(.text)
    _printf_int_common                       0x080007f5   Thumb Code   178  _printf_intcommon.o(.text)
    _printf_char_common                      0x080008b3   Thumb Code    32  _printf_char_common.o(.text)
    _sputc                                   0x080008d9   Thumb Code    10  _sputc.o(.text)
    _printf_cs_common                        0x080008e3   Thumb Code    20  _printf_char.o(.text)
    _printf_char                             0x080008f7   Thumb Code    16  _printf_char.o(.text)
    _printf_string                           0x08000907   Thumb Code     8  _printf_char.o(.text)
    __user_setup_stackheap                   0x0800090f   Thumb Code    74  sys_stackheap_outer.o(.text)
    exit                                     0x08000959   Thumb Code    18  exit.o(.text)
    __user_libspace                          0x0800096d   Thumb Code     8  libspace.o(.text)
    __user_perproc_libspace                  0x0800096d   Thumb Code     0  libspace.o(.text)
    __user_perthread_libspace                0x0800096d   Thumb Code     0  libspace.o(.text)
    _sys_exit                                0x08000975   Thumb Code     8  sys_exit.o(.text)
    __I$use$semihosting                      0x08000981   Thumb Code     0  use_no_semi.o(.text)
    __use_no_semihosting_swi                 0x08000981   Thumb Code     2  use_no_semi.o(.text)
    BusFault_Handler                         0x08000983   Thumb Code     2  stm32h7xx_it.o(i.BusFault_Handler)
    __semihosting_library_function           0x08000983   Thumb Code     0  indicate_semi.o(.text)
    DebugMon_Handler                         0x08000985   Thumb Code     2  stm32h7xx_it.o(i.DebugMon_Handler)
    Error_Handler                            0x08000987   Thumb Code     4  main.o(i.Error_Handler)
    FATFS_LinkDriver                         0x0800098b   Thumb Code     6  ff_gen_drv.o(i.FATFS_LinkDriver)
    FATFS_LinkDriverEx                       0x08000991   Thumb Code    58  ff_gen_drv.o(i.FATFS_LinkDriverEx)
    FLASH_Erase_Sector                       0x080009d1   Thumb Code    30  stm32h7xx_hal_flash_ex.o(i.FLASH_Erase_Sector)
    FLASH_WaitForLastOperation               0x08000a19   Thumb Code   108  stm32h7xx_hal_flash.o(i.FLASH_WaitForLastOperation)
    Goto_APP1                                0x08000a91   Thumb Code    32  main.o(i.Goto_APP1)
    Goto_APP2                                0x08000ac1   Thumb Code    32  main.o(i.Goto_APP2)
    HAL_Delay                                0x08000af1   Thumb Code    32  stm32h7xx_hal.o(i.HAL_Delay)
    HAL_FLASHEx_Erase                        0x08000b15   Thumb Code   190  stm32h7xx_hal_flash_ex.o(i.HAL_FLASHEx_Erase)
    HAL_FLASH_Lock                           0x08000bdd   Thumb Code    24  stm32h7xx_hal_flash.o(i.HAL_FLASH_Lock)
    HAL_FLASH_Program                        0x08000bf9   Thumb Code   134  stm32h7xx_hal_flash.o(i.HAL_FLASH_Program)
    HAL_FLASH_Unlock                         0x08000c89   Thumb Code    30  stm32h7xx_hal_flash.o(i.HAL_FLASH_Unlock)
    HAL_GPIO_DeInit                          0x08000cb5   Thumb Code   326  stm32h7xx_hal_gpio.o(i.HAL_GPIO_DeInit)
    HAL_GPIO_Init                            0x08000e29   Thumb Code   426  stm32h7xx_hal_gpio.o(i.HAL_GPIO_Init)
    HAL_GPIO_TogglePin                       0x08001005   Thumb Code    16  stm32h7xx_hal_gpio.o(i.HAL_GPIO_TogglePin)
    HAL_GPIO_WritePin                        0x08001015   Thumb Code    10  stm32h7xx_hal_gpio.o(i.HAL_GPIO_WritePin)
    HAL_GetREVID                             0x08001021   Thumb Code     8  stm32h7xx_hal.o(i.HAL_GetREVID)
    HAL_GetTick                              0x0800102d   Thumb Code     6  stm32h7xx_hal.o(i.HAL_GetTick)
    HAL_IncTick                              0x08001039   Thumb Code    12  stm32h7xx_hal.o(i.HAL_IncTick)
    HAL_Init                                 0x08001049   Thumb Code    74  stm32h7xx_hal.o(i.HAL_Init)
    HAL_InitTick                             0x080010a5   Thumb Code    56  stm32h7xx_hal.o(i.HAL_InitTick)
    HAL_MspInit                              0x080010e5   Thumb Code    22  stm32h7xx_hal_msp.o(i.HAL_MspInit)
    HAL_NVIC_SetPriority                     0x08001101   Thumb Code    60  stm32h7xx_hal_cortex.o(i.HAL_NVIC_SetPriority)
    HAL_NVIC_SetPriorityGrouping             0x08001141   Thumb Code    26  stm32h7xx_hal_cortex.o(i.HAL_NVIC_SetPriorityGrouping)
    HAL_PWREx_ConfigSupply                   0x08001165   Thumb Code    76  stm32h7xx_hal_pwr_ex.o(i.HAL_PWREx_ConfigSupply)
    HAL_RCCEx_GetD3PCLK1Freq                 0x080011b5   Thumb Code    26  stm32h7xx_hal_rcc_ex.o(i.HAL_RCCEx_GetD3PCLK1Freq)
    HAL_RCCEx_GetPLL2ClockFreq               0x080011d9   Thumb Code   290  stm32h7xx_hal_rcc_ex.o(i.HAL_RCCEx_GetPLL2ClockFreq)
    HAL_RCCEx_GetPLL3ClockFreq               0x08001315   Thumb Code   290  stm32h7xx_hal_rcc_ex.o(i.HAL_RCCEx_GetPLL3ClockFreq)
    HAL_RCCEx_PeriphCLKConfig                0x08001451   Thumb Code  2468  stm32h7xx_hal_rcc_ex.o(i.HAL_RCCEx_PeriphCLKConfig)
    HAL_RCC_ClockConfig                      0x08001df9   Thumb Code   590  stm32h7xx_hal_rcc.o(i.HAL_RCC_ClockConfig)
    HAL_RCC_GetHCLKFreq                      0x08002069   Thumb Code    52  stm32h7xx_hal_rcc.o(i.HAL_RCC_GetHCLKFreq)
    HAL_RCC_GetPCLK1Freq                     0x080020ad   Thumb Code    26  stm32h7xx_hal_rcc.o(i.HAL_RCC_GetPCLK1Freq)
    HAL_RCC_GetPCLK2Freq                     0x080020d1   Thumb Code    26  stm32h7xx_hal_rcc.o(i.HAL_RCC_GetPCLK2Freq)
    HAL_RCC_GetSysClockFreq                  0x080020f5   Thumb Code   270  stm32h7xx_hal_rcc.o(i.HAL_RCC_GetSysClockFreq)
    HAL_RCC_OscConfig                        0x08002225   Thumb Code  1390  stm32h7xx_hal_rcc.o(i.HAL_RCC_OscConfig)
    HAL_SPI_DeInit                           0x08002793   Thumb Code    48  stm32h7xx_hal_spi.o(i.HAL_SPI_DeInit)
    HAL_SPI_Init                             0x080027c5   Thumb Code   356  stm32h7xx_hal_spi.o(i.HAL_SPI_Init)
    HAL_SPI_MspDeInit                        0x08002935   Thumb Code    42  spi.o(i.HAL_SPI_MspDeInit)
    HAL_SPI_MspInit                          0x08002971   Thumb Code   152  spi.o(i.HAL_SPI_MspInit)
    HAL_SYSTICK_Config                       0x08002a19   Thumb Code    40  stm32h7xx_hal_cortex.o(i.HAL_SYSTICK_Config)
    HAL_UARTEx_DisableFifoMode               0x08002a41   Thumb Code    62  stm32h7xx_hal_uart_ex.o(i.HAL_UARTEx_DisableFifoMode)
    HAL_UARTEx_SetRxFifoThreshold            0x08002a7f   Thumb Code    76  stm32h7xx_hal_uart_ex.o(i.HAL_UARTEx_SetRxFifoThreshold)
    HAL_UARTEx_SetTxFifoThreshold            0x08002acb   Thumb Code    76  stm32h7xx_hal_uart_ex.o(i.HAL_UARTEx_SetTxFifoThreshold)
    HAL_UART_DeInit                          0x08002b17   Thumb Code    70  stm32h7xx_hal_uart.o(i.HAL_UART_DeInit)
    HAL_UART_Init                            0x08002b5d   Thumb Code   106  stm32h7xx_hal_uart.o(i.HAL_UART_Init)
    HAL_UART_MspDeInit                       0x08002bc9   Thumb Code    30  usart.o(i.HAL_UART_MspDeInit)
    HAL_UART_MspInit                         0x08002bf5   Thumb Code   148  usart.o(i.HAL_UART_MspInit)
    HAL_UART_Transmit                        0x08002c95   Thumb Code   174  stm32h7xx_hal_uart.o(i.HAL_UART_Transmit)
    HardFault_Handler                        0x08002d43   Thumb Code     2  stm32h7xx_it.o(i.HardFault_Handler)
    MX_FATFS_Init                            0x08002d45   Thumb Code    18  fatfs.o(i.MX_FATFS_Init)
    MX_GPIO_Init                             0x08002d61   Thumb Code   162  gpio.o(i.MX_GPIO_Init)
    MX_SPI1_Init                             0x08002e11   Thumb Code    82  spi.o(i.MX_SPI1_Init)
    MX_USART1_UART_Init                      0x08002e6d   Thumb Code    94  usart.o(i.MX_USART1_UART_Init)
    MemManage_Handler                        0x08002ed5   Thumb Code     2  stm32h7xx_it.o(i.MemManage_Handler)
    NMI_Handler                              0x08002ed7   Thumb Code     2  stm32h7xx_it.o(i.NMI_Handler)
    PendSV_Handler                           0x08002ed9   Thumb Code     2  stm32h7xx_it.o(i.PendSV_Handler)
    SVC_Handler                              0x08003105   Thumb Code     2  stm32h7xx_it.o(i.SVC_Handler)
    SysTick_Handler                          0x08003107   Thumb Code     4  stm32h7xx_it.o(i.SysTick_Handler)
    SystemClock_Config                       0x0800310d   Thumb Code   158  main.o(i.SystemClock_Config)
    SystemInit                               0x080031b5   Thumb Code   180  system_stm32h7xx.o(i.SystemInit)
    UART_AdvFeatureConfig                    0x080032d5   Thumb Code   200  stm32h7xx_hal_uart.o(i.UART_AdvFeatureConfig)
    UART_CheckIdleState                      0x0800339d   Thumb Code   172  stm32h7xx_hal_uart.o(i.UART_CheckIdleState)
    UART_SetConfig                           0x0800349d   Thumb Code   862  stm32h7xx_hal_uart.o(i.UART_SetConfig)
    UART_WaitOnFlagUntilTimeout              0x08003839   Thumb Code   138  stm32h7xx_hal_uart.o(i.UART_WaitOnFlagUntilTimeout)
    USER_initialize                          0x080038c5   Thumb Code    10  user_diskio.o(i.USER_initialize)
    USER_ioctl                               0x080038d5   Thumb Code     4  user_diskio.o(i.USER_ioctl)
    USER_read                                0x080038d9   Thumb Code     4  user_diskio.o(i.USER_read)
    USER_status                              0x080038dd   Thumb Code    10  user_diskio.o(i.USER_status)
    USER_write                               0x080038ed   Thumb Code     4  user_diskio.o(i.USER_write)
    UsageFault_Handler                       0x080038f1   Thumb Code     2  stm32h7xx_it.o(i.UsageFault_Handler)
    boot_to                                  0x08003915   Thumb Code    32  boot.o(i.boot_to)
    main                                     0x08003939   Thumb Code   466  main.o(i.main)
    program_flag_is_enable                   0x08003be9   Thumb Code    20  bsp_flash.o(i.program_flag_is_enable)
    set_program_flag                         0x08003c01   Thumb Code   346  bsp_flash.o(i.set_program_flag)
    _fp_init                                 0x08003dd5   Thumb Code    10  fpinit.o(x$fpl$fpinit)
    __fplib_config_fpu_vfp                   0x08003ddd   Thumb Code     0  fpinit.o(x$fpl$fpinit)
    __fplib_config_pureend_doubles           0x08003ddd   Thumb Code     0  fpinit.o(x$fpl$fpinit)
    UARTPrescTable                           0x08003dde   Data          24  stm32h7xx_hal_uart.o(.constdata)
    D1CorePrescTable                         0x08003e06   Data          16  system_stm32h7xx.o(.constdata)
    Region$$Table$$Base                      0x08003e40   Number         0  anon$$obj.o(Region$$Table)
    Region$$Table$$Limit                     0x08003e60   Number         0  anon$$obj.o(Region$$Table)
    count                                    0x24000000   Data           4  main.o(.data)
    uwTickFreq                               0x24000004   Data           1  stm32h7xx_hal.o(.data)
    uwTickPrio                               0x24000008   Data           4  stm32h7xx_hal.o(.data)
    uwTick                                   0x2400000c   Data           4  stm32h7xx_hal.o(.data)
    SystemCoreClock                          0x24000010   Data           4  system_stm32h7xx.o(.data)
    SystemD2Clock                            0x24000014   Data           4  system_stm32h7xx.o(.data)
    app_func                                 0x24000018   Data           4  boot.o(.data)
    app_address                              0x2400001c   Data           4  boot.o(.data)
    jump_address                             0x24000020   Data           4  boot.o(.data)
    tmp_data                                 0x24000024   Data           4  boot.o(.data)
    USER_Driver                              0x2400002c   Data          20  user_diskio.o(.data)
    retUSER                                  0x24000040   Data           1  fatfs.o(.data)
    USERPath                                 0x24000041   Data           4  fatfs.o(.data)
    version                                  0x24000048   Data          84  main.o(.bss)
    hspi1                                    0x2400011c   Data         136  spi.o(.bss)
    huart1                                   0x240001a4   Data         148  usart.o(.bss)
    pFlash                                   0x24000238   Data          28  stm32h7xx_hal_flash.o(.bss)
    buffer                                   0x24000458   Data         128  bsp_flash.o(.bss)
    disk                                     0x240004ec   Data          12  ff_gen_drv.o(.bss)
    __libspace_start                         0x240004f8   Data          96  libspace.o(.bss)
    __temporary_stack_top$libspace           0x24000558   Data           0  libspace.o(.bss)



==============================================================================

Memory Map of the image

  Image Entry point : 0x08000299

  Load Region LR_IROM1 (Base: 0x08000000, Size: 0x00003ea8, Max: 0x00008000, ABSOLUTE)

    Execution Region ER_IROM1 (Exec base: 0x08000000, Load base: 0x08000000, Size: 0x00003e60, Max: 0x00008000, ABSOLUTE)

    Exec Addr    Load Addr    Size         Type   Attr      Idx    E Section Name        Object

    0x08000000   0x08000000   0x00000298   Data   RO            3    RESET               startup_stm32h750xx.o
    0x08000298   0x08000298   0x00000008   Code   RO         4598  * !!!main             c_w.l(__main.o)
    0x080002a0   0x080002a0   0x00000034   Code   RO         4778    !!!scatter          c_w.l(__scatter.o)
    0x080002d4   0x080002d4   0x0000001a   Code   RO         4780    !!handler_copy      c_w.l(__scatter_copy.o)
    0x080002ee   0x080002ee   0x00000002   PAD
    0x080002f0   0x080002f0   0x0000001c   Code   RO         4782    !!handler_zi        c_w.l(__scatter_zi.o)
    0x0800030c   0x0800030c   0x00000000   Code   RO         4583    .ARM.Collect$$_printf_percent$$00000000  c_w.l(_printf_percent.o)
    0x0800030c   0x0800030c   0x00000006   Code   RO         4582    .ARM.Collect$$_printf_percent$$00000009  c_w.l(_printf_d.o)
    0x08000312   0x08000312   0x00000006   Code   RO         4581    .ARM.Collect$$_printf_percent$$0000000C  c_w.l(_printf_x.o)
    0x08000318   0x08000318   0x00000006   Code   RO         4580    .ARM.Collect$$_printf_percent$$00000014  c_w.l(_printf_s.o)
    0x0800031e   0x0800031e   0x00000004   Code   RO         4613    .ARM.Collect$$_printf_percent$$00000017  c_w.l(_printf_percent_end.o)
    0x08000322   0x08000322   0x00000002   Code   RO         4646    .ARM.Collect$$libinit$$00000000  c_w.l(libinit.o)
    0x08000324   0x08000324   0x00000004   Code   RO         4658    .ARM.Collect$$libinit$$00000001  c_w.l(libinit2.o)
    0x08000328   0x08000328   0x00000000   Code   RO         4661    .ARM.Collect$$libinit$$00000004  c_w.l(libinit2.o)
    0x08000328   0x08000328   0x00000000   Code   RO         4664    .ARM.Collect$$libinit$$0000000A  c_w.l(libinit2.o)
    0x08000328   0x08000328   0x00000000   Code   RO         4666    .ARM.Collect$$libinit$$0000000C  c_w.l(libinit2.o)
    0x08000328   0x08000328   0x00000000   Code   RO         4668    .ARM.Collect$$libinit$$0000000E  c_w.l(libinit2.o)
    0x08000328   0x08000328   0x00000000   Code   RO         4671    .ARM.Collect$$libinit$$00000011  c_w.l(libinit2.o)
    0x08000328   0x08000328   0x00000000   Code   RO         4673    .ARM.Collect$$libinit$$00000013  c_w.l(libinit2.o)
    0x08000328   0x08000328   0x00000000   Code   RO         4675    .ARM.Collect$$libinit$$00000015  c_w.l(libinit2.o)
    0x08000328   0x08000328   0x00000000   Code   RO         4677    .ARM.Collect$$libinit$$00000017  c_w.l(libinit2.o)
    0x08000328   0x08000328   0x00000000   Code   RO         4679    .ARM.Collect$$libinit$$00000019  c_w.l(libinit2.o)
    0x08000328   0x08000328   0x00000000   Code   RO         4681    .ARM.Collect$$libinit$$0000001B  c_w.l(libinit2.o)
    0x08000328   0x08000328   0x00000000   Code   RO         4683    .ARM.Collect$$libinit$$0000001D  c_w.l(libinit2.o)
    0x08000328   0x08000328   0x00000000   Code   RO         4685    .ARM.Collect$$libinit$$0000001F  c_w.l(libinit2.o)
    0x08000328   0x08000328   0x00000000   Code   RO         4687    .ARM.Collect$$libinit$$00000021  c_w.l(libinit2.o)
    0x08000328   0x08000328   0x00000000   Code   RO         4689    .ARM.Collect$$libinit$$00000023  c_w.l(libinit2.o)
    0x08000328   0x08000328   0x00000000   Code   RO         4691    .ARM.Collect$$libinit$$00000025  c_w.l(libinit2.o)
    0x08000328   0x08000328   0x00000000   Code   RO         4695    .ARM.Collect$$libinit$$0000002C  c_w.l(libinit2.o)
    0x08000328   0x08000328   0x00000000   Code   RO         4697    .ARM.Collect$$libinit$$0000002E  c_w.l(libinit2.o)
    0x08000328   0x08000328   0x00000000   Code   RO         4699    .ARM.Collect$$libinit$$00000030  c_w.l(libinit2.o)
    0x08000328   0x08000328   0x00000000   Code   RO         4701    .ARM.Collect$$libinit$$00000032  c_w.l(libinit2.o)
    0x08000328   0x08000328   0x00000002   Code   RO         4702    .ARM.Collect$$libinit$$00000033  c_w.l(libinit2.o)
    0x0800032a   0x0800032a   0x00000002   Code   RO         4733    .ARM.Collect$$libshutdown$$00000000  c_w.l(libshutdown.o)
    0x0800032c   0x0800032c   0x00000000   Code   RO         4759    .ARM.Collect$$libshutdown$$00000002  c_w.l(libshutdown2.o)
    0x0800032c   0x0800032c   0x00000000   Code   RO         4761    .ARM.Collect$$libshutdown$$00000004  c_w.l(libshutdown2.o)
    0x0800032c   0x0800032c   0x00000000   Code   RO         4763    .ARM.Collect$$libshutdown$$00000006  c_w.l(libshutdown2.o)
    0x0800032c   0x0800032c   0x00000000   Code   RO         4766    .ARM.Collect$$libshutdown$$00000009  c_w.l(libshutdown2.o)
    0x0800032c   0x0800032c   0x00000000   Code   RO         4769    .ARM.Collect$$libshutdown$$0000000C  c_w.l(libshutdown2.o)
    0x0800032c   0x0800032c   0x00000000   Code   RO         4771    .ARM.Collect$$libshutdown$$0000000E  c_w.l(libshutdown2.o)
    0x0800032c   0x0800032c   0x00000000   Code   RO         4774    .ARM.Collect$$libshutdown$$00000011  c_w.l(libshutdown2.o)
    0x0800032c   0x0800032c   0x00000002   Code   RO         4775    .ARM.Collect$$libshutdown$$00000012  c_w.l(libshutdown2.o)
    0x0800032e   0x0800032e   0x00000000   Code   RO         4600    .ARM.Collect$$rtentry$$00000000  c_w.l(__rtentry.o)
    0x0800032e   0x0800032e   0x00000000   Code   RO         4615    .ARM.Collect$$rtentry$$00000002  c_w.l(__rtentry2.o)
    0x0800032e   0x0800032e   0x00000006   Code   RO         4627    .ARM.Collect$$rtentry$$00000004  c_w.l(__rtentry4.o)
    0x08000334   0x08000334   0x00000000   Code   RO         4617    .ARM.Collect$$rtentry$$00000009  c_w.l(__rtentry2.o)
    0x08000334   0x08000334   0x00000004   Code   RO         4618    .ARM.Collect$$rtentry$$0000000A  c_w.l(__rtentry2.o)
    0x08000338   0x08000338   0x00000000   Code   RO         4620    .ARM.Collect$$rtentry$$0000000C  c_w.l(__rtentry2.o)
    0x08000338   0x08000338   0x00000008   Code   RO         4621    .ARM.Collect$$rtentry$$0000000D  c_w.l(__rtentry2.o)
    0x08000340   0x08000340   0x00000002   Code   RO         4650    .ARM.Collect$$rtexit$$00000000  c_w.l(rtexit.o)
    0x08000342   0x08000342   0x00000000   Code   RO         4706    .ARM.Collect$$rtexit$$00000002  c_w.l(rtexit2.o)
    0x08000342   0x08000342   0x00000004   Code   RO         4707    .ARM.Collect$$rtexit$$00000003  c_w.l(rtexit2.o)
    0x08000346   0x08000346   0x00000006   Code   RO         4708    .ARM.Collect$$rtexit$$00000004  c_w.l(rtexit2.o)
    0x0800034c   0x0800034c   0x00000040   Code   RO            4    .text               startup_stm32h750xx.o
    0x0800038c   0x0800038c   0x000000ee   Code   RO         4527    .text               c_w.l(lludivv7m.o)
    0x0800047a   0x0800047a   0x00000002   PAD
    0x0800047c   0x0800047c   0x00000028   Code   RO         4531    .text               c_w.l(noretval__2sprintf.o)
    0x080004a4   0x080004a4   0x00000068   Code   RO         4533    .text               c_w.l(__printf.o)
    0x0800050c   0x0800050c   0x00000052   Code   RO         4535    .text               c_w.l(_printf_str.o)
    0x0800055e   0x0800055e   0x00000002   PAD
    0x08000560   0x08000560   0x00000078   Code   RO         4537    .text               c_w.l(_printf_dec.o)
    0x080005d8   0x080005d8   0x00000058   Code   RO         4542    .text               c_w.l(_printf_hex_int.o)
    0x08000630   0x08000630   0x0000003e   Code   RO         4584    .text               c_w.l(strlen.o)
    0x0800066e   0x0800066e   0x0000008a   Code   RO         4588    .text               c_w.l(rt_memcpy_v6.o)
    0x080006f8   0x080006f8   0x00000064   Code   RO         4590    .text               c_w.l(rt_memcpy_w.o)
    0x0800075c   0x0800075c   0x00000044   Code   RO         4592    .text               c_w.l(rt_memclr.o)
    0x080007a0   0x080007a0   0x0000004e   Code   RO         4594    .text               c_w.l(rt_memclr_w.o)
    0x080007ee   0x080007ee   0x00000006   Code   RO         4596    .text               c_w.l(heapauxi.o)
    0x080007f4   0x080007f4   0x000000b2   Code   RO         4605    .text               c_w.l(_printf_intcommon.o)
    0x080008a6   0x080008a6   0x00000002   PAD
    0x080008a8   0x080008a8   0x00000030   Code   RO         4607    .text               c_w.l(_printf_char_common.o)
    0x080008d8   0x080008d8   0x0000000a   Code   RO         4609    .text               c_w.l(_sputc.o)
    0x080008e2   0x080008e2   0x0000002c   Code   RO         4611    .text               c_w.l(_printf_char.o)
    0x0800090e   0x0800090e   0x0000004a   Code   RO         4633    .text               c_w.l(sys_stackheap_outer.o)
    0x08000958   0x08000958   0x00000012   Code   RO         4635    .text               c_w.l(exit.o)
    0x0800096a   0x0800096a   0x00000002   PAD
    0x0800096c   0x0800096c   0x00000008   Code   RO         4647    .text               c_w.l(libspace.o)
    0x08000974   0x08000974   0x0000000c   Code   RO         4703    .text               c_w.l(sys_exit.o)
    0x08000980   0x08000980   0x00000002   Code   RO         4722    .text               c_w.l(use_no_semi.o)
    0x08000982   0x08000982   0x00000000   Code   RO         4724    .text               c_w.l(indicate_semi.o)
    0x08000982   0x08000982   0x00000002   Code   RO          340    i.BusFault_Handler  stm32h7xx_it.o
    0x08000984   0x08000984   0x00000002   Code   RO          341    i.DebugMon_Handler  stm32h7xx_it.o
    0x08000986   0x08000986   0x00000004   Code   RO           13    i.Error_Handler     main.o
    0x0800098a   0x0800098a   0x00000006   Code   RO         4454    i.FATFS_LinkDriver  ff_gen_drv.o
    0x08000990   0x08000990   0x00000040   Code   RO         4455    i.FATFS_LinkDriverEx  ff_gen_drv.o
    0x080009d0   0x080009d0   0x00000024   Code   RO          974    i.FLASH_Erase_Sector  stm32h7xx_hal_flash_ex.o
    0x080009f4   0x080009f4   0x00000024   Code   RO          975    i.FLASH_MassErase   stm32h7xx_hal_flash_ex.o
    0x08000a18   0x08000a18   0x00000078   Code   RO          868    i.FLASH_WaitForLastOperation  stm32h7xx_hal_flash.o
    0x08000a90   0x08000a90   0x00000030   Code   RO           14    i.Goto_APP1         main.o
    0x08000ac0   0x08000ac0   0x00000030   Code   RO           15    i.Goto_APP2         main.o
    0x08000af0   0x08000af0   0x00000024   Code   RO         1914    i.HAL_Delay         stm32h7xx_hal.o
    0x08000b14   0x08000b14   0x000000c8   Code   RO          978    i.HAL_FLASHEx_Erase  stm32h7xx_hal_flash_ex.o
    0x08000bdc   0x08000bdc   0x0000001c   Code   RO          872    i.HAL_FLASH_Lock    stm32h7xx_hal_flash.o
    0x08000bf8   0x08000bf8   0x00000090   Code   RO          877    i.HAL_FLASH_Program  stm32h7xx_hal_flash.o
    0x08000c88   0x08000c88   0x0000002c   Code   RO          879    i.HAL_FLASH_Unlock  stm32h7xx_hal_flash.o
    0x08000cb4   0x08000cb4   0x00000174   Code   RO         1050    i.HAL_GPIO_DeInit   stm32h7xx_hal_gpio.o
    0x08000e28   0x08000e28   0x000001dc   Code   RO         1053    i.HAL_GPIO_Init     stm32h7xx_hal_gpio.o
    0x08001004   0x08001004   0x00000010   Code   RO         1056    i.HAL_GPIO_TogglePin  stm32h7xx_hal_gpio.o
    0x08001014   0x08001014   0x0000000a   Code   RO         1057    i.HAL_GPIO_WritePin  stm32h7xx_hal_gpio.o
    0x0800101e   0x0800101e   0x00000002   PAD
    0x08001020   0x08001020   0x0000000c   Code   RO         1925    i.HAL_GetREVID      stm32h7xx_hal.o
    0x0800102c   0x0800102c   0x0000000c   Code   RO         1926    i.HAL_GetTick       stm32h7xx_hal.o
    0x08001038   0x08001038   0x00000010   Code   RO         1932    i.HAL_IncTick       stm32h7xx_hal.o
    0x08001048   0x08001048   0x0000005c   Code   RO         1933    i.HAL_Init          stm32h7xx_hal.o
    0x080010a4   0x080010a4   0x00000040   Code   RO         1934    i.HAL_InitTick      stm32h7xx_hal.o
    0x080010e4   0x080010e4   0x0000001c   Code   RO          415    i.HAL_MspInit       stm32h7xx_hal_msp.o
    0x08001100   0x08001100   0x00000040   Code   RO          451    i.HAL_NVIC_SetPriority  stm32h7xx_hal_cortex.o
    0x08001140   0x08001140   0x00000024   Code   RO          452    i.HAL_NVIC_SetPriorityGrouping  stm32h7xx_hal_cortex.o
    0x08001164   0x08001164   0x00000050   Code   RO         1654    i.HAL_PWREx_ConfigSupply  stm32h7xx_hal_pwr_ex.o
    0x080011b4   0x080011b4   0x00000024   Code   RO          696    i.HAL_RCCEx_GetD3PCLK1Freq  stm32h7xx_hal_rcc_ex.o
    0x080011d8   0x080011d8   0x0000013c   Code   RO          698    i.HAL_RCCEx_GetPLL2ClockFreq  stm32h7xx_hal_rcc_ex.o
    0x08001314   0x08001314   0x0000013c   Code   RO          699    i.HAL_RCCEx_GetPLL3ClockFreq  stm32h7xx_hal_rcc_ex.o
    0x08001450   0x08001450   0x000009a8   Code   RO          705    i.HAL_RCCEx_PeriphCLKConfig  stm32h7xx_hal_rcc_ex.o
    0x08001df8   0x08001df8   0x00000270   Code   RO          581    i.HAL_RCC_ClockConfig  stm32h7xx_hal_rcc.o
    0x08002068   0x08002068   0x00000044   Code   RO          586    i.HAL_RCC_GetHCLKFreq  stm32h7xx_hal_rcc.o
    0x080020ac   0x080020ac   0x00000024   Code   RO          588    i.HAL_RCC_GetPCLK1Freq  stm32h7xx_hal_rcc.o
    0x080020d0   0x080020d0   0x00000024   Code   RO          589    i.HAL_RCC_GetPCLK2Freq  stm32h7xx_hal_rcc.o
    0x080020f4   0x080020f4   0x00000130   Code   RO          590    i.HAL_RCC_GetSysClockFreq  stm32h7xx_hal_rcc.o
    0x08002224   0x08002224   0x0000056e   Code   RO          593    i.HAL_RCC_OscConfig  stm32h7xx_hal_rcc.o
    0x08002792   0x08002792   0x00000030   Code   RO         2823    i.HAL_SPI_DeInit    stm32h7xx_hal_spi.o
    0x080027c2   0x080027c2   0x00000002   PAD
    0x080027c4   0x080027c4   0x00000170   Code   RO         2828    i.HAL_SPI_Init      stm32h7xx_hal_spi.o
    0x08002934   0x08002934   0x0000003c   Code   RO          256    i.HAL_SPI_MspDeInit  spi.o
    0x08002970   0x08002970   0x000000a8   Code   RO          257    i.HAL_SPI_MspInit   spi.o
    0x08002a18   0x08002a18   0x00000028   Code   RO          456    i.HAL_SYSTICK_Config  stm32h7xx_hal_cortex.o
    0x08002a40   0x08002a40   0x0000003e   Code   RO         3602    i.HAL_UARTEx_DisableFifoMode  stm32h7xx_hal_uart_ex.o
    0x08002a7e   0x08002a7e   0x0000004c   Code   RO         3611    i.HAL_UARTEx_SetRxFifoThreshold  stm32h7xx_hal_uart_ex.o
    0x08002aca   0x08002aca   0x0000004c   Code   RO         3612    i.HAL_UARTEx_SetTxFifoThreshold  stm32h7xx_hal_uart_ex.o
    0x08002b16   0x08002b16   0x00000046   Code   RO         3204    i.HAL_UART_DeInit   stm32h7xx_hal_uart.o
    0x08002b5c   0x08002b5c   0x0000006a   Code   RO         3211    i.HAL_UART_Init     stm32h7xx_hal_uart.o
    0x08002bc6   0x08002bc6   0x00000002   PAD
    0x08002bc8   0x08002bc8   0x0000002c   Code   RO          298    i.HAL_UART_MspDeInit  usart.o
    0x08002bf4   0x08002bf4   0x000000a0   Code   RO          299    i.HAL_UART_MspInit  usart.o
    0x08002c94   0x08002c94   0x000000ae   Code   RO         3220    i.HAL_UART_Transmit  stm32h7xx_hal_uart.o
    0x08002d42   0x08002d42   0x00000002   Code   RO          342    i.HardFault_Handler  stm32h7xx_it.o
    0x08002d44   0x08002d44   0x0000001c   Code   RO         4029    i.MX_FATFS_Init     fatfs.o
    0x08002d60   0x08002d60   0x000000b0   Code   RO          232    i.MX_GPIO_Init      gpio.o
    0x08002e10   0x08002e10   0x0000005c   Code   RO          258    i.MX_SPI1_Init      spi.o
    0x08002e6c   0x08002e6c   0x00000068   Code   RO          300    i.MX_USART1_UART_Init  usart.o
    0x08002ed4   0x08002ed4   0x00000002   Code   RO          343    i.MemManage_Handler  stm32h7xx_it.o
    0x08002ed6   0x08002ed6   0x00000002   Code   RO          344    i.NMI_Handler       stm32h7xx_it.o
    0x08002ed8   0x08002ed8   0x00000002   Code   RO          345    i.PendSV_Handler    stm32h7xx_it.o
    0x08002eda   0x08002eda   0x00000002   PAD
    0x08002edc   0x08002edc   0x00000114   Code   RO          708    i.RCCEx_PLL2_Config  stm32h7xx_hal_rcc_ex.o
    0x08002ff0   0x08002ff0   0x00000114   Code   RO          709    i.RCCEx_PLL3_Config  stm32h7xx_hal_rcc_ex.o
    0x08003104   0x08003104   0x00000002   Code   RO          346    i.SVC_Handler       stm32h7xx_it.o
    0x08003106   0x08003106   0x00000004   Code   RO          347    i.SysTick_Handler   stm32h7xx_it.o
    0x0800310a   0x0800310a   0x00000002   PAD
    0x0800310c   0x0800310c   0x000000a8   Code   RO           16    i.SystemClock_Config  main.o
    0x080031b4   0x080031b4   0x000000dc   Code   RO         3721    i.SystemInit        system_stm32h7xx.o
    0x08003290   0x08003290   0x00000044   Code   RO         3616    i.UARTEx_SetNbDataToProcess  stm32h7xx_hal_uart_ex.o
    0x080032d4   0x080032d4   0x000000c8   Code   RO         3225    i.UART_AdvFeatureConfig  stm32h7xx_hal_uart.o
    0x0800339c   0x0800339c   0x000000ac   Code   RO         3226    i.UART_CheckIdleState  stm32h7xx_hal_uart.o
    0x08003448   0x08003448   0x00000054   Code   RO         3237    i.UART_EndRxTransfer  stm32h7xx_hal_uart.o
    0x0800349c   0x0800349c   0x0000039c   Code   RO         3243    i.UART_SetConfig    stm32h7xx_hal_uart.o
    0x08003838   0x08003838   0x0000008a   Code   RO         3250    i.UART_WaitOnFlagUntilTimeout  stm32h7xx_hal_uart.o
    0x080038c2   0x080038c2   0x00000002   PAD
    0x080038c4   0x080038c4   0x00000010   Code   RO         3971    i.USER_initialize   user_diskio.o
    0x080038d4   0x080038d4   0x00000004   Code   RO         3972    i.USER_ioctl        user_diskio.o
    0x080038d8   0x080038d8   0x00000004   Code   RO         3973    i.USER_read         user_diskio.o
    0x080038dc   0x080038dc   0x00000010   Code   RO         3974    i.USER_status       user_diskio.o
    0x080038ec   0x080038ec   0x00000004   Code   RO         3975    i.USER_write        user_diskio.o
    0x080038f0   0x080038f0   0x00000002   Code   RO          348    i.UsageFault_Handler  stm32h7xx_it.o
    0x080038f2   0x080038f2   0x00000020   Code   RO          458    i.__NVIC_SetPriority  stm32h7xx_hal_cortex.o
    0x08003912   0x08003912   0x00000002   PAD
    0x08003914   0x08003914   0x00000024   Code   RO         3938    i.boot_to           boot.o
    0x08003938   0x08003938   0x000002b0   Code   RO           17    i.main              main.o
    0x08003be8   0x08003be8   0x00000018   Code   RO         3858    i.program_flag_is_enable  bsp_flash.o
    0x08003c00   0x08003c00   0x000001d4   Code   RO         3859    i.set_program_flag  bsp_flash.o
    0x08003dd4   0x08003dd4   0x0000000a   Code   RO         4718    x$fpl$fpinit        fz_wv.l(fpinit.o)
    0x08003dde   0x08003dde   0x00000018   Data   RO         3251    .constdata          stm32h7xx_hal_uart.o
    0x08003df6   0x08003df6   0x00000010   Data   RO         3617    .constdata          stm32h7xx_hal_uart_ex.o
    0x08003e06   0x08003e06   0x00000010   Data   RO         3722    .constdata          system_stm32h7xx.o
    0x08003e16   0x08003e16   0x00000028   Data   RO         4543    .constdata          c_w.l(_printf_hex_int.o)
    0x08003e3e   0x08003e3e   0x00000002   PAD
    0x08003e40   0x08003e40   0x00000020   Data   RO         4776    Region$$Table       anon$$obj.o


    Execution Region RW_IRAM1 (Exec base: 0x20000000, Load base: 0x08003e60, Size: 0x00000000, Max: 0x00020000, ABSOLUTE)

    **** No section assigned to this execution region ****


    Execution Region RW_IRAM2 (Exec base: 0x24000000, Load base: 0x08003e60, Size: 0x00000b58, Max: 0x00080000, ABSOLUTE)

    Exec Addr    Load Addr    Size         Type   Attr      Idx    E Section Name        Object

    0x24000000   0x08003e60   0x00000004   Data   RW           20    .data               main.o
    0x24000004   0x08003e64   0x0000000c   Data   RW         1955    .data               stm32h7xx_hal.o
    0x24000010   0x08003e70   0x00000008   Data   RW         3723    .data               system_stm32h7xx.o
    0x24000018   0x08003e78   0x00000010   Data   RW         3939    .data               boot.o
    0x24000028   0x08003e88   0x00000001   Data   RW         3976    .data               user_diskio.o
    0x24000029   0x08003e89   0x00000003   PAD
    0x2400002c   0x08003e8c   0x00000014   Data   RW         3977    .data               user_diskio.o
    0x24000040   0x08003ea0   0x00000005   Data   RW         4033    .data               fatfs.o
    0x24000045   0x08003ea5   0x00000003   PAD
    0x24000048        -       0x000000d4   Zero   RW           18    .bss                main.o
    0x2400011c        -       0x00000088   Zero   RW          259    .bss                spi.o
    0x240001a4        -       0x00000094   Zero   RW          301    .bss                usart.o
    0x24000238        -       0x0000001c   Zero   RW          880    .bss                stm32h7xx_hal_flash.o
    0x24000254   0x08003ea5   0x00000004   PAD
    0x24000258        -       0x00000294   Zero   RW         3860    .bss                bsp_flash.o
    0x240004ec        -       0x0000000c   Zero   RW         4458    .bss                ff_gen_drv.o
    0x240004f8        -       0x00000060   Zero   RW         4648    .bss                c_w.l(libspace.o)
    0x24000558        -       0x00000200   Zero   RW            2    HEAP                startup_stm32h750xx.o
    0x24000758        -       0x00000400   Zero   RW            1    STACK               startup_stm32h750xx.o



  Load Region LR_IROM2 (Base: 0x08040000, Size: 0x00000000, Max: 0x00000100, ABSOLUTE)

    Execution Region ER_IROM2 (Exec base: 0x08040000, Load base: 0x08040000, Size: 0x00000000, Max: 0x00000100, ABSOLUTE)

    **** No section assigned to this execution region ****


==============================================================================

Image component sizes


      Code (inc. data)   RO Data    RW Data    ZI Data      Debug   Object Name

        36          4          0         16          0       6707   boot.o
       492        126          0          0        660       2445   bsp_flash.o
        28         10          0          5          0       1182   fatfs.o
        70          6          0          0         12       1619   ff_gen_drv.o
       176         14          0          0          0       1119   gpio.o
       956        264          0          4        212    1276677   main.o
       320         44          0          0        136       2489   spi.o
        64         26        664          0       1536        840   startup_stm32h750xx.o
       232         44          0         12          0      23388   stm32h7xx_hal.o
       172         14          0          0          0      38802   stm32h7xx_hal_cortex.o
       336         40          0          0         28      13866   stm32h7xx_hal_flash.o
       272         22          0          0          0       4277   stm32h7xx_hal_flash_ex.o
       874         96          0          0          0       3975   stm32h7xx_hal_gpio.o
        28          6          0          0          0        930   stm32h7xx_hal_msp.o
        80          4          0          0          0        785   stm32h7xx_hal_pwr_ex.o
      2458        126          0          0          0       7324   stm32h7xx_hal_rcc.o
      3692        132          0          0          0       8041   stm32h7xx_hal_rcc_ex.o
       416         12          0          0          0       2400   stm32h7xx_hal_spi.o
      1868        110         24          0          0      27668   stm32h7xx_hal_uart.o
       282          6         16          0          0       3773   stm32h7xx_hal_uart_ex.o
        20          0          0          0          0       4130   stm32h7xx_it.o
       220         40         16          8          0       1438   system_stm32h7xx.o
       308         36          0          0        148       2455   usart.o
        44         12          0         21          0       3644   user_diskio.o

    ----------------------------------------------------------------------
     13458       1194        752         72       2736    1439974   Object Totals
         0          0         32          0          0          0   (incl. Generated)
        14          0          0          6          4          0   (incl. Padding)

    ----------------------------------------------------------------------

      Code (inc. data)   RO Data    RW Data    ZI Data      Debug   Library Member Name

         8          0          0          0          0         68   __main.o
       104          0          0          0          0         84   __printf.o
         0          0          0          0          0          0   __rtentry.o
        12          0          0          0          0          0   __rtentry2.o
         6          0          0          0          0          0   __rtentry4.o
        52          8          0          0          0          0   __scatter.o
        26          0          0          0          0          0   __scatter_copy.o
        28          0          0          0          0          0   __scatter_zi.o
        44          0          0          0          0        108   _printf_char.o
        48          6          0          0          0         96   _printf_char_common.o
         6          0          0          0          0          0   _printf_d.o
       120         16          0          0          0         92   _printf_dec.o
        88          4         40          0          0         88   _printf_hex_int.o
       178          0          0          0          0         88   _printf_intcommon.o
         0          0          0          0          0          0   _printf_percent.o
         4          0          0          0          0          0   _printf_percent_end.o
         6          0          0          0          0          0   _printf_s.o
        82          0          0          0          0         80   _printf_str.o
         6          0          0          0          0          0   _printf_x.o
        10          0          0          0          0         68   _sputc.o
        18          0          0          0          0         80   exit.o
         6          0          0          0          0        152   heapauxi.o
         0          0          0          0          0          0   indicate_semi.o
         2          0          0          0          0          0   libinit.o
         6          0          0          0          0          0   libinit2.o
         2          0          0          0          0          0   libshutdown.o
         2          0          0          0          0          0   libshutdown2.o
         8          4          0          0         96         68   libspace.o
       238          0          0          0          0        100   lludivv7m.o
        40          6          0          0          0         84   noretval__2sprintf.o
        68          0          0          0          0         68   rt_memclr.o
        78          0          0          0          0         80   rt_memclr_w.o
       138          0          0          0          0         68   rt_memcpy_v6.o
       100          0          0          0          0         80   rt_memcpy_w.o
         2          0          0          0          0          0   rtexit.o
        10          0          0          0          0          0   rtexit2.o
        62          0          0          0          0         76   strlen.o
        12          4          0          0          0         68   sys_exit.o
        74          0          0          0          0         80   sys_stackheap_outer.o
         2          0          0          0          0         68   use_no_semi.o
        10          0          0          0          0        116   fpinit.o

    ----------------------------------------------------------------------
      1716         48         42          0         96       1960   Library Totals
        10          0          2          0          0          0   (incl. Padding)

    ----------------------------------------------------------------------

      Code (inc. data)   RO Data    RW Data    ZI Data      Debug   Library Name

      1696         48         40          0         96       1844   c_w.l
        10          0          0          0          0        116   fz_wv.l

    ----------------------------------------------------------------------
      1716         48         42          0         96       1960   Library Totals

    ----------------------------------------------------------------------

==============================================================================


      Code (inc. data)   RO Data    RW Data    ZI Data      Debug   

     15174       1242        794         72       2832    1433798   Grand Totals
     15174       1242        794         72       2832    1433798   ELF Image Totals
     15174       1242        794         72          0          0   ROM Totals

==============================================================================

    Total RO  Size (Code + RO Data)                15968 (  15.59kB)
    Total RW  Size (RW Data + ZI Data)              2904 (   2.84kB)
    Total ROM Size (Code + RO Data + RW Data)      16040 (  15.66kB)

==============================================================================

