<html>
<body>
<pre>
<h1>µVision Build Log</h1>
<h2>Tool Versions:</h2>
IDE-Version: ¦ÌVision V5.32.0.0
Copyright (C) 2020 ARM Ltd and ARM Germany GmbH. All rights reserved.
License Information: 11 1, 1, LIC=4ZLZX-HWPDR-79IG1-CS576-W8ZHV-ISF1I
 
Tool Versions:
Toolchain:       MDK-ARM Professional  Version: 5.32.0.0
Toolchain Path:  D:\Keil_v5\ARM\ARMCC\Bin
C Compiler:      Armcc.exe V5.06 update 7 (build 960)
Assembler:       Armasm.exe V5.06 update 7 (build 960)
Linker/Locator:  ArmLink.exe V5.06 update 7 (build 960)
Library Manager: ArmAr.exe V5.06 update 7 (build 960)
Hex Converter:   FromElf.exe V5.06 update 7 (build 960)
CPU DLL:         SARMCM3.DLL V5.32.0.0
Dialog DLL:      DCM.DLL V1.17.3.0
Target DLL:      UL2CM3.DLL V1.163.9.0
Dialog DLL:      TCM.DLL V1.46.0.0
 
<h2>Project:</h2>
D:\USER\Desktop\ota_updater\Bootloader\MDK-ARM\APP.uvprojx
Project File Date:  02/26/2024

<h2>Output:</h2>
*** Using Compiler 'V5.06 update 7 (build 960)', folder: 'D:\Keil_v5\ARM\ARMCC\Bin'
Build target 'APP_AREA1'
Before Build - User command #1: ..\..\scripts\clean_target.exe USE_APP_AREA1 Bootloader
remove D:\USER\Desktop\ota_updater\Bootloader\MDK-ARM\Bootloader\system_stm32h7xx.o
remove D:\USER\Desktop\ota_updater\Bootloader\MDK-ARM\Bootloader\system_stm32h7xx.d
remove D:\USER\Desktop\ota_updater\Bootloader\MDK-ARM\Bootloader\system_stm32h7xx.crf
remove D:\USER\Desktop\ota_updater\Bootloader\MDK-ARM\Bootloader\version.o
remove D:\USER\Desktop\ota_updater\Bootloader\MDK-ARM\Bootloader\version.d
remove D:\USER\Desktop\ota_updater\Bootloader\MDK-ARM\Bootloader\version.crf
remove D:\USER\Desktop\ota_updater\Bootloader\MDK-ARM\Bootloader\comTask.o
remove D:\USER\Desktop\ota_updater\Bootloader\MDK-ARM\Bootloader\comTask.d
remove D:\USER\Desktop\ota_updater\Bootloader\MDK-ARM\Bootloader\comTask.crf
compiling version.c...
../Core/Inc/version.h(23): warning:  #1-D: last line of file ends without a newline
  }Firmware_Version_Typedef;
..\Core\Src\version.c(17): warning:  #1-D: last line of file ends without a newline
  #endif
..\Core\Src\version.c: 2 warnings, 0 errors
compiling bsp_flash.c...
..\User\Driver\Src\bsp_flash.c(37): warning:  #167-D: argument of type "char *" is incompatible with parameter of type "const uint8_t *"
  	HAL_UART_Transmit(&huart1, buffer, strlen(buffer), 10);
..\User\Driver\Src\bsp_flash.c(55): warning:  #167-D: argument of type "char *" is incompatible with parameter of type "const uint8_t *"
  	HAL_UART_Transmit(&huart1, buffer, strlen(buffer), 10);
..\User\Driver\Src\bsp_flash.c(72): warning:  #167-D: argument of type "char *" is incompatible with parameter of type "const uint8_t *"
  	HAL_UART_Transmit(&huart1, buffer, strlen(buffer), 10);
..\User\Driver\Src\bsp_flash.c(89): warning:  #167-D: argument of type "char *" is incompatible with parameter of type "const uint8_t *"
  	HAL_UART_Transmit(&huart1, buffer, strlen(buffer), 10);
..\User\Driver\Src\bsp_flash.c(97): warning:  #167-D: argument of type "char *" is incompatible with parameter of type "const uint8_t *"
  	HAL_UART_Transmit(&huart1, buffer, strlen(buffer), 10);
..\User\Driver\Src\bsp_flash.c(21): warning:  #177-D: variable "value"  was declared but never referenced
  	uint32_t value = PROGRAM_FLAG_ENABLE;
..\User\Driver\Src\bsp_flash.c(160): warning:  #1-D: last line of file ends without a newline
  }
..\User\Driver\Src\bsp_flash.c: 7 warnings, 0 errors
compiling system_stm32h7xx.c...
compiling comTask.c...
..\User\Task\Src\comTask.c(48): warning:  #1-D: last line of file ends without a newline
  }
..\User\Task\Src\comTask.c: 1 warning, 0 errors
compiling shellTask.c...
../User/Service/Inc/soft_i2c.h(23): warning:  #1-D: last line of file ends without a newline
  #endif
../../ota_client/include/packet/Device2Client.h(89): warning:  #1-D: last line of file ends without a newline
  #endif //OTA_DEVICE_2_CLIENT_PACKET_H
..\User\Task\Src\shellTask.c(19): warning:  #188-D: enumerated type mixed with another type
  W25Qxx flash1 = {0};
..\User\Task\Src\shellTask.c: 3 warnings, 0 errors
linking...
Program Size: Code=65940 RO-data=2620 RW-data=968 ZI-data=41424  
FromELF: creating hex file...
After Build - User command #1: fromelf  --bin  --output=Bootloader\APP_AREA1.bin  Bootloader\APP_AREA1.axf
Error: Q0147E: Failed to create Directory Bootloader\APP_AREA1.bin\ER_IROM1: File exists
Finished: 0 information, 0 warning and 1 error messages.
"Bootloader\APP_AREA1.axf" - 0 Error(s), 13 Warning(s).

<h2>Software Packages used:</h2>

Package Vendor: ARM
                http://www.keil.com/pack/ARM.CMSIS.5.9.0.pack
                ARM.CMSIS.5.9.0
                CMSIS (Common Microcontroller Software Interface Standard)
   * Component: CORE Version: 5.6.0

Package Vendor: Keil
                http://www.keil.com/pack/Keil.STM32H7xx_DFP.3.0.0.pack
                Keil.STM32H7xx_DFP.3.0.0
                STMicroelectronics STM32H7 Series Device Support and Examples

<h2>Collection of Component include folders:</h2>
  .\RTE\_APP_AREA1
  D:\Keil_v5\ARM\PACK\ARM\CMSIS\5.9.0\CMSIS\Core\Include
  D:\Keil_v5\ARM\PACK\Keil\STM32H7xx_DFP\3.0.0\Drivers\CMSIS\Device\ST\STM32H7xx\Include

<h2>Collection of Component Files used:</h2>

   * Component: ARM::CMSIS:CORE:5.6.0
      Include file:  CMSIS\Core\Include\tz_context.h
Build Time Elapsed:  00:00:13
</pre>
</body>
</html>
