<html>
<body>
<pre>
<h1>�Vision Build Log</h1>
<h2>Tool Versions:</h2>
IDE-Version: ��Vision V5.32.0.0
Copyright (C) 2020 ARM Ltd and ARM Germany GmbH. All rights reserved.
License Information: 11 1, 1, LIC=4ZLZX-HWPDR-79IG1-CS576-W8ZHV-ISF1I
 
Tool Versions:
Toolchain:       MDK-ARM Professional  Version: 5.32.0.0
Toolchain Path:  D:\Keil_v5\ARM\ARMCC\Bin
C Compiler:      Armcc.exe V5.06 update 7 (build 960)
Assembler:       Armasm.exe V5.06 update 7 (build 960)
Linker/Locator:  ArmLink.exe V5.06 update 7 (build 960)
Library Manager: ArmAr.exe V5.06 update 7 (build 960)
Hex Converter:   FromElf.exe V5.06 update 7 (build 960)
CPU DLL:         SARMCM3.DLL V5.32.0.0
Dialog DLL:      DCM.DLL V1.17.3.0
Target DLL:      UL2CM3.DLL V1.163.9.0
Dialog DLL:      TCM.DLL V1.46.0.0
 
<h2>Project:</h2>
D:\USER\Desktop\ota_updater\Bootloader\MDK-ARM\APP.uvprojx
Project File Date:  02/26/2024

<h2>Output:</h2>
*** Using Compiler 'V5.06 update 7 (build 960)', folder: 'D:\Keil_v5\ARM\ARMCC\Bin'
Build target 'APP_AREA2'
Before Build - User command #1: ..\..\scripts\clean_target.exe USE_APP_AREA2 Bootloader
remove D:\USER\Desktop\ota_updater\Bootloader\MDK-ARM\Bootloader\system_stm32h7xx.o
remove D:\USER\Desktop\ota_updater\Bootloader\MDK-ARM\Bootloader\system_stm32h7xx.d
remove D:\USER\Desktop\ota_updater\Bootloader\MDK-ARM\Bootloader\system_stm32h7xx.crf
remove D:\USER\Desktop\ota_updater\Bootloader\MDK-ARM\Bootloader\version.o
remove D:\USER\Desktop\ota_updater\Bootloader\MDK-ARM\Bootloader\version.d
remove D:\USER\Desktop\ota_updater\Bootloader\MDK-ARM\Bootloader\version.crf
remove D:\USER\Desktop\ota_updater\Bootloader\MDK-ARM\Bootloader\comTask.o
remove D:\USER\Desktop\ota_updater\Bootloader\MDK-ARM\Bootloader\comTask.d
remove D:\USER\Desktop\ota_updater\Bootloader\MDK-ARM\Bootloader\comTask.crf
compiling version.c...
../Core/Inc/version.h(23): warning:  #1-D: last line of file ends without a newline
  }Firmware_Version_Typedef;
..\Core\Src\version.c(17): warning:  #1-D: last line of file ends without a newline
  #endif
..\Core\Src\version.c: 2 warnings, 0 errors
compiling system_stm32h7xx.c...
compiling comTask.c...
..\User\Task\Src\comTask.c(48): warning:  #1-D: last line of file ends without a newline
  }
..\User\Task\Src\comTask.c: 1 warning, 0 errors
compiling w25qxx_driver.c...
..\User\Driver\Src\w25qxx_driver.c(479): warning:  #1-D: last line of file ends without a newline
  }
..\User\Driver\Src\w25qxx_driver.c: 1 warning, 0 errors
compiling user_diskio.c...
../FATFS/Target/user_diskio.c(69): warning:  #870-D: invalid multibyte character sequence
  	LOG_DEBUG("文件系统测试开�?.");
../FATFS/Target/user_diskio.c(102): warning:  #870-D: invalid multibyte character sequence
  		LOG_DEBUG("写文件成�?!");
../FATFS/Target/user_diskio.c(106): warning:  #870-D: invalid multibyte character sequence
  		LOG_DEBUG("写文件失�?!");
../FATFS/Target/user_diskio.c(108): warning:  #188-D: enumerated type mixed with another type
  	res = f_size(&file);
../FATFS/Target/user_diskio.c(130): warning:  #870-D: invalid multibyte character sequence
  		LOG_DEBUG("读文件成�?!");
../FATFS/Target/user_diskio.c(135): warning:  #870-D: invalid multibyte character sequence
  		LOG_DEBUG("读文件失�?!");
../FATFS/Target/user_diskio.c(247): warning:  #940-D: missing return statement at end of non-void function "USER_read" 
  }
../FATFS/Target/user_diskio.c(236): warning:  #177-D: variable "res"  was declared but never referenced
  	DRESULT res = RES_ERROR;
../FATFS/Target/user_diskio.c(309): warning:  #177-D: variable "res"  was declared but never referenced
      DRESULT res = RES_ERROR;
../FATFS/Target/user_diskio.c: 9 warnings, 0 errors
linking...
Program Size: Code=65940 RO-data=2536 RW-data=968 ZI-data=41424  
FromELF: creating hex file...
After Build - User command #1: fromelf  --bin  --output=Bootloader\APP_AREA2.bin  Bootloader\APP_AREA2.axf
Error: Q0108E: Could not create output file 'Bootloader\APP_AREA2.bin': Permission denied
Finished: 0 information, 0 warning and 1 error messages.
"Bootloader\APP_AREA2.axf" - 0 Error(s), 13 Warning(s).

<h2>Software Packages used:</h2>

Package Vendor: ARM
                http://www.keil.com/pack/ARM.CMSIS.5.9.0.pack
                ARM.CMSIS.5.9.0
                CMSIS (Common Microcontroller Software Interface Standard)
   * Component: CORE Version: 5.6.0

Package Vendor: Keil
                http://www.keil.com/pack/Keil.STM32H7xx_DFP.3.0.0.pack
                Keil.STM32H7xx_DFP.3.0.0
                STMicroelectronics STM32H7 Series Device Support and Examples

<h2>Collection of Component include folders:</h2>
  .\RTE\_APP_AREA2
  D:\Keil_v5\ARM\PACK\ARM\CMSIS\5.9.0\CMSIS\Core\Include
  D:\Keil_v5\ARM\PACK\Keil\STM32H7xx_DFP\3.0.0\Drivers\CMSIS\Device\ST\STM32H7xx\Include

<h2>Collection of Component Files used:</h2>

   * Component: ARM::CMSIS:CORE:5.6.0
      Include file:  CMSIS\Core\Include\tz_context.h
Build Time Elapsed:  00:00:16
</pre>
</body>
</html>
