Component: ARM Compiler 5.06 update 7 (build 960) Tool: armlink [4d3601]

==============================================================================

Section Cross References

    startup_stm32h750xx.o(STACK) refers (Special) to heapauxi.o(.text) for __use_two_region_memory
    startup_stm32h750xx.o(HEAP) refers (Special) to heapauxi.o(.text) for __use_two_region_memory
    startup_stm32h750xx.o(RESET) refers (Special) to heapauxi.o(.text) for __use_two_region_memory
    startup_stm32h750xx.o(RESET) refers to startup_stm32h750xx.o(STACK) for __initial_sp
    startup_stm32h750xx.o(RESET) refers to startup_stm32h750xx.o(.text) for Reset_Handler
    startup_stm32h750xx.o(RESET) refers to stm32h7xx_it.o(i.NMI_Handler) for NMI_Handler
    startup_stm32h750xx.o(RESET) refers to stm32h7xx_it.o(i.HardFault_Handler) for HardFault_Handler
    startup_stm32h750xx.o(RESET) refers to stm32h7xx_it.o(i.MemManage_Handler) for MemManage_Handler
    startup_stm32h750xx.o(RESET) refers to stm32h7xx_it.o(i.BusFault_Handler) for BusFault_Handler
    startup_stm32h750xx.o(RESET) refers to stm32h7xx_it.o(i.UsageFault_Handler) for UsageFault_Handler
    startup_stm32h750xx.o(RESET) refers to port.o(.emb_text) for SVC_Handler
    startup_stm32h750xx.o(RESET) refers to stm32h7xx_it.o(i.DebugMon_Handler) for DebugMon_Handler
    startup_stm32h750xx.o(RESET) refers to cmsis_os2.o(i.SysTick_Handler) for SysTick_Handler
    startup_stm32h750xx.o(RESET) refers to stm32h7xx_it.o(i.DMA1_Stream0_IRQHandler) for DMA1_Stream0_IRQHandler
    startup_stm32h750xx.o(RESET) refers to stm32h7xx_it.o(i.TIM2_IRQHandler) for TIM2_IRQHandler
    startup_stm32h750xx.o(RESET) refers to stm32h7xx_it.o(i.USART1_IRQHandler) for USART1_IRQHandler
    startup_stm32h750xx.o(RESET) refers to stm32h7xx_it.o(i.OTG_FS_IRQHandler) for OTG_FS_IRQHandler
    startup_stm32h750xx.o(.text) refers (Special) to heapauxi.o(.text) for __use_two_region_memory
    startup_stm32h750xx.o(.text) refers to system_stm32h7xx.o(i.SystemInit) for SystemInit
    startup_stm32h750xx.o(.text) refers to __main.o(!!!main) for __main
    startup_stm32h750xx.o(.text) refers to startup_stm32h750xx.o(HEAP) for Heap_Mem
    startup_stm32h750xx.o(.text) refers to startup_stm32h750xx.o(STACK) for Stack_Mem
    main.o(i.HAL_TIM_PeriodElapsedCallback) refers to stm32h7xx_hal.o(i.HAL_IncTick) for HAL_IncTick
    main.o(i.IIC_SDA_Read_Pin) refers to stm32h7xx_hal_gpio.o(i.HAL_GPIO_ReadPin) for HAL_GPIO_ReadPin
    main.o(i.PeriphCommonClock_Config) refers to rt_memclr_w.o(.text) for __aeabi_memclr4
    main.o(i.PeriphCommonClock_Config) refers to stm32h7xx_hal_rcc_ex.o(i.HAL_RCCEx_PeriphCLKConfig) for HAL_RCCEx_PeriphCLKConfig
    main.o(i.SCL_OUT) refers to rt_memclr_w.o(.text) for __aeabi_memclr4
    main.o(i.SCL_OUT) refers to stm32h7xx_hal_gpio.o(i.HAL_GPIO_Init) for HAL_GPIO_Init
    main.o(i.SCL_Set_Pin) refers to stm32h7xx_hal_gpio.o(i.HAL_GPIO_WritePin) for HAL_GPIO_WritePin
    main.o(i.SDA_OUT) refers to rt_memclr_w.o(.text) for __aeabi_memclr4
    main.o(i.SDA_OUT) refers to stm32h7xx_hal_gpio.o(i.HAL_GPIO_Init) for HAL_GPIO_Init
    main.o(i.SDA_Set_Pin) refers to stm32h7xx_hal_gpio.o(i.HAL_GPIO_WritePin) for HAL_GPIO_WritePin
    main.o(i.SystemClock_Config) refers to rt_memclr_w.o(.text) for __aeabi_memclr4
    main.o(i.SystemClock_Config) refers to stm32h7xx_hal_pwr_ex.o(i.HAL_PWREx_ConfigSupply) for HAL_PWREx_ConfigSupply
    main.o(i.SystemClock_Config) refers to stm32h7xx_hal_rcc.o(i.HAL_RCC_OscConfig) for HAL_RCC_OscConfig
    main.o(i.SystemClock_Config) refers to stm32h7xx_hal_rcc.o(i.HAL_RCC_ClockConfig) for HAL_RCC_ClockConfig
    main.o(i.get_cpu_frq) refers to stm32h7xx_hal_rcc.o(i.HAL_RCC_GetClockConfig) for HAL_RCC_GetClockConfig
    main.o(i.get_cpu_frq) refers to stm32h7xx_hal_rcc.o(i.HAL_RCC_GetSysClockFreq) for HAL_RCC_GetSysClockFreq
    main.o(i.main) refers to stm32h7xx_hal.o(i.HAL_Init) for HAL_Init
    main.o(i.main) refers to main.o(i.SystemClock_Config) for SystemClock_Config
    main.o(i.main) refers to main.o(i.PeriphCommonClock_Config) for PeriphCommonClock_Config
    main.o(i.main) refers to gpio.o(i.MX_GPIO_Init) for MX_GPIO_Init
    main.o(i.main) refers to dma.o(i.MX_DMA_Init) for MX_DMA_Init
    main.o(i.main) refers to usart.o(i.MX_USART1_UART_Init) for MX_USART1_UART_Init
    main.o(i.main) refers to fatfs.o(i.MX_FATFS_Init) for MX_FATFS_Init
    main.o(i.main) refers to spi.o(i.MX_SPI1_Init) for MX_SPI1_Init
    main.o(i.main) refers to cmsis_os2.o(i.osKernelInitialize) for osKernelInitialize
    main.o(i.main) refers to freertos.o(i.MX_FREERTOS_Init) for MX_FREERTOS_Init
    main.o(i.main) refers to cmsis_os2.o(i.osKernelStart) for osKernelStart
    gpio.o(i.MX_GPIO_Init) refers to rt_memclr_w.o(.text) for __aeabi_memclr4
    gpio.o(i.MX_GPIO_Init) refers to stm32h7xx_hal_gpio.o(i.HAL_GPIO_WritePin) for HAL_GPIO_WritePin
    gpio.o(i.MX_GPIO_Init) refers to stm32h7xx_hal_gpio.o(i.HAL_GPIO_Init) for HAL_GPIO_Init
[...]
    shell_exec                               0x0800cb19   Thumb Code   656  uni_shell.o(i.shell_exec)
    shell_init                               0x0800cdf1   Thumb Code    52  uni_shell.o(i.shell_init)
    shell_task                               0x0800ce49   Thumb Code   134  shelltask.o(i.shell_task)
    show_msg                                 0x0800cf39   Thumb Code    64  shelltask.o(i.show_msg)
    uxListRemove                             0x0800cfa5   Thumb Code    38  list.o(i.uxListRemove)
    uxTaskGetStackHighWaterMark              0x0800cfcd   Thumb Code    12  tasks.o(i.uxTaskGetStackHighWaterMark)
    vApplicationGetIdleTaskMemory            0x0800cfdd   Thumb Code    16  cmsis_os2.o(i.vApplicationGetIdleTaskMemory)
    vApplicationGetTimerTaskMemory           0x0800cff1   Thumb Code    18  cmsis_os2.o(i.vApplicationGetTimerTaskMemory)
    vListInitialise                          0x0800d009   Thumb Code    22  list.o(i.vListInitialise)
    vListInitialiseItem                      0x0800d01f   Thumb Code     6  list.o(i.vListInitialiseItem)
    vListInsert                              0x0800d025   Thumb Code    48  list.o(i.vListInsert)
    vListInsertEnd                           0x0800d055   Thumb Code    24  list.o(i.vListInsertEnd)
    vPortEnterCritical                       0x0800d06d   Thumb Code    54  port.o(i.vPortEnterCritical)
    vPortExitCritical                        0x0800d0ad   Thumb Code    34  port.o(i.vPortExitCritical)
    vPortFree                                0x0800d0d5   Thumb Code    94  heap_4.o(i.vPortFree)
    vPortSetupTimerInterrupt                 0x0800d139   Thumb Code    32  port.o(i.vPortSetupTimerInterrupt)
    vPortValidateInterruptPriority           0x0800d15d   Thumb Code    74  port.o(i.vPortValidateInterruptPriority)
    vQueueAddToRegistry                      0x0800d1b1   Thumb Code    32  queue.o(i.vQueueAddToRegistry)
    vQueueWaitForMessageRestricted           0x0800d1d5   Thumb Code    68  queue.o(i.vQueueWaitForMessageRestricted)
    vTaskDelay                               0x0800d219   Thumb Code    66  tasks.o(i.vTaskDelay)
    vTaskInternalSetTimeOutState             0x0800d265   Thumb Code    12  tasks.o(i.vTaskInternalSetTimeOutState)
    vTaskMissedYield                         0x0800d275   Thumb Code     8  tasks.o(i.vTaskMissedYield)
    vTaskPlaceOnEventList                    0x0800d281   Thumb Code    44  tasks.o(i.vTaskPlaceOnEventList)
    vTaskPlaceOnEventListRestricted          0x0800d2b1   Thumb Code    52  tasks.o(i.vTaskPlaceOnEventListRestricted)
    vTaskStartScheduler                      0x0800d2e9   Thumb Code   116  tasks.o(i.vTaskStartScheduler)
    vTaskSuspendAll                          0x0800d36d   Thumb Code    10  tasks.o(i.vTaskSuspendAll)
    vTaskSwitchContext                       0x0800d37d   Thumb Code    90  tasks.o(i.vTaskSwitchContext)
    xPortStartScheduler                      0x0800d3e1   Thumb Code   224  port.o(i.xPortStartScheduler)
    xPortSysTickHandler                      0x0800d4d5   Thumb Code    38  port.o(i.xPortSysTickHandler)
    xQueueGenericCreateStatic                0x0800d501   Thumb Code   102  queue.o(i.xQueueGenericCreateStatic)
    xQueueGenericReset                       0x0800d569   Thumb Code   132  queue.o(i.xQueueGenericReset)
    xQueueGenericSend                        0x0800d5f1   Thumb Code   350  queue.o(i.xQueueGenericSend)
    xQueueGenericSendFromISR                 0x0800d755   Thumb Code   190  queue.o(i.xQueueGenericSendFromISR)
    xQueueReceive                            0x0800d815   Thumb Code   308  queue.o(i.xQueueReceive)
    xTaskCheckForTimeOut                     0x0800d94d   Thumb Code   112  tasks.o(i.xTaskCheckForTimeOut)
    xTaskCreate                              0x0800d9c1   Thumb Code    90  tasks.o(i.xTaskCreate)
    xTaskCreateStatic                        0x0800da1b   Thumb Code    90  tasks.o(i.xTaskCreateStatic)
    xTaskGetSchedulerState                   0x0800da75   Thumb Code    22  tasks.o(i.xTaskGetSchedulerState)
    xTaskGetTickCount                        0x0800da91   Thumb Code     6  tasks.o(i.xTaskGetTickCount)
    xTaskIncrementTick                       0x0800da9d   Thumb Code   192  tasks.o(i.xTaskIncrementTick)
    xTaskPriorityDisinherit                  0x0800db65   Thumb Code   116  tasks.o(i.xTaskPriorityDisinherit)
    xTaskRemoveFromEventList                 0x0800dbe1   Thumb Code    98  tasks.o(i.xTaskRemoveFromEventList)
    xTaskResumeAll                           0x0800dc51   Thumb Code   180  tasks.o(i.xTaskResumeAll)
    xTimerCreateTimerTask                    0x0800dd11   Thumb Code    78  timers.o(i.xTimerCreateTimerTask)
    xTimerGenericCommand                     0x0800dd71   Thumb Code    94  timers.o(i.xTimerGenericCommand)
    _get_lc_numeric                          0x0800ddd5   Thumb Code    44  lc_numeric_c.o(locale$$code)
    _get_lc_ctype                            0x0800de01   Thumb Code    44  lc_ctype_c.o(locale$$code)
    __fpl_dcheck_NaN1                        0x0800de2d   Thumb Code    10  dcheck1.o(x$fpl$dcheck1)
    _fp_init                                 0x0800de3d   Thumb Code    10  fpinit.o(x$fpl$fpinit)
    __fplib_config_fpu_vfp                   0x0800de45   Thumb Code     0  fpinit.o(x$fpl$fpinit)
    __fplib_config_pureend_doubles           0x0800de45   Thumb Code     0  fpinit.o(x$fpl$fpinit)
    __ieee_status                            0x0800de47   Thumb Code     6  istatus.o(x$fpl$ieeestatus)
    _printf_fp_dec                           0x0800de4d   Thumb Code     4  printf1.o(x$fpl$printf1)
    _printf_fp_hex                           0x0800de51   Thumb Code     4  printf2.o(x$fpl$printf2)
    __fpl_return_NaN                         0x0800de55   Thumb Code   100  retnan.o(x$fpl$retnan)
    __ARM_scalbn                             0x0800deb9   Thumb Code    92  scalbn.o(x$fpl$scalbn)
    _scanf_real                              0x0800df15   Thumb Code     4  scanf1.o(x$fpl$scanf1)
    _scanf_hex_real                          0x0800df19   Thumb Code     4  scanf2.o(x$fpl$scanf2)
    _scanf_infnan                            0x0800df1d   Thumb Code     4  scanf2.o(x$fpl$scanf2)
    __fpl_cmpreturn                          0x0800df21   Thumb Code    48  trapv.o(x$fpl$trapveneer)
    __I$use$fp                               0x0800df50   Number         0  usenofp.o(x$fpl$usenofp)
    shellTask_attributes                     0x0800df50   Data          36  freertos.o(.constdata)
    defaultTask_attributes                   0x0800df74   Data          36  freertos.o(.constdata)
    UARTPrescTable                           0x0800dfa0   Data          24  stm32h7xx_hal_uart.o(.constdata)
    D1CorePrescTable                         0x0800dfc8   Data          16  system_stm32h7xx.o(.constdata)
    OLED_F8x16                               0x0800e028   Data        1520  oled_ssd1306_1_3.o(.constdata)
    Region$$Table$$Base                      0x0800e738   Number         0  anon$$obj.o(Region$$Table)
    Region$$Table$$Limit                     0x0800e758   Number         0  anon$$obj.o(Region$$Table)
    __aeabi_HUGE_VAL                         0x0800e758   Data           0  fpconst.o(c$$dinf)
    __aeabi_HUGE_VALL                        0x0800e758   Data           0  fpconst.o(c$$dinf)
    __aeabi_INFINITY                         0x0800e758   Data           0  fpconst.o(c$$dinf)
    __dInf                                   0x0800e758   Data           0  fpconst.o(c$$dinf)
    __huge_val                               0x0800e758   Data           0  fpconst.o(c$$dinf)
    __dbl_max                                0x0800e760   Data           0  fpconst.o(c$$dmax)
    __ctype                                  0x0800e791   Data           0  lc_ctype_c.o(locale$$data)
    shellTaskHandle                          0x24000000   Data           4  freertos.o(.data)
    defaultTaskHandle                        0x24000004   Data           4  freertos.o(.data)
    USER_Driver                              0x2400000c   Data          20  user_diskio.o(.data)
    retUSER                                  0x24000020   Data           1  fatfs.o(.data)
    USERPath                                 0x24000021   Data           4  fatfs.o(.data)
    FS_Desc                                  0x24000028   Data          32  usbd_desc.o(.data)
    USBD_LangIDDesc                          0x24000048   Data           4  usbd_desc.o(.data)
    USBD_FS_DeviceDesc                       0x2400004c   Data          18  usbd_desc.o(.data)
    USBD_StringSerial                        0x24000060   Data          26  usbd_desc.o(.data)
    USBD_Interface_fops_FS                   0x2400007c   Data          20  usbd_cdc_if.o(.data)
    uwTickFreq                               0x24000090   Data           1  stm32h7xx_hal.o(.data)
    uwTickPrio                               0x24000094   Data           4  stm32h7xx_hal.o(.data)
    uwTick                                   0x24000098   Data           4  stm32h7xx_hal.o(.data)
    SystemCoreClock                          0x2400009c   Data           4  system_stm32h7xx.o(.data)
    SystemD2Clock                            0x240000a0   Data           4  system_stm32h7xx.o(.data)
    pxCurrentTCB                             0x240000a4   Data           4  tasks.o(.data)
    USBD_CDC                                 0x2400017c   Data          56  usbd_cdc.o(.data)
    rx_flag                                  0x240001b4   Data           1  uni_shell.o(.data)
    free_ticks                               0x240001b8   Data           4  uni_shell.o(.data)
    rx_len                                   0x240001bc   Data           4  uni_shell.o(.data)
    enter_cmd                                0x240001c0   Data         432  uni_shell.o(.data)
    cpu_frq                                  0x24000370   Data           4  soft_i2c.o(.data)
    nop_delay_1us_times                      0x24000374   Data           4  soft_i2c.o(.data)
    hspi1                                    0x24000378   Data         136  spi.o(.bss)
    huart1                                   0x24000400   Data         148  usart.o(.bss)
    hdma_usart1_rx                           0x24000494   Data         120  usart.o(.bss)
    htim2                                    0x2400050c   Data          76  stm32h7xx_hal_timebase_tim.o(.bss)
    hUsbDeviceFS                             0x24000558   Data         732  usb_device.o(.bss)
    USBD_StrDesc                             0x24000834   Data         512  usbd_desc.o(.bss)
    UserRxBufferFS                           0x24000a34   Data        2048  usbd_cdc_if.o(.bss)
    UserTxBufferFS                           0x24001234   Data        2048  usbd_cdc_if.o(.bss)
    hpcd_USB_OTG_FS                          0x24001c54   Data        1292  usbd_conf.o(.bss)
    disk                                     0x24002160   Data          12  ff_gen_drv.o(.bss)
    xQueueRegistry                           0x2400216c   Data          64  queue.o(.bss)
    cli_commands                             0x24006a40   Data        8644  uni_shell.o(.bss)
    cmd_buffer                               0x24008c04   Data         264  uni_shell.o(.bss)
    last_cmd_buffer                          0x24008d0c   Data         264  uni_shell.o(.bss)
    shell_rx_buffer                          0x24008e14   Data         128  uni_shell.o(.bss)
    w25qxx                                   0x24009058   Data          40  w25qxx_4m.o(.bss)
    __libspace_start                         0x24009080   Data          96  libspace.o(.bss)
    __temporary_stack_top$libspace           0x240090e0   Data           0  libspace.o(.bss)



==============================================================================

Memory Map of the image

  Image Entry point : 0x08000299

  Load Region LR_IROM1 (Base: 0x08000000, Size: 0x0000ec0c, Max: 0x00020000, ABSOLUTE, COMPRESSED[0x0000e970])

    Execution Region ER_IROM1 (Exec base: 0x08000000, Load base: 0x08000000, Size: 0x0000e894, Max: 0x00020000, ABSOLUTE)

    Exec Addr    Load Addr    Size         Type   Attr      Idx    E Section Name        Object

    0x08000000   0x08000000   0x00000298   Data   RO            3    RESET               startup_stm32h750xx.o
    0x08000298   0x08000298   0x00000008   Code   RO         9514  * !!!main             c_w.l(__main.o)
    0x080002a0   0x080002a0   0x00000034   Code   RO         9905    !!!scatter          c_w.l(__scatter.o)
    0x080002d4   0x080002d4   0x0000005a   Code   RO         9903    !!dczerorl2         c_w.l(__dczerorl2.o)
    0x0800032e   0x0800032e   0x00000002   PAD
    0x08000330   0x08000330   0x0000001c   Code   RO         9907    !!handler_zi        c_w.l(__scatter_zi.o)
    0x0800034c   0x0800034c   0x00000000   Code   RO         9485    .ARM.Collect$$_printf_percent$$00000000  c_w.l(_printf_percent.o)
    0x0800034c   0x0800034c   0x00000006   Code   RO         9568    .ARM.Collect$$_printf_percent$$00000001  c_w.l(_printf_n.o)
    0x08000352   0x08000352   0x00000006   Code   RO         9570    .ARM.Collect$$_printf_percent$$00000002  c_w.l(_printf_p.o)
    0x08000358   0x08000358   0x00000006   Code   RO         9573    .ARM.Collect$$_printf_percent$$00000003  c_w.l(_printf_f.o)
    0x0800035e   0x0800035e   0x00000006   Code   RO         9574    .ARM.Collect$$_printf_percent$$00000004  c_w.l(_printf_e.o)
    0x08000364   0x08000364   0x00000006   Code   RO         9575    .ARM.Collect$$_printf_percent$$00000005  c_w.l(_printf_g.o)
    0x0800036a   0x0800036a   0x00000006   Code   RO         9576    .ARM.Collect$$_printf_percent$$00000006  c_w.l(_printf_a.o)
    0x08000370   0x08000370   0x0000000a   Code   RO         9581    .ARM.Collect$$_printf_percent$$00000007  c_w.l(_printf_ll.o)
    0x0800037a   0x0800037a   0x00000006   Code   RO         9572    .ARM.Collect$$_printf_percent$$00000008  c_w.l(_printf_i.o)
    0x08000380   0x08000380   0x00000006   Code   RO         9483    .ARM.Collect$$_printf_percent$$00000009  c_w.l(_printf_d.o)
    0x08000386   0x08000386   0x00000006   Code   RO         9484    .ARM.Collect$$_printf_percent$$0000000A  c_w.l(_printf_u.o)
    0x0800038c   0x0800038c   0x00000006   Code   RO         9571    .ARM.Collect$$_printf_percent$$0000000B  c_w.l(_printf_o.o)
    0x08000392   0x08000392   0x00000006   Code   RO         9569    .ARM.Collect$$_printf_percent$$0000000C  c_w.l(_printf_x.o)
    0x08000398   0x08000398   0x00000006   Code   RO         9578    .ARM.Collect$$_printf_percent$$0000000D  c_w.l(_printf_lli.o)
    0x0800039e   0x0800039e   0x00000006   Code   RO         9579    .ARM.Collect$$_printf_percent$$0000000E  c_w.l(_printf_lld.o)
    0x080003a4   0x080003a4   0x00000006   Code   RO         9580    .ARM.Collect$$_printf_percent$$0000000F  c_w.l(_printf_llu.o)
    0x080003aa   0x080003aa   0x00000006   Code   RO         9585    .ARM.Collect$$_printf_percent$$00000010  c_w.l(_printf_llo.o)
    0x080003b0   0x080003b0   0x00000006   Code   RO         9586    .ARM.Collect$$_printf_percent$$00000011  c_w.l(_printf_llx.o)
    0x080003b6   0x080003b6   0x0000000a   Code   RO         9582    .ARM.Collect$$_printf_percent$$00000012  c_w.l(_printf_l.o)
    0x080003c0   0x080003c0   0x00000006   Code   RO         9567    .ARM.Collect$$_printf_percent$$00000013  c_w.l(_printf_c.o)
    0x080003c6   0x080003c6   0x00000006   Code   RO         9482    .ARM.Collect$$_printf_percent$$00000014  c_w.l(_printf_s.o)
    0x080003cc   0x080003cc   0x00000006   Code   RO         9583    .ARM.Collect$$_printf_percent$$00000015  c_w.l(_printf_lc.o)
    0x080003d2   0x080003d2   0x00000006   Code   RO         9584    .ARM.Collect$$_printf_percent$$00000016  c_w.l(_printf_ls.o)
    0x080003d8   0x080003d8   0x00000004   Code   RO         9577    .ARM.Collect$$_printf_percent$$00000017  c_w.l(_printf_percent_end.o)
    0x080003dc   0x080003dc   0x00000002   Code   RO         9722    .ARM.Collect$$libinit$$00000000  c_w.l(libinit.o)
    0x080003de   0x080003de   0x00000004   Code   RO         9723    .ARM.Collect$$libinit$$00000001  c_w.l(libinit2.o)
    0x080003e2   0x080003e2   0x00000000   Code   RO         9726    .ARM.Collect$$libinit$$00000004  c_w.l(libinit2.o)
    0x080003e2   0x080003e2   0x00000000   Code   RO         9729    .ARM.Collect$$libinit$$0000000A  c_w.l(libinit2.o)
    0x080003e2   0x080003e2   0x00000000   Code   RO         9731    .ARM.Collect$$libinit$$0000000C  c_w.l(libinit2.o)
    0x080003e2   0x080003e2   0x00000000   Code   RO         9733    .ARM.Collect$$libinit$$0000000E  c_w.l(libinit2.o)
    0x080003e2   0x080003e2   0x00000006   Code   RO         9734    .ARM.Collect$$libinit$$0000000F  c_w.l(libinit2.o)
    0x080003e8   0x080003e8   0x00000000   Code   RO         9736    .ARM.Collect$$libinit$$00000011  c_w.l(libinit2.o)
    0x080003e8   0x080003e8   0x0000000c   Code   RO         9737    .ARM.Collect$$libinit$$00000012  c_w.l(libinit2.o)
    0x080003f4   0x080003f4   0x00000000   Code   RO         9738    .ARM.Collect$$libinit$$00000013  c_w.l(libinit2.o)
    0x080003f4   0x080003f4   0x00000000   Code   RO         9740    .ARM.Collect$$libinit$$00000015  c_w.l(libinit2.o)
    0x080003f4   0x080003f4   0x0000000a   Code   RO         9741    .ARM.Collect$$libinit$$00000016  c_w.l(libinit2.o)
    0x080003fe   0x080003fe   0x00000000   Code   RO         9742    .ARM.Collect$$libinit$$00000017  c_w.l(libinit2.o)
    0x080003fe   0x080003fe   0x00000000   Code   RO         9744    .ARM.Collect$$libinit$$00000019  c_w.l(libinit2.o)
    0x080003fe   0x080003fe   0x00000000   Code   RO         9746    .ARM.Collect$$libinit$$0000001B  c_w.l(libinit2.o)
    0x080003fe   0x080003fe   0x00000000   Code   RO         9748    .ARM.Collect$$libinit$$0000001D  c_w.l(libinit2.o)
    0x080003fe   0x080003fe   0x00000000   Code   RO         9750    .ARM.Collect$$libinit$$0000001F  c_w.l(libinit2.o)
    0x080003fe   0x080003fe   0x00000000   Code   RO         9752    .ARM.Collect$$libinit$$00000021  c_w.l(libinit2.o)
    0x080003fe   0x080003fe   0x00000000   Code   RO         9754    .ARM.Collect$$libinit$$00000023  c_w.l(libinit2.o)
    0x080003fe   0x080003fe   0x00000000   Code   RO         9756    .ARM.Collect$$libinit$$00000025  c_w.l(libinit2.o)
    0x080003fe   0x080003fe   0x00000000   Code   RO         9760    .ARM.Collect$$libinit$$0000002C  c_w.l(libinit2.o)
    0x080003fe   0x080003fe   0x00000000   Code   RO         9762    .ARM.Collect$$libinit$$0000002E  c_w.l(libinit2.o)
    0x080003fe   0x080003fe   0x00000000   Code   RO         9764    .ARM.Collect$$libinit$$00000030  c_w.l(libinit2.o)
    0x080003fe   0x080003fe   0x00000000   Code   RO         9766    .ARM.Collect$$libinit$$00000032  c_w.l(libinit2.o)
    0x080003fe   0x080003fe   0x00000002   Code   RO         9767    .ARM.Collect$$libinit$$00000033  c_w.l(libinit2.o)
    0x08000400   0x08000400   0x00000002   Code   RO         9860    .ARM.Collect$$libshutdown$$00000000  c_w.l(libshutdown.o)
    0x08000402   0x08000402   0x00000000   Code   RO         9880    .ARM.Collect$$libshutdown$$00000002  c_w.l(libshutdown2.o)
    0x08000402   0x08000402   0x00000000   Code   RO         9882    .ARM.Collect$$libshutdown$$00000004  c_w.l(libshutdown2.o)
    0x08000402   0x08000402   0x00000000   Code   RO         9884    .ARM.Collect$$libshutdown$$00000006  c_w.l(libshutdown2.o)
    0x08000402   0x08000402   0x00000000   Code   RO         9887    .ARM.Collect$$libshutdown$$00000009  c_w.l(libshutdown2.o)
    0x08000402   0x08000402   0x00000000   Code   RO         9890    .ARM.Collect$$libshutdown$$0000000C  c_w.l(libshutdown2.o)
    0x08000402   0x08000402   0x00000000   Code   RO         9892    .ARM.Collect$$libshutdown$$0000000E  c_w.l(libshutdown2.o)
    0x08000402   0x08000402   0x00000000   Code   RO         9895    .ARM.Collect$$libshutdown$$00000011  c_w.l(libshutdown2.o)
    0x08000402   0x08000402   0x00000002   Code   RO         9896    .ARM.Collect$$libshutdown$$00000012  c_w.l(libshutdown2.o)
    0x08000404   0x08000404   0x00000000   Code   RO         9518    .ARM.Collect$$rtentry$$00000000  c_w.l(__rtentry.o)
    0x08000404   0x08000404   0x00000000   Code   RO         9604    .ARM.Collect$$rtentry$$00000002  c_w.l(__rtentry2.o)
    0x08000404   0x08000404   0x00000006   Code   RO         9616    .ARM.Collect$$rtentry$$00000004  c_w.l(__rtentry4.o)
    0x0800040a   0x0800040a   0x00000000   Code   RO         9606    .ARM.Collect$$rtentry$$00000009  c_w.l(__rtentry2.o)
    0x0800040a   0x0800040a   0x00000004   Code   RO         9607    .ARM.Collect$$rtentry$$0000000A  c_w.l(__rtentry2.o)
    0x0800040e   0x0800040e   0x00000000   Code   RO         9609    .ARM.Collect$$rtentry$$0000000C  c_w.l(__rtentry2.o)
    0x0800040e   0x0800040e   0x00000008   Code   RO         9610    .ARM.Collect$$rtentry$$0000000D  c_w.l(__rtentry2.o)
    0x08000416   0x08000416   0x00000002   Code   RO         9776    .ARM.Collect$$rtexit$$00000000  c_w.l(rtexit.o)
    0x08000418   0x08000418   0x00000000   Code   RO         9812    .ARM.Collect$$rtexit$$00000002  c_w.l(rtexit2.o)
    0x08000418   0x08000418   0x00000004   Code   RO         9813    .ARM.Collect$$rtexit$$00000003  c_w.l(rtexit2.o)
    0x0800041c   0x0800041c   0x00000006   Code   RO         9814    .ARM.Collect$$rtexit$$00000004  c_w.l(rtexit2.o)
    0x08000422   0x08000422   0x00000002   PAD
    0x08000424   0x08000424   0x000000be   Code   RO         8248    .emb_text           port.o
    0x080004e2   0x080004e2   0x00000002   PAD
    0x080004e4   0x080004e4   0x00000040   Code   RO            4    .text               startup_stm32h750xx.o
    0x08000524   0x08000524   0x000000ee   Code   RO         9446    .text               c_w.l(lludivv7m.o)
    0x08000612   0x08000612   0x00000002   PAD
    0x08000614   0x08000614   0x00000024   Code   RO         9448    .text               c_w.l(vsprintf.o)
    0x08000638   0x08000638   0x0000002c   Code   RO         9450    .text               c_w.l(__2sprintf.o)
    0x08000664   0x08000664   0x0000004e   Code   RO         9456    .text               c_w.l(_printf_pad.o)
    0x080006b2   0x080006b2   0x00000052   Code   RO         9458    .text               c_w.l(_printf_str.o)
    0x08000704   0x08000704   0x00000078   Code   RO         9460    .text               c_w.l(_printf_dec.o)
    0x0800077c   0x0800077c   0x00000188   Code   RO         9479    .text               c_w.l(__printf_flags_ss_wp.o)
    0x08000904   0x08000904   0x0000003c   Code   RO         9486    .text               c_w.l(__0sscanf.o)
    0x08000940   0x08000940   0x00000156   Code   RO         9488    .text               c_w.l(_scanf_longlong.o)
    0x08000a96   0x08000a96   0x0000014c   Code   RO         9490    .text               c_w.l(_scanf_int.o)
    0x08000be2   0x08000be2   0x000000e0   Code   RO         9492    .text               c_w.l(_scanf_str.o)
    0x08000cc2   0x08000cc2   0x00000048   Code   RO         9494    .text               c_w.l(strcpy.o)
    0x08000d0a   0x08000d0a   0x0000003e   Code   RO         9496    .text               c_w.l(strlen.o)
    0x08000d48   0x08000d48   0x0000008a   Code   RO         9498    .text               c_w.l(rt_memcpy_v6.o)
    0x08000dd2   0x08000dd2   0x00000064   Code   RO         9500    .text               c_w.l(rt_memcpy_w.o)
    0x08000e36   0x08000e36   0x00000010   Code   RO         9504    .text               c_w.l(aeabi_memset.o)
    0x08000e46   0x08000e46   0x00000044   Code   RO         9506    .text               c_w.l(rt_memclr.o)
    0x08000e8a   0x08000e8a   0x0000004e   Code   RO         9508    .text               c_w.l(rt_memclr_w.o)
    0x08000ed8   0x08000ed8   0x00000068   Code   RO         9510    .text               c_w.l(strcmpv7m_pel.o)
    0x08000f40   0x08000f40   0x00000006   Code   RO         9512    .text               c_w.l(heapauxi.o)
    0x08000f46   0x08000f46   0x00000024   Code   RO         9523    .text               c_w.l(_printf_truncate.o)
    0x08000f6a   0x08000f6a   0x000000b2   Code   RO         9525    .text               c_w.l(_printf_intcommon.o)
    0x0800101c   0x0800101c   0x00000028   Code   RO         9527    .text               c_w.l(_printf_charcount.o)
    0x08001044   0x08001044   0x00000030   Code   RO         9529    .text               c_w.l(_printf_char_common.o)
    0x08001074   0x08001074   0x0000000a   Code   RO         9531    .text               c_w.l(_sputc.o)
    0x0800107e   0x0800107e   0x0000002c   Code   RO         9533    .text               c_w.l(_printf_char.o)
    0x080010aa   0x080010aa   0x00000002   PAD
    0x080010ac   0x080010ac   0x000000bc   Code   RO         9535    .text               c_w.l(_printf_wctomb.o)
    0x08001168   0x08001168   0x0000007c   Code   RO         9538    .text               c_w.l(_printf_longlong_dec.o)
    0x080011e4   0x080011e4   0x00000070   Code   RO         9544    .text               c_w.l(_printf_oct_int_ll.o)
    0x08001254   0x08001254   0x00000094   Code   RO         9564    .text               c_w.l(_printf_hex_int_ll_ptr.o)
    0x080012e8   0x080012e8   0x0000001c   Code   RO         9587    .text               c_w.l(_chval.o)
    0x08001304   0x08001304   0x000004f8   Code   RO         9589    .text               c_w.l(scanf_fp.o)
    0x080017fc   0x080017fc   0x0000002c   Code   RO         9591    .text               c_w.l(scanf_char.o)
    0x08001828   0x08001828   0x00000040   Code   RO         9593    .text               c_w.l(_sgetc.o)
    0x08001868   0x08001868   0x00000008   Code   RO         9623    .text               c_w.l(rt_locale_intlibspace.o)
    0x08001870   0x08001870   0x00000008   Code   RO         9628    .text               c_w.l(rt_errno_addr_intlibspace.o)
    0x08001878   0x08001878   0x0000008a   Code   RO         9630    .text               c_w.l(lludiv10.o)
    0x08001902   0x08001902   0x00000012   Code   RO         9632    .text               c_w.l(isspace.o)
    0x08001914   0x08001914   0x0000041e   Code   RO         9634    .text               c_w.l(_printf_fp_dec.o)
    0x08001d32   0x08001d32   0x00000002   PAD
    0x08001d34   0x08001d34   0x000002fc   Code   RO         9636    .text               c_w.l(_printf_fp_hex.o)
    0x08002030   0x08002030   0x0000002c   Code   RO         9641    .text               c_w.l(_printf_wchar.o)
    0x0800205c   0x0800205c   0x00000374   Code   RO         9643    .text               c_w.l(_scanf.o)
    0x080023d0   0x080023d0   0x000000e4   Code   RO         9645    .text               c_w.l(bigflt0.o)
    0x080024b4   0x080024b4   0x00000040   Code   RO         9670    .text               c_w.l(_wcrtomb.o)
    0x080024f4   0x080024f4   0x00000008   Code   RO         9696    .text               c_w.l(libspace.o)
    0x080024fc   0x080024fc   0x0000004a   Code   RO         9699    .text               c_w.l(sys_stackheap_outer.o)
    0x08002546   0x08002546   0x00000002   PAD
    0x08002548   0x08002548   0x00000010   Code   RO         9701    .text               c_w.l(rt_ctype_table.o)
    0x08002558   0x08002558   0x00000016   Code   RO         9703    .text               c_w.l(_rserrno.o)
    0x0800256e   0x0800256e   0x00000002   PAD
    0x08002570   0x08002570   0x00000080   Code   RO         9705    .text               c_w.l(_printf_fp_infnan.o)
    0x080025f0   0x080025f0   0x00000320   Code   RO         9707    .text               c_w.l(scanf_hexfp.o)
    0x08002910   0x08002910   0x00000134   Code   RO         9709    .text               c_w.l(scanf_infnan.o)
    0x08002a44   0x08002a44   0x00000012   Code   RO         9711    .text               c_w.l(exit.o)
    0x08002a56   0x08002a56   0x00000026   Code   RO         9780    .text               c_w.l(llshl.o)
    0x08002a7c   0x08002a7c   0x0000000c   Code   RO         9809    .text               c_w.l(sys_exit.o)
    0x08002a88   0x08002a88   0x00000002   Code   RO         9847    .text               c_w.l(use_no_semi.o)
    0x08002a8a   0x08002a8a   0x00000000   Code   RO         9849    .text               c_w.l(indicate_semi.o)
    0x08002a8a   0x08002a8a   0x0000003e   Code   RO         9648    CL$$btod_d2e        c_w.l(btod.o)
    0x08002ac8   0x08002ac8   0x00000046   Code   RO         9650    CL$$btod_d2e_denorm_low  c_w.l(btod.o)
    0x08002b0e   0x08002b0e   0x00000060   Code   RO         9649    CL$$btod_d2e_norm_op1  c_w.l(btod.o)
    0x08002b6e   0x08002b6e   0x00000338   Code   RO         9658    CL$$btod_div_common  c_w.l(btod.o)
    0x08002ea6   0x08002ea6   0x00000002   PAD
    0x08002ea8   0x08002ea8   0x00000084   Code   RO         9656    CL$$btod_e2d        c_w.l(btod.o)
    0x08002f2c   0x08002f2c   0x000000dc   Code   RO         9655    CL$$btod_e2e        c_w.l(btod.o)
    0x08003008   0x08003008   0x0000002a   Code   RO         9652    CL$$btod_ediv       c_w.l(btod.o)
    0x08003032   0x08003032   0x0000002a   Code   RO         9654    CL$$btod_edivd      c_w.l(btod.o)
    0x0800305c   0x0800305c   0x0000002a   Code   RO         9651    CL$$btod_emul       c_w.l(btod.o)
    0x08003086   0x08003086   0x0000002a   Code   RO         9653    CL$$btod_emuld      c_w.l(btod.o)
    0x080030b0   0x080030b0   0x00000244   Code   RO         9657    CL$$btod_mult_common  c_w.l(btod.o)
    0x080032f4   0x080032f4   0x00000020   Code   RO          507    i.BusFault_Handler  stm32h7xx_it.o
    0x08003314   0x08003314   0x00000004   Code   RO          914    i.CDC_Control_FS    usbd_cdc_if.o
    0x08003318   0x08003318   0x00000004   Code   RO          915    i.CDC_DeInit_FS     usbd_cdc_if.o
    0x0800331c   0x0800331c   0x00000024   Code   RO          916    i.CDC_Init_FS       usbd_cdc_if.o
    0x08003340   0x08003340   0x00000020   Code   RO         8742    i.CDC_RECEIVE       uni_shell.o
    0x08003360   0x08003360   0x00000024   Code   RO          917    i.CDC_Receive_FS    usbd_cdc_if.o
    0x08003384   0x08003384   0x00000004   Code   RO          918    i.CDC_TransmitCplt_FS  usbd_cdc_if.o
    0x08003388   0x08003388   0x0000002c   Code   RO          919    i.CDC_Transmit_FS   usbd_cdc_if.o
    0x080033b4   0x080033b4   0x00000028   Code   RO         8743    i.CDC_Transmit_Packet  uni_shell.o
    0x080033dc   0x080033dc   0x0000000c   Code   RO          508    i.DMA1_Stream0_IRQHandler  stm32h7xx_it.o
    0x080033e8   0x080033e8   0x000000b8   Code   RO         2415    i.DMA_CalcBaseAndBitshift  stm32h7xx_hal_dma.o
    0x080034a0   0x080034a0   0x000000a0   Code   RO         2416    i.DMA_CalcDMAMUXChannelBaseAndMask  stm32h7xx_hal_dma.o
    0x08003540   0x08003540   0x0000007c   Code   RO         2417    i.DMA_CalcDMAMUXRequestGenBaseAndMask  stm32h7xx_hal_dma.o
    0x080035bc   0x080035bc   0x00000054   Code   RO         2418    i.DMA_CheckFifoParam  stm32h7xx_hal_dma.o
    0x08003610   0x08003610   0x00000002   Code   RO          509    i.DebugMon_Handler  stm32h7xx_it.o
    0x08003612   0x08003612   0x00000004   Code   RO           13    i.Error_Handler     main.o
    0x08003616   0x08003616   0x00000006   Code   RO         6481    i.FATFS_LinkDriver  ff_gen_drv.o
    0x0800361c   0x0800361c   0x00000040   Code   RO         6482    i.FATFS_LinkDriverEx  ff_gen_drv.o
    0x0800365c   0x0800365c   0x00000360   Code   RO         2420    i.HAL_DMA_Abort     stm32h7xx_hal_dma.o
    0x080039bc   0x080039bc   0x0000026c   Code   RO         2421    i.HAL_DMA_Abort_IT  stm32h7xx_hal_dma.o
    0x08003c28   0x08003c28   0x000006f4   Code   RO         2425    i.HAL_DMA_IRQHandler  stm32h7xx_hal_dma.o
    0x0800431c   0x0800431c   0x000003b0   Code   RO         2426    i.HAL_DMA_Init      stm32h7xx_hal_dma.o
    0x080046cc   0x080046cc   0x00000024   Code   RO         3270    i.HAL_Delay         stm32h7xx_hal.o
    0x080046f0   0x080046f0   0x000001dc   Code   RO         2268    i.HAL_GPIO_Init     stm32h7xx_hal_gpio.o
    0x080048cc   0x080048cc   0x0000000a   Code   RO         2270    i.HAL_GPIO_ReadPin  stm32h7xx_hal_gpio.o
    0x080048d6   0x080048d6   0x00000010   Code   RO         2271    i.HAL_GPIO_TogglePin  stm32h7xx_hal_gpio.o
    0x080048e6   0x080048e6   0x0000000a   Code   RO         2272    i.HAL_GPIO_WritePin  stm32h7xx_hal_gpio.o
    0x080048f0   0x080048f0   0x0000000c   Code   RO         3281    i.HAL_GetREVID      stm32h7xx_hal.o
    0x080048fc   0x080048fc   0x0000000c   Code   RO         3282    i.HAL_GetTick       stm32h7xx_hal.o
    0x08004908   0x08004908   0x00000010   Code   RO         3288    i.HAL_IncTick       stm32h7xx_hal.o
    0x08004918   0x08004918   0x0000005c   Code   RO         3289    i.HAL_Init          stm32h7xx_hal.o
    0x08004974   0x08004974   0x0000008c   Code   RO          613    i.HAL_InitTick      stm32h7xx_hal_timebase_tim.o
    0x08004a00   0x08004a00   0x00000024   Code   RO          589    i.HAL_MspInit       stm32h7xx_hal_msp.o
    0x08004a24   0x08004a24   0x0000001a   Code   RO         3128    i.HAL_NVIC_EnableIRQ  stm32h7xx_hal_cortex.o
    0x08004a3e   0x08004a3e   0x00000002   PAD
    0x08004a40   0x08004a40   0x00000040   Code   RO         3134    i.HAL_NVIC_SetPriority  stm32h7xx_hal_cortex.o
    0x08004a80   0x08004a80   0x00000024   Code   RO         3135    i.HAL_NVIC_SetPriorityGrouping  stm32h7xx_hal_cortex.o
    0x08004aa4   0x08004aa4   0x00000024   Code   RO         3136    i.HAL_NVIC_SystemReset  stm32h7xx_hal_cortex.o
    0x08004ac8   0x08004ac8   0x00000028   Code   RO         1419    i.HAL_PCDEx_ActivateLPM  stm32h7xx_hal_pcd_ex.o
    0x08004af0   0x08004af0   0x00000002   Code   RO         1424    i.HAL_PCDEx_LPM_Callback  stm32h7xx_hal_pcd_ex.o
    0x08004af2   0x08004af2   0x00000008   Code   RO         1425    i.HAL_PCDEx_SetRxFiFo  stm32h7xx_hal_pcd_ex.o
    0x08004afa   0x08004afa   0x00000044   Code   RO         1426    i.HAL_PCDEx_SetTxFiFo  stm32h7xx_hal_pcd_ex.o
    0x08004b3e   0x08004b3e   0x00000008   Code   RO          975    i.HAL_PCD_ConnectCallback  usbd_conf.o
    0x08004b46   0x08004b46   0x00000012   Code   RO          976    i.HAL_PCD_DataInStageCallback  usbd_conf.o
    0x08004b58   0x08004b58   0x00000014   Code   RO          977    i.HAL_PCD_DataOutStageCallback  usbd_conf.o
    0x08004b6c   0x08004b6c   0x00000008   Code   RO          978    i.HAL_PCD_DisconnectCallback  usbd_conf.o
    0x08004b74   0x08004b74   0x0000001e   Code   RO         1195    i.HAL_PCD_EP_Abort  stm32h7xx_hal_pcd.o
    0x08004b92   0x08004b92   0x0000004c   Code   RO         1196    i.HAL_PCD_EP_Close  stm32h7xx_hal_pcd.o
    0x08004bde   0x08004bde   0x0000005c   Code   RO         1197    i.HAL_PCD_EP_ClrStall  stm32h7xx_hal_pcd.o
    0x08004c3a   0x08004c3a   0x00000012   Code   RO         1199    i.HAL_PCD_EP_GetRxCount  stm32h7xx_hal_pcd.o
    0x08004c4c   0x08004c4c   0x00000060   Code   RO         1200    i.HAL_PCD_EP_Open   stm32h7xx_hal_pcd.o
    0x08004cac   0x08004cac   0x00000038   Code   RO         1201    i.HAL_PCD_EP_Receive  stm32h7xx_hal_pcd.o
    0x08004ce4   0x08004ce4   0x00000074   Code   RO         1202    i.HAL_PCD_EP_SetStall  stm32h7xx_hal_pcd.o
    0x08004d58   0x08004d58   0x00000034   Code   RO         1203    i.HAL_PCD_EP_Transmit  stm32h7xx_hal_pcd.o
    0x08004d8c   0x08004d8c   0x0000058c   Code   RO         1205    i.HAL_PCD_IRQHandler  stm32h7xx_hal_pcd.o
    0x08005318   0x08005318   0x00000008   Code   RO          979    i.HAL_PCD_ISOINIncompleteCallback  usbd_conf.o
    0x08005320   0x08005320   0x00000008   Code   RO          980    i.HAL_PCD_ISOOUTIncompleteCallback  usbd_conf.o
    0x08005328   0x08005328   0x000000f2   Code   RO         1208    i.HAL_PCD_Init      stm32h7xx_hal_pcd.o
    0x0800541a   0x0800541a   0x00000002   PAD
    0x0800541c   0x0800541c   0x0000007c   Code   RO          982    i.HAL_PCD_MspInit   usbd_conf.o
    0x08005498   0x08005498   0x0000002c   Code   RO          983    i.HAL_PCD_ResetCallback  usbd_conf.o
    0x080054c4   0x080054c4   0x00000008   Code   RO          984    i.HAL_PCD_ResumeCallback  usbd_conf.o
    0x080054cc   0x080054cc   0x00000008   Code   RO          985    i.HAL_PCD_SOFCallback  usbd_conf.o
    0x080054d4   0x080054d4   0x00000028   Code   RO         1214    i.HAL_PCD_SetAddress  stm32h7xx_hal_pcd.o
    0x080054fc   0x080054fc   0x0000000e   Code   RO          986    i.HAL_PCD_SetupStageCallback  usbd_conf.o
    0x0800550a   0x0800550a   0x00000042   Code   RO         1217    i.HAL_PCD_Start     stm32h7xx_hal_pcd.o
    0x0800554c   0x0800554c   0x00000030   Code   RO          987    i.HAL_PCD_SuspendCallback  usbd_conf.o
    0x0800557c   0x0800557c   0x00000050   Code   RO         2869    i.HAL_PWREx_ConfigSupply  stm32h7xx_hal_pwr_ex.o
    0x080055cc   0x080055cc   0x00000010   Code   RO         2886    i.HAL_PWREx_EnableUSBVoltageDetector  stm32h7xx_hal_pwr_ex.o
    0x080055dc   0x080055dc   0x00000024   Code   RO         1911    i.HAL_RCCEx_GetD3PCLK1Freq  stm32h7xx_hal_rcc_ex.o
    0x08005600   0x08005600   0x0000013c   Code   RO         1913    i.HAL_RCCEx_GetPLL2ClockFreq  stm32h7xx_hal_rcc_ex.o
    0x0800573c   0x0800573c   0x0000013c   Code   RO         1914    i.HAL_RCCEx_GetPLL3ClockFreq  stm32h7xx_hal_rcc_ex.o
    0x08005878   0x08005878   0x000009a8   Code   RO         1920    i.HAL_RCCEx_PeriphCLKConfig  stm32h7xx_hal_rcc_ex.o
    0x08006220   0x08006220   0x00000270   Code   RO         1796    i.HAL_RCC_ClockConfig  stm32h7xx_hal_rcc.o
    0x08006490   0x08006490   0x00000060   Code   RO         1800    i.HAL_RCC_GetClockConfig  stm32h7xx_hal_rcc.o
    0x080064f0   0x080064f0   0x00000044   Code   RO         1801    i.HAL_RCC_GetHCLKFreq  stm32h7xx_hal_rcc.o
    0x08006534   0x08006534   0x00000024   Code   RO         1803    i.HAL_RCC_GetPCLK1Freq  stm32h7xx_hal_rcc.o
    0x08006558   0x08006558   0x00000024   Code   RO         1804    i.HAL_RCC_GetPCLK2Freq  stm32h7xx_hal_rcc.o
    0x0800657c   0x0800657c   0x00000130   Code   RO         1805    i.HAL_RCC_GetSysClockFreq  stm32h7xx_hal_rcc.o
    0x080066ac   0x080066ac   0x0000056e   Code   RO         1808    i.HAL_RCC_OscConfig  stm32h7xx_hal_rcc.o
    0x08006c1a   0x08006c1a   0x00000002   PAD
    0x08006c1c   0x08006c1c   0x00000170   Code   RO         4184    i.HAL_SPI_Init      stm32h7xx_hal_spi.o
    0x08006d8c   0x08006d8c   0x000000a8   Code   RO          424    i.HAL_SPI_MspInit   spi.o
    0x08006e34   0x08006e34   0x000001c6   Code   RO         4187    i.HAL_SPI_Receive   stm32h7xx_hal_spi.o
    0x08006ffa   0x08006ffa   0x00000244   Code   RO         4193    i.HAL_SPI_Transmit  stm32h7xx_hal_spi.o
    0x0800723e   0x0800723e   0x00000258   Code   RO         4194    i.HAL_SPI_TransmitReceive  stm32h7xx_hal_spi.o
    0x08007496   0x08007496   0x00000002   Code   RO         5218    i.HAL_TIMEx_Break2Callback  stm32h7xx_hal_tim_ex.o
    0x08007498   0x08007498   0x00000002   Code   RO         5219    i.HAL_TIMEx_BreakCallback  stm32h7xx_hal_tim_ex.o
    0x0800749a   0x0800749a   0x00000002   Code   RO         5220    i.HAL_TIMEx_CommutCallback  stm32h7xx_hal_tim_ex.o
    0x0800749c   0x0800749c   0x00000062   Code   RO         4504    i.HAL_TIM_Base_Init  stm32h7xx_hal_tim.o
    0x080074fe   0x080074fe   0x00000002   Code   RO         4506    i.HAL_TIM_Base_MspInit  stm32h7xx_hal_tim.o
    0x08007500   0x08007500   0x0000008c   Code   RO         4509    i.HAL_TIM_Base_Start_IT  stm32h7xx_hal_tim.o
    0x0800758c   0x0800758c   0x00000002   Code   RO         4538    i.HAL_TIM_IC_CaptureCallback  stm32h7xx_hal_tim.o
    0x0800758e   0x0800758e   0x00000184   Code   RO         4552    i.HAL_TIM_IRQHandler  stm32h7xx_hal_tim.o
    0x08007712   0x08007712   0x00000002   Code   RO         4555    i.HAL_TIM_OC_DelayElapsedCallback  stm32h7xx_hal_tim.o
    0x08007714   0x08007714   0x00000002   Code   RO         4582    i.HAL_TIM_PWM_PulseFinishedCallback  stm32h7xx_hal_tim.o
    0x08007716   0x08007716   0x0000000e   Code   RO           14    i.HAL_TIM_PeriodElapsedCallback  main.o
    0x08007724   0x08007724   0x00000002   Code   RO         4595    i.HAL_TIM_TriggerCallback  stm32h7xx_hal_tim.o
    0x08007726   0x08007726   0x0000003e   Code   RO         5929    i.HAL_UARTEx_DisableFifoMode  stm32h7xx_hal_uart_ex.o
    0x08007764   0x08007764   0x00000002   Code   RO         5518    i.HAL_UARTEx_RxEventCallback  stm32h7xx_hal_uart.o
    0x08007766   0x08007766   0x00000002   Code   RO         5937    i.HAL_UARTEx_RxFifoFullCallback  stm32h7xx_hal_uart_ex.o
    0x08007768   0x08007768   0x0000004c   Code   RO         5938    i.HAL_UARTEx_SetRxFifoThreshold  stm32h7xx_hal_uart_ex.o
    0x080077b4   0x080077b4   0x0000004c   Code   RO         5939    i.HAL_UARTEx_SetTxFifoThreshold  stm32h7xx_hal_uart_ex.o
    0x08007800   0x08007800   0x00000002   Code   RO         5941    i.HAL_UARTEx_TxFifoEmptyCallback  stm32h7xx_hal_uart_ex.o
    0x08007802   0x08007802   0x00000002   Code   RO         5942    i.HAL_UARTEx_WakeupCallback  stm32h7xx_hal_uart_ex.o
    0x08007804   0x08007804   0x00000002   Code   RO         5534    i.HAL_UART_ErrorCallback  stm32h7xx_hal_uart.o
    0x08007806   0x08007806   0x00000002   PAD
    0x08007808   0x08007808   0x00000384   Code   RO         5537    i.HAL_UART_IRQHandler  stm32h7xx_hal_uart.o
    0x08007b8c   0x08007b8c   0x0000006a   Code   RO         5538    i.HAL_UART_Init     stm32h7xx_hal_uart.o
    0x08007bf6   0x08007bf6   0x00000002   PAD
    0x08007bf8   0x08007bf8   0x000000b0   Code   RO          466    i.HAL_UART_MspInit  usart.o
    0x08007ca8   0x08007ca8   0x00000002   Code   RO         5550    i.HAL_UART_TxCpltCallback  stm32h7xx_hal_uart.o
    0x08007caa   0x08007caa   0x00000002   PAD
    0x08007cac   0x08007cac   0x00000020   Code   RO          510    i.HardFault_Handler  stm32h7xx_it.o
    0x08007ccc   0x08007ccc   0x00000030   Code   RO         9087    i.IIC_Init          soft_i2c.o
    0x08007cfc   0x08007cfc   0x00000010   Code   RO           15    i.IIC_SDA_Read_Pin  main.o
    0x08007d0c   0x08007d0c   0x00000060   Code   RO         9091    i.IIC_Send_Byte     soft_i2c.o
    0x08007d6c   0x08007d6c   0x0000003c   Code   RO         9092    i.IIC_Start         soft_i2c.o
    0x08007da8   0x08007da8   0x00000038   Code   RO         9093    i.IIC_Stop          soft_i2c.o
    0x08007de0   0x08007de0   0x00000060   Code   RO         9095    i.IIC_Wait_ACK      soft_i2c.o
    0x08007e40   0x08007e40   0x00000036   Code   RO          827    i.IntToUnicode      usbd_desc.o
    0x08007e76   0x08007e76   0x00000002   PAD
    0x08007e78   0x08007e78   0x0000002c   Code   RO          399    i.MX_DMA_Init       dma.o
    0x08007ea4   0x08007ea4   0x0000001c   Code   RO          737    i.MX_FATFS_Init     fatfs.o
    0x08007ec0   0x08007ec0   0x00000030   Code   RO          350    i.MX_FREERTOS_Init  freertos.o
    0x08007ef0   0x08007ef0   0x000000d4   Code   RO          322    i.MX_GPIO_Init      gpio.o
    0x08007fc4   0x08007fc4   0x00000060   Code   RO          425    i.MX_SPI1_Init      spi.o
    0x08008024   0x08008024   0x00000068   Code   RO          467    i.MX_USART1_UART_Init  usart.o
    0x0800808c   0x0800808c   0x00000054   Code   RO          775    i.MX_USB_DEVICE_Init  usb_device.o
    0x080080e0   0x080080e0   0x00000020   Code   RO          511    i.MemManage_Handler  stm32h7xx_it.o
    0x08008100   0x08008100   0x00000018   Code   RO          512    i.NMI_Handler       stm32h7xx_it.o
    0x08008118   0x08008118   0x00000022   Code   RO         9376    i.OLED_Clear        oled_ssd1306_1_3.o
    0x0800813a   0x0800813a   0x00000002   PAD
    0x0800813c   0x0800813c   0x00000158   Code   RO         9377    i.OLED_Init         oled_ssd1306_1_3.o
    0x08008294   0x08008294   0x00000026   Code   RO         9378    i.OLED_Set_Cursor   oled_ssd1306_1_3.o
    0x080082ba   0x080082ba   0x00000002   PAD
    0x080082bc   0x080082bc   0x00000064   Code   RO         9379    i.OLED_Show_Char    oled_ssd1306_1_3.o
    0x08008320   0x08008320   0x000000cc   Code   RO         9382    i.OLED_Write_Command  oled_ssd1306_1_3.o
    0x080083ec   0x080083ec   0x00000022   Code   RO         9383    i.OLED_Write_Data   oled_ssd1306_1_3.o
    0x0800840e   0x0800840e   0x00000002   PAD
    0x08008410   0x08008410   0x0000000c   Code   RO          513    i.OTG_FS_IRQHandler  stm32h7xx_it.o
    0x0800841c   0x0800841c   0x000000cc   Code   RO         1220    i.PCD_EP_OutXfrComplete_int  stm32h7xx_hal_pcd.o
    0x080084e8   0x080084e8   0x00000098   Code   RO         1221    i.PCD_WriteEmptyTxFifo  stm32h7xx_hal_pcd.o
    0x08008580   0x08008580   0x0000004c   Code   RO           16    i.PeriphCommonClock_Config  main.o
    0x080085cc   0x080085cc   0x00000114   Code   RO         1923    i.RCCEx_PLL2_Config  stm32h7xx_hal_rcc_ex.o
    0x080086e0   0x080086e0   0x00000114   Code   RO         1924    i.RCCEx_PLL3_Config  stm32h7xx_hal_rcc_ex.o
    0x080087f4   0x080087f4   0x00000044   Code   RO           17    i.SCL_OUT           main.o
    0x08008838   0x08008838   0x00000018   Code   RO           18    i.SCL_Set_Pin       main.o
    0x08008850   0x08008850   0x00000044   Code   RO           20    i.SDA_OUT           main.o
    0x08008894   0x08008894   0x00000018   Code   RO           21    i.SDA_Set_Pin       main.o
    0x080088ac   0x080088ac   0x000000bc   Code   RO         8744    i.SHELL_LOG_LEVEL   uni_shell.o
    0x08008968   0x08008968   0x000000bc   Code   RO         4204    i.SPI_CloseTransfer  stm32h7xx_hal_spi.o
    0x08008a24   0x08008a24   0x00000044   Code   RO         4221    i.SPI_WaitOnFlagUntilTimeout  stm32h7xx_hal_spi.o
    0x08008a68   0x08008a68   0x0000000a   Code   RO         8491    i.SWAPBYTE          usbd_ctlreq.o
    0x08008a72   0x08008a72   0x00000002   PAD
    0x08008a74   0x08008a74   0x0000002c   Code   RO          351    i.StartDefaultTask  freertos.o
    0x08008aa0   0x08008aa0   0x0000001a   Code   RO         7680    i.SysTick_Handler   cmsis_os2.o
    0x08008aba   0x08008aba   0x00000002   PAD
    0x08008abc   0x08008abc   0x000000a8   Code   RO           22    i.SystemClock_Config  main.o
    0x08008b64   0x08008b64   0x000000dc   Code   RO         6048    i.SystemInit        system_stm32h7xx.o
    0x08008c40   0x08008c40   0x0000000c   Code   RO          514    i.TIM2_IRQHandler   stm32h7xx_it.o
    0x08008c4c   0x08008c4c   0x000000c0   Code   RO         4597    i.TIM_Base_SetConfig  stm32h7xx_hal_tim.o
    0x08008d0c   0x08008d0c   0x00000044   Code   RO         5943    i.UARTEx_SetNbDataToProcess  stm32h7xx_hal_uart_ex.o
    0x08008d50   0x08008d50   0x000000c8   Code   RO         5552    i.UART_AdvFeatureConfig  stm32h7xx_hal_uart.o
    0x08008e18   0x08008e18   0x000000ac   Code   RO         5553    i.UART_CheckIdleState  stm32h7xx_hal_uart.o
    0x08008ec4   0x08008ec4   0x00000014   Code   RO         5554    i.UART_DMAAbortOnError  stm32h7xx_hal_uart.o
    0x08008ed8   0x08008ed8   0x00000054   Code   RO         5564    i.UART_EndRxTransfer  stm32h7xx_hal_uart.o
    0x08008f2c   0x08008f2c   0x0000039c   Code   RO         5570    i.UART_SetConfig    stm32h7xx_hal_uart.o
    0x080092c8   0x080092c8   0x0000008a   Code   RO         5577    i.UART_WaitOnFlagUntilTimeout  stm32h7xx_hal_uart.o
    0x08009352   0x08009352   0x00000002   PAD
    0x08009354   0x08009354   0x0000000c   Code   RO          515    i.USART1_IRQHandler  stm32h7xx_it.o
    0x08009360   0x08009360   0x00000076   Code   RO         8632    i.USBD_CDC_DataIn   usbd_cdc.o
    0x080093d6   0x080093d6   0x0000003c   Code   RO         8633    i.USBD_CDC_DataOut  usbd_cdc.o
    0x08009412   0x08009412   0x00000002   PAD
    0x08009414   0x08009414   0x00000090   Code   RO         8634    i.USBD_CDC_DeInit   usbd_cdc.o
    0x080094a4   0x080094a4   0x00000036   Code   RO         8635    i.USBD_CDC_EP0_RxReady  usbd_cdc.o
    0x080094da   0x080094da   0x00000002   PAD
    0x080094dc   0x080094dc   0x0000000c   Code   RO         8636    i.USBD_CDC_GetDeviceQualifierDescriptor  usbd_cdc.o
    0x080094e8   0x080094e8   0x0000003c   Code   RO         8637    i.USBD_CDC_GetFSCfgDesc  usbd_cdc.o
    0x08009524   0x08009524   0x00000040   Code   RO         8638    i.USBD_CDC_GetHSCfgDesc  usbd_cdc.o
    0x08009564   0x08009564   0x0000003c   Code   RO         8639    i.USBD_CDC_GetOtherSpeedCfgDesc  usbd_cdc.o
    0x080095a0   0x080095a0   0x00000118   Code   RO         8640    i.USBD_CDC_Init     usbd_cdc.o
    0x080096b8   0x080096b8   0x00000038   Code   RO         8641    i.USBD_CDC_ReceivePacket  usbd_cdc.o
    0x080096f0   0x080096f0   0x00000016   Code   RO         8642    i.USBD_CDC_RegisterInterface  usbd_cdc.o
    0x08009706   0x08009706   0x0000001a   Code   RO         8643    i.USBD_CDC_SetRxBuffer  usbd_cdc.o
    0x08009720   0x08009720   0x0000001e   Code   RO         8644    i.USBD_CDC_SetTxBuffer  usbd_cdc.o
    0x0800973e   0x0800973e   0x000000d4   Code   RO         8645    i.USBD_CDC_Setup    usbd_cdc.o
    0x08009812   0x08009812   0x00000002   PAD
    0x08009814   0x08009814   0x00000050   Code   RO         8646    i.USBD_CDC_TransmitPacket  usbd_cdc.o
    0x08009864   0x08009864   0x00000014   Code   RO         8328    i.USBD_ClrClassConfig  usbd_core.o
    0x08009878   0x08009878   0x00000004   Code   RO         8329    i.USBD_CoreFindEP   usbd_core.o
    0x0800987c   0x0800987c   0x00000004   Code   RO         8330    i.USBD_CoreFindIF   usbd_core.o
    0x08009880   0x08009880   0x00000010   Code   RO         8568    i.USBD_CtlContinueRx  usbd_ioreq.o
    0x08009890   0x08009890   0x00000010   Code   RO         8569    i.USBD_CtlContinueSendData  usbd_ioreq.o
    0x080098a0   0x080098a0   0x00000016   Code   RO         8492    i.USBD_CtlError     usbd_ctlreq.o
    0x080098b6   0x080098b6   0x0000001e   Code   RO         8570    i.USBD_CtlPrepareRx  usbd_ioreq.o
    0x080098d4   0x080098d4   0x00000016   Code   RO         8571    i.USBD_CtlReceiveStatus  usbd_ioreq.o
    0x080098ea   0x080098ea   0x0000001a   Code   RO         8572    i.USBD_CtlSendData  usbd_ioreq.o
    0x08009904   0x08009904   0x00000016   Code   RO         8573    i.USBD_CtlSendStatus  usbd_ioreq.o
    0x0800991a   0x0800991a   0x00000002   PAD
    0x0800991c   0x0800991c   0x00000020   Code   RO          828    i.USBD_FS_ConfigStrDescriptor  usbd_desc.o
    0x0800993c   0x0800993c   0x0000000c   Code   RO          829    i.USBD_FS_DeviceDescriptor  usbd_desc.o
    0x08009948   0x08009948   0x00000024   Code   RO          830    i.USBD_FS_InterfaceStrDescriptor  usbd_desc.o
    0x0800996c   0x0800996c   0x0000000c   Code   RO          831    i.USBD_FS_LangIDStrDescriptor  usbd_desc.o
    0x08009978   0x08009978   0x00000028   Code   RO          832    i.USBD_FS_ManufacturerStrDescriptor  usbd_desc.o
    0x080099a0   0x080099a0   0x0000002c   Code   RO          833    i.USBD_FS_ProductStrDescriptor  usbd_desc.o
    0x080099cc   0x080099cc   0x00000038   Code   RO          834    i.USBD_FS_SerialStrDescriptor  usbd_desc.o
    0x08009a04   0x08009a04   0x000000fa   Code   RO         8493    i.USBD_GetDescriptor  usbd_ctlreq.o
    0x08009afe   0x08009afe   0x0000003a   Code   RO         8332    i.USBD_GetEpDesc    usbd_core.o
    0x08009b38   0x08009b38   0x0000000e   Code   RO         8333    i.USBD_GetNextDesc  usbd_core.o
    0x08009b46   0x08009b46   0x00000048   Code   RO         8494    i.USBD_GetString    usbd_ctlreq.o
    0x08009b8e   0x08009b8e   0x00000018   Code   RO          988    i.USBD_Get_USB_Status  usbd_conf.o
    0x08009ba6   0x08009ba6   0x00000026   Code   RO         8334    i.USBD_Init         usbd_core.o
    0x08009bcc   0x08009bcc   0x00000012   Code   RO          989    i.USBD_LL_ClearStallEP  usbd_conf.o
    0x08009bde   0x08009bde   0x00000012   Code   RO          990    i.USBD_LL_CloseEP   usbd_conf.o
    0x08009bf0   0x08009bf0   0x000000b2   Code   RO         8335    i.USBD_LL_DataInStage  usbd_core.o
    0x08009ca2   0x08009ca2   0x00000096   Code   RO         8336    i.USBD_LL_DataOutStage  usbd_core.o
    0x08009d38   0x08009d38   0x00000004   Code   RO         8337    i.USBD_LL_DevConnected  usbd_core.o
    0x08009d3c   0x08009d3c   0x0000001e   Code   RO         8338    i.USBD_LL_DevDisconnected  usbd_core.o
    0x08009d5a   0x08009d5a   0x00000008   Code   RO          994    i.USBD_LL_GetRxDataSize  usbd_conf.o
    0x08009d62   0x08009d62   0x00000002   PAD
    0x08009d64   0x08009d64   0x00000064   Code   RO          995    i.USBD_LL_Init      usbd_conf.o
    0x08009dc8   0x08009dc8   0x00000020   Code   RO          996    i.USBD_LL_IsStallEP  usbd_conf.o
    0x08009de8   0x08009de8   0x00000028   Code   RO         8339    i.USBD_LL_IsoINIncomplete  usbd_core.o
    0x08009e10   0x08009e10   0x00000028   Code   RO         8340    i.USBD_LL_IsoOUTIncomplete  usbd_core.o
    0x08009e38   0x08009e38   0x00000018   Code   RO          997    i.USBD_LL_OpenEP    usbd_conf.o
    0x08009e50   0x08009e50   0x00000012   Code   RO          998    i.USBD_LL_PrepareReceive  usbd_conf.o
    0x08009e62   0x08009e62   0x0000005c   Code   RO         8341    i.USBD_LL_Reset     usbd_core.o
    0x08009ebe   0x08009ebe   0x00000014   Code   RO         8342    i.USBD_LL_Resume    usbd_core.o
    0x08009ed2   0x08009ed2   0x0000001a   Code   RO         8343    i.USBD_LL_SOF       usbd_core.o
    0x08009eec   0x08009eec   0x00000006   Code   RO         8344    i.USBD_LL_SetSpeed  usbd_core.o
    0x08009ef2   0x08009ef2   0x00000012   Code   RO          999    i.USBD_LL_SetUSBAddress  usbd_conf.o
    0x08009f04   0x08009f04   0x00000060   Code   RO         8345    i.USBD_LL_SetupStage  usbd_core.o
    0x08009f64   0x08009f64   0x00000012   Code   RO         1000    i.USBD_LL_StallEP   usbd_conf.o
    0x08009f76   0x08009f76   0x00000012   Code   RO         1001    i.USBD_LL_Start     usbd_conf.o
    0x08009f88   0x08009f88   0x0000001a   Code   RO         8346    i.USBD_LL_Suspend   usbd_core.o
    0x08009fa2   0x08009fa2   0x00000012   Code   RO         1003    i.USBD_LL_Transmit  usbd_conf.o
    0x08009fb4   0x08009fb4   0x0000002e   Code   RO         8495    i.USBD_ParseSetupRequest  usbd_ctlreq.o
    0x08009fe2   0x08009fe2   0x0000003a   Code   RO         8347    i.USBD_RegisterClass  usbd_core.o
    0x0800a01c   0x0800a01c   0x00000014   Code   RO         8349    i.USBD_SetClassConfig  usbd_core.o
    0x0800a030   0x0800a030   0x000000b8   Code   RO         8496    i.USBD_SetConfig    usbd_ctlreq.o
    0x0800a0e8   0x0800a0e8   0x00000004   Code   RO         8350    i.USBD_Start        usbd_core.o
    0x0800a0ec   0x0800a0ec   0x0000012c   Code   RO         8497    i.USBD_StdDevReq    usbd_ctlreq.o
    0x0800a218   0x0800a218   0x00000160   Code   RO         8498    i.USBD_StdEPReq     usbd_ctlreq.o
    0x0800a378   0x0800a378   0x00000072   Code   RO         8499    i.USBD_StdItfReq    usbd_ctlreq.o
    0x0800a3ea   0x0800a3ea   0x00000002   Code   RO         1004    i.USBD_static_free  usbd_conf.o
    0x0800a3ec   0x0800a3ec   0x00000008   Code   RO         1005    i.USBD_static_malloc  usbd_conf.o
    0x0800a3f4   0x0800a3f4   0x00000080   Code   RO         1491    i.USB_ActivateEndpoint  stm32h7xx_ll_usb.o
    0x0800a474   0x0800a474   0x0000001c   Code   RO         1493    i.USB_ActivateSetup  stm32h7xx_ll_usb.o
    0x0800a490   0x0800a490   0x00000088   Code   RO         1495    i.USB_CoreInit      stm32h7xx_ll_usb.o
    0x0800a518   0x0800a518   0x00000040   Code   RO         1496    i.USB_CoreReset     stm32h7xx_ll_usb.o
    0x0800a558   0x0800a558   0x000000d0   Code   RO         1499    i.USB_DeactivateEndpoint  stm32h7xx_ll_usb.o
    0x0800a628   0x0800a628   0x0000001c   Code   RO         1500    i.USB_DevConnect    stm32h7xx_ll_usb.o
    0x0800a644   0x0800a644   0x0000001c   Code   RO         1501    i.USB_DevDisconnect  stm32h7xx_ll_usb.o
    0x0800a660   0x0800a660   0x00000170   Code   RO         1502    i.USB_DevInit       stm32h7xx_ll_usb.o
    0x0800a7d0   0x0800a7d0   0x0000000c   Code   RO         1503    i.USB_DisableGlobalInt  stm32h7xx_ll_usb.o
    0x0800a7dc   0x0800a7dc   0x00000058   Code   RO         1506    i.USB_EP0_OutStart  stm32h7xx_ll_usb.o
    0x0800a834   0x0800a834   0x00000058   Code   RO         1507    i.USB_EPClearStall  stm32h7xx_ll_usb.o
    0x0800a88c   0x0800a88c   0x00000058   Code   RO         1508    i.USB_EPSetStall    stm32h7xx_ll_usb.o
    0x0800a8e4   0x0800a8e4   0x00000230   Code   RO         1509    i.USB_EPStartXfer   stm32h7xx_ll_usb.o
    0x0800ab14   0x0800ab14   0x0000009c   Code   RO         1510    i.USB_EPStopXfer    stm32h7xx_ll_usb.o
    0x0800abb0   0x0800abb0   0x0000000c   Code   RO         1511    i.USB_EnableGlobalInt  stm32h7xx_ll_usb.o
    0x0800abbc   0x0800abbc   0x0000003c   Code   RO         1512    i.USB_FlushRxFifo   stm32h7xx_ll_usb.o
    0x0800abf8   0x0800abf8   0x00000040   Code   RO         1513    i.USB_FlushTxFifo   stm32h7xx_ll_usb.o
    0x0800ac38   0x0800ac38   0x0000001a   Code   RO         1515    i.USB_GetDevSpeed   stm32h7xx_ll_usb.o
    0x0800ac52   0x0800ac52   0x00000008   Code   RO         1517    i.USB_GetMode       stm32h7xx_ll_usb.o
    0x0800ac5a   0x0800ac5a   0x0000000e   Code   RO         1525    i.USB_ReadDevAllInEpInterrupt  stm32h7xx_ll_usb.o
    0x0800ac68   0x0800ac68   0x0000000e   Code   RO         1526    i.USB_ReadDevAllOutEpInterrupt  stm32h7xx_ll_usb.o
    0x0800ac76   0x0800ac76   0x00000024   Code   RO         1527    i.USB_ReadDevInEPInterrupt  stm32h7xx_ll_usb.o
    0x0800ac9a   0x0800ac9a   0x00000010   Code   RO         1528    i.USB_ReadDevOutEPInterrupt  stm32h7xx_ll_usb.o
    0x0800acaa   0x0800acaa   0x00000008   Code   RO         1529    i.USB_ReadInterrupts  stm32h7xx_ll_usb.o
    0x0800acb2   0x0800acb2   0x0000003e   Code   RO         1530    i.USB_ReadPacket    stm32h7xx_ll_usb.o
    0x0800acf0   0x0800acf0   0x0000005c   Code   RO         1532    i.USB_SetCurrentMode  stm32h7xx_ll_usb.o
    0x0800ad4c   0x0800ad4c   0x00000022   Code   RO         1533    i.USB_SetDevAddress  stm32h7xx_ll_usb.o
    0x0800ad6e   0x0800ad6e   0x00000002   PAD
    0x0800ad70   0x0800ad70   0x000000e8   Code   RO         1535    i.USB_SetTurnaroundTime  stm32h7xx_ll_usb.o
    0x0800ae58   0x0800ae58   0x00000026   Code   RO         1538    i.USB_WritePacket   stm32h7xx_ll_usb.o
    0x0800ae7e   0x0800ae7e   0x00000002   PAD
    0x0800ae80   0x0800ae80   0x0000001c   Code   RO          653    i.USER_initialize   user_diskio.o
    0x0800ae9c   0x0800ae9c   0x00000004   Code   RO          654    i.USER_ioctl        user_diskio.o
    0x0800aea0   0x0800aea0   0x00000048   Code   RO          655    i.USER_read         user_diskio.o
    0x0800aee8   0x0800aee8   0x00000014   Code   RO          656    i.USER_status       user_diskio.o
    0x0800aefc   0x0800aefc   0x00000034   Code   RO          657    i.USER_write        user_diskio.o
    0x0800af30   0x0800af30   0x00000020   Code   RO          516    i.UsageFault_Handler  stm32h7xx_it.o
    0x0800af50   0x0800af50   0x000000ec   Code   RO         8890    i.W25qxx_EraseSector  w25qxx_4m.o
    0x0800b03c   0x0800b03c   0x00000048   Code   RO         8900    i.W25qxx_ReadID     w25qxx_4m.o
    0x0800b084   0x0800b084   0x00000168   Code   RO         8901    i.W25qxx_ReadPage   w25qxx_4m.o
    0x0800b1ec   0x0800b1ec   0x00000110   Code   RO         8902    i.W25qxx_ReadSector  w25qxx_4m.o
    0x0800b2fc   0x0800b2fc   0x00000014   Code   RO         8906    i.W25qxx_SectorToPage  w25qxx_4m.o
    0x0800b310   0x0800b310   0x00000020   Code   RO         8907    i.W25qxx_Spi        w25qxx_4m.o
    0x0800b330   0x0800b330   0x0000004c   Code   RO         8908    i.W25qxx_WaitForWriteEnd  w25qxx_4m.o
    0x0800b37c   0x0800b37c   0x0000002c   Code   RO         8912    i.W25qxx_WriteEnable  w25qxx_4m.o
    0x0800b3a8   0x0800b3a8   0x00000188   Code   RO         8913    i.W25qxx_WritePage  w25qxx_4m.o
    0x0800b530   0x0800b530   0x00000114   Code   RO         8914    i.W25qxx_WriteSector  w25qxx_4m.o
    0x0800b644   0x0800b644   0x00000030   Code   RO         9768    i.__ARM_fpclassify  m_wv.l(fpclassify.o)
    0x0800b674   0x0800b674   0x00000020   Code   RO         3141    i.__NVIC_SetPriority  stm32h7xx_hal_cortex.o
    0x0800b694   0x0800b694   0x00000004   PAD
    0x0800b698   0x0800b698   0x000000dc   Code   RO         9688    i.__hardfp___mathlib_tofloat  m_wv.l(narrow.o)
    0x0800b774   0x0800b774   0x00000004   PAD
    0x0800b778   0x0800b778   0x00000018   Code   RO         9832    i.__mathlib_dbl_overflow  m_wv.l(dunder.o)
    0x0800b790   0x0800b790   0x00000018   Code   RO         9834    i.__mathlib_dbl_underflow  m_wv.l(dunder.o)
    0x0800b7a8   0x0800b7a8   0x00000012   Code   RO         9689    i.__mathlib_narrow  m_wv.l(narrow.o)
    0x0800b7ba   0x0800b7ba   0x00000006   PAD
    0x0800b7c0   0x0800b7c0   0x000000b8   Code   RO         9795    i.__support_ldexp   m_wv.l(ldexp.o)
    0x0800b878   0x0800b878   0x0000000e   Code   RO         9472    i._is_digit         c_w.l(__printf_wp.o)
    0x0800b886   0x0800b886   0x00000034   Code   RO         8746    i.clear_params      uni_shell.o
    0x0800b8ba   0x0800b8ba   0x00000002   PAD
    0x0800b8bc   0x0800b8bc   0x00000048   Code   RO         8747    i.cmd_buffer_add_byte  uni_shell.o
    0x0800b904   0x0800b904   0x00000020   Code   RO         8748    i.cmd_buffer_clear  uni_shell.o
    0x0800b924   0x0800b924   0x0000003c   Code   RO         8749    i.cmd_buffer_remove_byte  uni_shell.o
    0x0800b960   0x0800b960   0x00000034   Code   RO         8750    i.cmd_clear         uni_shell.o
    0x0800b994   0x0800b994   0x0000006c   Code   RO         9202    i.cmd_filetest      shelltask.o
    0x0800ba00   0x0800ba00   0x00000100   Code   RO         8751    i.cmd_logo          uni_shell.o
    0x0800bb00   0x0800bb00   0x00000004   Code   RO         8752    i.cmd_reboot        uni_shell.o
    0x0800bb04   0x0800bb04   0x0000004c   Code   RO         9203    i.cmd_setled        shelltask.o
    0x0800bb50   0x0800bb50   0x00000080   Code   RO         9204    i.cmd_spi           shelltask.o
    0x0800bbd0   0x0800bbd0   0x00000032   Code   RO         8753    i.command_add_param  uni_shell.o
    0x0800bc02   0x0800bc02   0x00000044   Code   RO         8754    i.command_get_param  uni_shell.o
    0x0800bc46   0x0800bc46   0x00000002   PAD
    0x0800bc48   0x0800bc48   0x00000198   Code   RO         8755    i.command_get_param_value  uni_shell.o
    0x0800bde0   0x0800bde0   0x000001fc   Code   RO         8756    i.decode_command    uni_shell.o
    0x0800bfdc   0x0800bfdc   0x00000002   Code   RO         8757    i.enter_callback    uni_shell.o
    0x0800bfde   0x0800bfde   0x00000002   PAD
    0x0800bfe0   0x0800bfe0   0x0000008c   Code   RO         9772    i.frexp             m_wv.l(frexp.o)
    0x0800c06c   0x0800c06c   0x00000014   Code   RO           23    i.get_cpu_frq       main.o
    0x0800c080   0x0800c080   0x0000000a   Code   RO         9102    i.iic_delay         soft_i2c.o
    0x0800c08a   0x0800c08a   0x00000002   PAD
    0x0800c08c   0x0800c08c   0x00000064   Code   RO           24    i.main              main.o
    0x0800c0f0   0x0800c0f0   0x0000001a   Code   RO         7682    i.osDelay           cmsis_os2.o
    0x0800c10a   0x0800c10a   0x00000002   PAD
    0x0800c10c   0x0800c10c   0x00000024   Code   RO         7696    i.osKernelInitialize  cmsis_os2.o
    0x0800c130   0x0800c130   0x00000038   Code   RO         7699    i.osKernelStart     cmsis_os2.o
    0x0800c168   0x0800c168   0x00000088   Code   RO         7741    i.osThreadNew       cmsis_os2.o
    0x0800c1f0   0x0800c1f0   0x0000004c   Code   RO         8758    i.param_is_configured  uni_shell.o
    0x0800c23c   0x0800c23c   0x0000005c   Code   RO         7141    i.prvAddCurrentTaskToDelayedList  tasks.o
    0x0800c298   0x0800c298   0x000000d0   Code   RO         7142    i.prvAddNewTaskToReadyList  tasks.o
    0x0800c368   0x0800c368   0x00000058   Code   RO         7506    i.prvCheckForValidListAndQueue  timers.o
    0x0800c3c0   0x0800c3c0   0x00000026   Code   RO         6747    i.prvCopyDataFromQueue  queue.o
    0x0800c3e6   0x0800c3e6   0x0000006c   Code   RO         6748    i.prvCopyDataToQueue  queue.o
    0x0800c452   0x0800c452   0x00000034   Code   RO         7143    i.prvDeleteTCB      tasks.o
    0x0800c486   0x0800c486   0x00000002   PAD
    0x0800c488   0x0800c488   0x0000004c   Code   RO         8193    i.prvHeapInit       heap_4.o
    0x0800c4d4   0x0800c4d4   0x0000005c   Code   RO         7144    i.prvIdleTask       tasks.o
    0x0800c530   0x0800c530   0x00000020   Code   RO         6750    i.prvInitialiseNewQueue  queue.o
    0x0800c550   0x0800c550   0x000000aa   Code   RO         7145    i.prvInitialiseNewTask  tasks.o
    0x0800c5fa   0x0800c5fa   0x00000002   PAD
    0x0800c5fc   0x0800c5fc   0x0000004c   Code   RO         8194    i.prvInsertBlockIntoFreeList  heap_4.o
    0x0800c648   0x0800c648   0x00000038   Code   RO         7508    i.prvInsertTimerInActiveList  timers.o
    0x0800c680   0x0800c680   0x0000001a   Code   RO         6751    i.prvIsQueueEmpty   queue.o
    0x0800c69a   0x0800c69a   0x00000002   PAD
    0x0800c69c   0x0800c69c   0x000000f8   Code   RO         7509    i.prvProcessReceivedCommands  timers.o
    0x0800c794   0x0800c794   0x000000c0   Code   RO         7510    i.prvProcessTimerOrBlockTask  timers.o
    0x0800c854   0x0800c854   0x00000020   Code   RO         7147    i.prvResetNextTaskUnblockTime  tasks.o
    0x0800c874   0x0800c874   0x00000028   Code   RO         7511    i.prvSampleTimeNow  timers.o
    0x0800c89c   0x0800c89c   0x0000006c   Code   RO         7512    i.prvSwitchTimerLists  timers.o
    0x0800c908   0x0800c908   0x00000014   Code   RO         7148    i.prvTaskCheckFreeStackSpace  tasks.o
    0x0800c91c   0x0800c91c   0x00000028   Code   RO         8249    i.prvTaskExitError  port.o
    0x0800c944   0x0800c944   0x00000028   Code   RO         7513    i.prvTimerTask      timers.o
    0x0800c96c   0x0800c96c   0x0000006a   Code   RO         6752    i.prvUnlockQueue    queue.o
    0x0800c9d6   0x0800c9d6   0x00000002   PAD
    0x0800c9d8   0x0800c9d8   0x000000dc   Code   RO         8195    i.pvPortMalloc      heap_4.o
    0x0800cab4   0x0800cab4   0x0000002c   Code   RO         8250    i.pxPortInitialiseStack  port.o
    0x0800cae0   0x0800cae0   0x00000038   Code   RO         8759    i.register_command  uni_shell.o
    0x0800cb18   0x0800cb18   0x000002d8   Code   RO         8760    i.shell_exec        uni_shell.o
    0x0800cdf0   0x0800cdf0   0x00000058   Code   RO         8761    i.shell_init        uni_shell.o
    0x0800ce48   0x0800ce48   0x000000f0   Code   RO         9205    i.shell_task        shelltask.o
    0x0800cf38   0x0800cf38   0x0000006c   Code   RO         9206    i.show_msg          shelltask.o
    0x0800cfa4   0x0800cfa4   0x00000026   Code   RO         6707    i.uxListRemove      list.o
    0x0800cfca   0x0800cfca   0x00000002   PAD
    0x0800cfcc   0x0800cfcc   0x00000010   Code   RO         7154    i.uxTaskGetStackHighWaterMark  tasks.o
    0x0800cfdc   0x0800cfdc   0x00000014   Code   RO         7753    i.vApplicationGetIdleTaskMemory  cmsis_os2.o
    0x0800cff0   0x0800cff0   0x00000018   Code   RO         7754    i.vApplicationGetTimerTaskMemory  cmsis_os2.o
    0x0800d008   0x0800d008   0x00000016   Code   RO         6708    i.vListInitialise   list.o
    0x0800d01e   0x0800d01e   0x00000006   Code   RO         6709    i.vListInitialiseItem  list.o
    0x0800d024   0x0800d024   0x00000030   Code   RO         6710    i.vListInsert       list.o
    0x0800d054   0x0800d054   0x00000018   Code   RO         6711    i.vListInsertEnd    list.o
    0x0800d06c   0x0800d06c   0x00000040   Code   RO         8252    i.vPortEnterCritical  port.o
    0x0800d0ac   0x0800d0ac   0x00000028   Code   RO         8253    i.vPortExitCritical  port.o
    0x0800d0d4   0x0800d0d4   0x00000064   Code   RO         8196    i.vPortFree         heap_4.o
    0x0800d138   0x0800d138   0x00000024   Code   RO         8254    i.vPortSetupTimerInterrupt  port.o
    0x0800d15c   0x0800d15c   0x00000054   Code   RO         8255    i.vPortValidateInterruptPriority  port.o
    0x0800d1b0   0x0800d1b0   0x00000024   Code   RO         6758    i.vQueueAddToRegistry  queue.o
    0x0800d1d4   0x0800d1d4   0x00000044   Code   RO         6762    i.vQueueWaitForMessageRestricted  queue.o
    0x0800d218   0x0800d218   0x0000004c   Code   RO         7160    i.vTaskDelay        tasks.o
    0x0800d264   0x0800d264   0x00000010   Code   RO         7165    i.vTaskInternalSetTimeOutState  tasks.o
    0x0800d274   0x0800d274   0x0000000c   Code   RO         7166    i.vTaskMissedYield  tasks.o
    0x0800d280   0x0800d280   0x00000030   Code   RO         7168    i.vTaskPlaceOnEventList  tasks.o
    0x0800d2b0   0x0800d2b0   0x00000038   Code   RO         7169    i.vTaskPlaceOnEventListRestricted  tasks.o
    0x0800d2e8   0x0800d2e8   0x00000084   Code   RO         7177    i.vTaskStartScheduler  tasks.o
    0x0800d36c   0x0800d36c   0x00000010   Code   RO         7179    i.vTaskSuspendAll   tasks.o
    0x0800d37c   0x0800d37c   0x00000064   Code   RO         7180    i.vTaskSwitchContext  tasks.o
    0x0800d3e0   0x0800d3e0   0x000000f4   Code   RO         8256    i.xPortStartScheduler  port.o
    0x0800d4d4   0x0800d4d4   0x0000002c   Code   RO         8257    i.xPortSysTickHandler  port.o
    0x0800d500   0x0800d500   0x00000066   Code   RO         6768    i.xQueueGenericCreateStatic  queue.o
    0x0800d566   0x0800d566   0x00000002   PAD
    0x0800d568   0x0800d568   0x00000088   Code   RO         6769    i.xQueueGenericReset  queue.o
    0x0800d5f0   0x0800d5f0   0x00000164   Code   RO         6770    i.xQueueGenericSend  queue.o
    0x0800d754   0x0800d754   0x000000be   Code   RO         6771    i.xQueueGenericSendFromISR  queue.o
    0x0800d812   0x0800d812   0x00000002   PAD
    0x0800d814   0x0800d814   0x00000138   Code   RO         6780    i.xQueueReceive     queue.o
    0x0800d94c   0x0800d94c   0x00000074   Code   RO         7182    i.xTaskCheckForTimeOut  tasks.o
    0x0800d9c0   0x0800d9c0   0x0000005a   Code   RO         7183    i.xTaskCreate       tasks.o
    0x0800da1a   0x0800da1a   0x0000005a   Code   RO         7184    i.xTaskCreateStatic  tasks.o
    0x0800da74   0x0800da74   0x0000001c   Code   RO         7188    i.xTaskGetSchedulerState  tasks.o
    0x0800da90   0x0800da90   0x0000000c   Code   RO         7189    i.xTaskGetTickCount  tasks.o
    0x0800da9c   0x0800da9c   0x000000c8   Code   RO         7191    i.xTaskIncrementTick  tasks.o
    0x0800db64   0x0800db64   0x0000007c   Code   RO         7194    i.xTaskPriorityDisinherit  tasks.o
    0x0800dbe0   0x0800dbe0   0x00000070   Code   RO         7196    i.xTaskRemoveFromEventList  tasks.o
    0x0800dc50   0x0800dc50   0x000000c0   Code   RO         7197    i.xTaskResumeAll    tasks.o
    0x0800dd10   0x0800dd10   0x00000060   Code   RO         7522    i.xTimerCreateTimerTask  timers.o
    0x0800dd70   0x0800dd70   0x00000064   Code   RO         7523    i.xTimerGenericCommand  timers.o
    0x0800ddd4   0x0800ddd4   0x0000002c   Code   RO         9673    locale$$code        c_w.l(lc_numeric_c.o)
    0x0800de00   0x0800de00   0x0000002c   Code   RO         9783    locale$$code        c_w.l(lc_ctype_c.o)
    0x0800de2c   0x0800de2c   0x00000010   Code   RO         9861    x$fpl$dcheck1       fz_wv.l(dcheck1.o)
    0x0800de3c   0x0800de3c   0x0000000a   Code   RO         9791    x$fpl$fpinit        fz_wv.l(fpinit.o)
    0x0800de46   0x0800de46   0x00000006   Code   RO         9679    x$fpl$ieeestatus    fz_wv.l(istatus.o)
    0x0800de4c   0x0800de4c   0x00000004   Code   RO         9595    x$fpl$printf1       fz_wv.l(printf1.o)
    0x0800de50   0x0800de50   0x00000004   Code   RO         9597    x$fpl$printf2       fz_wv.l(printf2.o)
    0x0800de54   0x0800de54   0x00000064   Code   RO         9897    x$fpl$retnan        fz_wv.l(retnan.o)
    0x0800deb8   0x0800deb8   0x0000005c   Code   RO         9826    x$fpl$scalbn        fz_wv.l(scalbn.o)
    0x0800df14   0x0800df14   0x00000004   Code   RO         9516    x$fpl$scanf1        fz_wv.l(scanf1.o)
    0x0800df18   0x0800df18   0x00000008   Code   RO         9681    x$fpl$scanf2        fz_wv.l(scanf2.o)
    0x0800df20   0x0800df20   0x00000030   Code   RO         9899    x$fpl$trapveneer    fz_wv.l(trapv.o)
    0x0800df50   0x0800df50   0x00000000   Code   RO         9687    x$fpl$usenofp       fz_wv.l(usenofp.o)
    0x0800df50   0x0800df50   0x00000048   Data   RO          352    .constdata          freertos.o
    0x0800df98   0x0800df98   0x00000008   Data   RO         2432    .constdata          stm32h7xx_hal_dma.o
    0x0800dfa0   0x0800dfa0   0x00000018   Data   RO         5578    .constdata          stm32h7xx_hal_uart.o
    0x0800dfb8   0x0800dfb8   0x00000010   Data   RO         5944    .constdata          stm32h7xx_hal_uart_ex.o
    0x0800dfc8   0x0800dfc8   0x00000010   Data   RO         6049    .constdata          system_stm32h7xx.o
    0x0800dfd8   0x0800dfd8   0x00000050   Data   RO         8764    .constdata          uni_shell.o
    0x0800e028   0x0800e028   0x000005f0   Data   RO         9385    .constdata          oled_ssd1306_1_3.o
    0x0800e618   0x0800e618   0x00000011   Data   RO         9480    .constdata          c_w.l(__printf_flags_ss_wp.o)
    0x0800e629   0x0800e629   0x00000003   PAD
    0x0800e62c   0x0800e62c   0x00000008   Data   RO         9536    .constdata          c_w.l(_printf_wctomb.o)
    0x0800e634   0x0800e634   0x00000028   Data   RO         9565    .constdata          c_w.l(_printf_hex_int_ll_ptr.o)
    0x0800e65c   0x0800e65c   0x00000026   Data   RO         9637    .constdata          c_w.l(_printf_fp_hex.o)
    0x0800e682   0x0800e682   0x00000002   PAD
    0x0800e684   0x0800e684   0x00000094   Data   RO         9646    .constdata          c_w.l(bigflt0.o)
    0x0800e718   0x0800e718   0x00000018   Data   RO          353    .conststring        freertos.o
    0x0800e730   0x0800e730   0x00000006   Data   RO         8765    .conststring        uni_shell.o
    0x0800e736   0x0800e736   0x00000002   PAD
    0x0800e738   0x0800e738   0x00000020   Data   RO         9901    Region$$Table       anon$$obj.o
    0x0800e758   0x0800e758   0x00000008   Data   RO         9675    c$$dinf             fz_wv.l(fpconst.o)
    0x0800e760   0x0800e760   0x00000008   Data   RO         9678    c$$dmax             fz_wv.l(fpconst.o)
    0x0800e768   0x0800e768   0x0000001c   Data   RO         9672    locale$$data        c_w.l(lc_numeric_c.o)
    0x0800e784   0x0800e784   0x00000110   Data   RO         9782    locale$$data        c_w.l(lc_ctype_c.o)


    Execution Region RW_IRAM1 (Exec base: 0x20000000, Load base: 0x0800e894, Size: 0x00000000, Max: 0x00020000, ABSOLUTE)

    **** No section assigned to this execution region ****


    Execution Region RW_IRAM2 (Exec base: 0x24000000, Load base: 0x0800e894, Size: 0x000096e0, Max: 0x00080000, ABSOLUTE, COMPRESSED[0x000000dc])

    Exec Addr    Load Addr    Size         Type   Attr      Idx    E Section Name        Object

    0x24000000   COMPRESSED   0x00000008   Data   RW          354    .data               freertos.o
    0x24000008   COMPRESSED   0x00000001   Data   RW          662    .data               user_diskio.o
    0x24000009   COMPRESSED   0x00000003   PAD
    0x2400000c   COMPRESSED   0x00000014   Data   RW          663    .data               user_diskio.o
    0x24000020   COMPRESSED   0x00000005   Data   RW          741    .data               fatfs.o
    0x24000025   COMPRESSED   0x00000003   PAD
    0x24000028   COMPRESSED   0x00000020   Data   RW          836    .data               usbd_desc.o
    0x24000048   COMPRESSED   0x00000032   Data   RW          837    .data               usbd_desc.o
    0x2400007a   COMPRESSED   0x00000002   PAD
    0x2400007c   COMPRESSED   0x00000014   Data   RW          921    .data               usbd_cdc_if.o
    0x24000090   COMPRESSED   0x0000000c   Data   RW         3311    .data               stm32h7xx_hal.o
    0x2400009c   COMPRESSED   0x00000008   Data   RW         6050    .data               system_stm32h7xx.o
    0x240000a4   COMPRESSED   0x0000003c   Data   RW         7200    .data               tasks.o
    0x240000e0   COMPRESSED   0x00000014   Data   RW         7531    .data               timers.o
    0x240000f4   COMPRESSED   0x00000004   Data   RW         7756    .data               cmsis_os2.o
    0x240000f8   COMPRESSED   0x00000020   Data   RW         8202    .data               heap_4.o
    0x24000118   COMPRESSED   0x0000000c   Data   RW         8258    .data               port.o
    0x24000124   COMPRESSED   0x00000001   Data   RW         8500    .data               usbd_ctlreq.o
    0x24000125   COMPRESSED   0x00000003   PAD
    0x24000128   COMPRESSED   0x00000053   Data   RW         8647    .data               usbd_cdc.o
    0x2400017b   COMPRESSED   0x00000001   PAD
    0x2400017c   COMPRESSED   0x00000038   Data   RW         8648    .data               usbd_cdc.o
    0x240001b4   COMPRESSED   0x000001bc   Data   RW         8766    .data               uni_shell.o
    0x24000370   COMPRESSED   0x00000008   Data   RW         9103    .data               soft_i2c.o
    0x24000378        -       0x00000088   Zero   RW          426    .bss                spi.o
    0x24000400        -       0x0000010c   Zero   RW          468    .bss                usart.o
    0x2400050c        -       0x0000004c   Zero   RW          616    .bss                stm32h7xx_hal_timebase_tim.o
    0x24000558        -       0x000002dc   Zero   RW          776    .bss                usb_device.o
    0x24000834        -       0x00000200   Zero   RW          835    .bss                usbd_desc.o
    0x24000a34        -       0x00001000   Zero   RW          920    .bss                usbd_cdc_if.o
    0x24001a34        -       0x0000072c   Zero   RW         1006    .bss                usbd_conf.o
    0x24002160        -       0x0000000c   Zero   RW         6485    .bss                ff_gen_drv.o
    0x2400216c        -       0x00000040   Zero   RW         6784    .bss                queue.o
    0x240021ac        -       0x000004c4   Zero   RW         7199    .bss                tasks.o
    0x24002670        -       0x00000118   Zero   RW         7530    .bss                timers.o
    0x24002788        -       0x000006b8   Zero   RW         7755    .bss                cmsis_os2.o
    0x24002e40        -       0x00003c00   Zero   RW         8201    .bss                heap_4.o
    0x24006a40        -       0x00002616   Zero   RW         8763    .bss                uni_shell.o
    0x24009056   COMPRESSED   0x00000002   PAD
    0x24009058        -       0x00000028   Zero   RW         8916    .bss                w25qxx_4m.o
    0x24009080        -       0x00000060   Zero   RW         9697    .bss                c_w.l(libspace.o)
    0x240090e0        -       0x00000200   Zero   RW            2    HEAP                startup_stm32h750xx.o
    0x240092e0        -       0x00000400   Zero   RW            1    STACK               startup_stm32h750xx.o


==============================================================================

Image component sizes


      Code (inc. data)   RO Data    RW Data    ZI Data      Debug   Object Name

       324         22          0          4       1720      71067   cmsis_os2.o
        44          4          0          0          0        902   dma.o
         0          0          0          0          0      19416   event_groups.o
        28         10          0          5          0       1198   fatfs.o
         0          0          0          0          0        628   ff.o
        70          6          0          0         12       1639   ff_gen_drv.o
        92         26         96          8          0       4906   freertos.o
       212         12          0          0          0       1155   gpio.o
       472         24          0         32      15360       5091   heap_4.o
       138          0          0          0          0       3682   list.o
       582         52          0          0          0    1376855   main.o
       754        184       1520          0          0       5185   oled_ssd1306_1_3.o
       786         80          0         12          0      11657   port.o
      1510         18          0          0         64      17568   queue.o
       660        260          0          0          0       4014   shelltask.o
       366         28          0          8          0       4319   soft_i2c.o
       264         24          0          0        136       1941   spi.o
        64         26        664          0       1536        844   startup_stm32h750xx.o
       168         36          0         12          0      22729   stm32h7xx_hal.o
       194         24          0          0          0      39345   stm32h7xx_hal_cortex.o
      4760        124          8          0          0       9723   stm32h7xx_hal_dma.o
       512         50          0          0          0       3692   stm32h7xx_hal_gpio.o
        36          4          0          0          0        954   stm32h7xx_hal_msp.o
      2660         16          0          0          0      14200   stm32h7xx_hal_pcd.o
       118          6          0          0          0       3383   stm32h7xx_hal_pcd_ex.o
        96          8          0          0          0       1366   stm32h7xx_hal_pwr_ex.o
      2554        136          0          0          0       8033   stm32h7xx_hal_rcc.o
      3692        132          0          0          0       8073   stm32h7xx_hal_rcc_ex.o
      2258         12          0          0          0       8214   stm32h7xx_hal_spi.o
       828         66          0          0          0       7800   stm32h7xx_hal_tim.o
         6          0          0          0          0       2404   stm32h7xx_hal_tim_ex.o
       140         18          0          0         76       1607   stm32h7xx_hal_timebase_tim.o
      2550        130         24          0          0      30204   stm32h7xx_hal_uart.o
       288          6         16          0          0       5578   stm32h7xx_hal_uart_ex.o
       202        126          0          0          0       4729   stm32h7xx_it.o
      2696        134          0          0          0      23412   stm32h7xx_ll_usb.o
       220         40         16          8          0       1454   system_stm32h7xx.o
      2102        164          0         60       1220      28358   tasks.o
       968         84          0         20        280      32315   timers.o
      2772        578         86        444       9750      16663   uni_shell.o
       280         30          0          0        268       1981   usart.o
        84         18          0          0        732       2615   usb_device.o
      1278         36          0        139          0      14653   usbd_cdc.o
       128         22          0         20       4096       4272   usbd_cdc_if.o
       640         30          0          0       1836      17032   usbd_conf.o
       928          0          0          0          0      15807   usbd_core.o
      1350         20          0          1          0      15360   usbd_ctlreq.o
       286        104          0         82        512       6537   usbd_desc.o
       132          0          0          0          0       4672   usbd_ioreq.o
       176         34          0         21          0       4908   user_diskio.o
      1780        606          0          0         40       9366   w25qxx_4m.o

    ----------------------------------------------------------------------
     43318       3570       2464        888      37640    1903506   Object Totals
         0          0         32          0          0          0   (incl. Generated)
        70          0          2         12          2          0   (incl. Padding)

    ----------------------------------------------------------------------

      Code (inc. data)   RO Data    RW Data    ZI Data      Debug   Library Member Name

        60          8          0          0          0         84   __0sscanf.o
        44          6          0          0          0         84   __2sprintf.o
        90          0          0          0          0          0   __dczerorl2.o
         8          0          0          0          0         68   __main.o
       392          4         17          0          0         92   __printf_flags_ss_wp.o
        14          0          0          0          0         68   __printf_wp.o
         0          0          0          0          0          0   __rtentry.o
        12          0          0          0          0          0   __rtentry2.o
         6          0          0          0          0          0   __rtentry4.o
        52          8          0          0          0          0   __scatter.o
        28          0          0          0          0          0   __scatter_zi.o
        28          0          0          0          0         68   _chval.o
         6          0          0          0          0          0   _printf_a.o
         6          0          0          0          0          0   _printf_c.o
        44          0          0          0          0        108   _printf_char.o
        48          6          0          0          0         96   _printf_char_common.o
        40          0          0          0          0         68   _printf_charcount.o
         6          0          0          0          0          0   _printf_d.o
       120         16          0          0          0         92   _printf_dec.o
         6          0          0          0          0          0   _printf_e.o
         6          0          0          0          0          0   _printf_f.o
      1054          0          0          0          0        216   _printf_fp_dec.o
       764          8         38          0          0        100   _printf_fp_hex.o
       128         16          0          0          0         84   _printf_fp_infnan.o
         6          0          0          0          0          0   _printf_g.o
       148          4         40          0          0        160   _printf_hex_int_ll_ptr.o
         6          0          0          0          0          0   _printf_i.o
       178          0          0          0          0         88   _printf_intcommon.o
        10          0          0          0          0          0   _printf_l.o
         6          0          0          0          0          0   _printf_lc.o
        10          0          0          0          0          0   _printf_ll.o
         6          0          0          0          0          0   _printf_lld.o
         6          0          0          0          0          0   _printf_lli.o
         6          0          0          0          0          0   _printf_llo.o
         6          0          0          0          0          0   _printf_llu.o
         6          0          0          0          0          0   _printf_llx.o
       124         16          0          0          0         92   _printf_longlong_dec.o
         6          0          0          0          0          0   _printf_ls.o
         6          0          0          0          0          0   _printf_n.o
         6          0          0          0          0          0   _printf_o.o
       112         10          0          0          0        124   _printf_oct_int_ll.o
         6          0          0          0          0          0   _printf_p.o
        78          0          0          0          0        108   _printf_pad.o
         0          0          0          0          0          0   _printf_percent.o
         4          0          0          0          0          0   _printf_percent_end.o
         6          0          0          0          0          0   _printf_s.o
        82          0          0          0          0         80   _printf_str.o
        36          0          0          0          0         84   _printf_truncate.o
         6          0          0          0          0          0   _printf_u.o
        44          0          0          0          0        108   _printf_wchar.o
       188          6          8          0          0         92   _printf_wctomb.o
         6          0          0          0          0          0   _printf_x.o
        22          0          0          0          0        100   _rserrno.o
       884          4          0          0          0        100   _scanf.o
       332          0          0          0          0         96   _scanf_int.o
       342          0          0          0          0        100   _scanf_longlong.o
       224          0          0          0          0         96   _scanf_str.o
        64          0          0          0          0         84   _sgetc.o
        10          0          0          0          0         68   _sputc.o
        64          0          0          0          0         92   _wcrtomb.o
        16          0          0          0          0         68   aeabi_memset.o
       228          4        148          0          0         96   bigflt0.o
      2152        136          0          0          0        960   btod.o
        18          0          0          0          0         80   exit.o
         6          0          0          0          0        152   heapauxi.o
         0          0          0          0          0          0   indicate_semi.o
        18          0          0          0          0         76   isspace.o
        44         10        272          0          0         76   lc_ctype_c.o
        44         10         28          0          0         76   lc_numeric_c.o
         2          0          0          0          0          0   libinit.o
        34          0          0          0          0          0   libinit2.o
         2          0          0          0          0          0   libshutdown.o
         2          0          0          0          0          0   libshutdown2.o
         8          4          0          0         96         68   libspace.o
        38          0          0          0          0         68   llshl.o
       138          0          0          0          0         80   lludiv10.o
       238          0          0          0          0        100   lludivv7m.o
        16          4          0          0          0         76   rt_ctype_table.o
         8          4          0          0          0         68   rt_errno_addr_intlibspace.o
         8          4          0          0          0         68   rt_locale_intlibspace.o
        68          0          0          0          0         68   rt_memclr.o
        78          0          0          0          0         80   rt_memclr_w.o
       138          0          0          0          0         68   rt_memcpy_v6.o
       100          0          0          0          0         80   rt_memcpy_w.o
         2          0          0          0          0          0   rtexit.o
        10          0          0          0          0          0   rtexit2.o
        44          8          0          0          0         84   scanf_char.o
      1272         16          0          0          0        168   scanf_fp.o
       800         14          0          0          0        100   scanf_hexfp.o
       308         16          0          0          0        100   scanf_infnan.o
       104          0          0          0          0         68   strcmpv7m_pel.o
        72          0          0          0          0         80   strcpy.o
        62          0          0          0          0         76   strlen.o
        12          4          0          0          0         68   sys_exit.o
        74          0          0          0          0         80   sys_stackheap_outer.o
         2          0          0          0          0         68   use_no_semi.o
        36          4          0          0          0         76   vsprintf.o
        16          4          0          0          0        116   dcheck1.o
         0          0         16          0          0          0   fpconst.o
        10          0          0          0          0        116   fpinit.o
         6          0          0          0          0        116   istatus.o
         4          0          0          0          0        116   printf1.o
         4          0          0          0          0        116   printf2.o
       100          0          0          0          0        116   retnan.o
        92          0          0          0          0        116   scalbn.o
         4          0          0          0          0        116   scanf1.o
         8          0          0          0          0        132   scanf2.o
        48          0          0          0          0        116   trapv.o
         0          0          0          0          0          0   usenofp.o
        48         28          0          0          0        232   dunder.o
        48          0          0          0          0        124   fpclassify.o
       140         22          0          0          0        128   frexp.o
       184         14          0          0          0        156   ldexp.o
       238         26          0          0          0        304   narrow.o

    ----------------------------------------------------------------------
     13186        450        572          0         96       8396   Library Totals
        26          6          5          0          0          0   (incl. Padding)

    ----------------------------------------------------------------------

      Code (inc. data)   RO Data    RW Data    ZI Data      Debug   Library Name

     12210        350        551          0         96       6276   c_w.l
       292          4         16          0          0       1176   fz_wv.l
       658         90          0          0          0        944   m_wv.l

    ----------------------------------------------------------------------
     13186        450        572          0         96       8396   Library Totals

    ----------------------------------------------------------------------

==============================================================================


      Code (inc. data)   RO Data    RW Data    ZI Data      Debug   

     56504       4020       3036        888      37736    1870818   Grand Totals
     56504       4020       3036        220      37736    1870818   ELF Image Totals (compressed)
     56504       4020       3036        220          0          0   ROM Totals

==============================================================================

    Total RO  Size (Code + RO Data)                59540 (  58.14kB)
    Total RW  Size (RW Data + ZI Data)             38624 (  37.72kB)
    Total ROM Size (Code + RO Data + RW Data)      59760 (  58.36kB)

==============================================================================

