Component: ARM Compiler 5.06 update 7 (build 960) Tool: armlink [4d3601]

==============================================================================

Section Cross References

    startup_stm32h750xx.o(STACK) refers (Special) to heapauxi.o(.text) for __use_two_region_memory
    startup_stm32h750xx.o(HEAP) refers (Special) to heapauxi.o(.text) for __use_two_region_memory
    startup_stm32h750xx.o(RESET) refers (Special) to heapauxi.o(.text) for __use_two_region_memory
    startup_stm32h750xx.o(RESET) refers to startup_stm32h750xx.o(STACK) for __initial_sp
    startup_stm32h750xx.o(RESET) refers to startup_stm32h750xx.o(.text) for Reset_Handler
    startup_stm32h750xx.o(RESET) refers to stm32h7xx_it.o(i.NMI_Handler) for NMI_Handler
    startup_stm32h750xx.o(RESET) refers to stm32h7xx_it.o(i.HardFault_Handler) for HardFault_Handler
    startup_stm32h750xx.o(RESET) refers to stm32h7xx_it.o(i.MemManage_Handler) for MemManage_Handler
    startup_stm32h750xx.o(RESET) refers to stm32h7xx_it.o(i.BusFault_Handler) for BusFault_Handler
    startup_stm32h750xx.o(RESET) refers to stm32h7xx_it.o(i.UsageFault_Handler) for UsageFault_Handler
    startup_stm32h750xx.o(RESET) refers to port.o(.emb_text) for SVC_Handler
    startup_stm32h750xx.o(RESET) refers to stm32h7xx_it.o(i.DebugMon_Handler) for DebugMon_Handler
    startup_stm32h750xx.o(RESET) refers to cmsis_os2.o(i.SysTick_Handler) for SysTick_Handler
    startup_stm32h750xx.o(RESET) refers to stm32h7xx_it.o(i.DMA1_Stream0_IRQHandler) for DMA1_Stream0_IRQHandler
    startup_stm32h750xx.o(RESET) refers to stm32h7xx_it.o(i.TIM2_IRQHandler) for TIM2_IRQHandler
    startup_stm32h750xx.o(RESET) refers to stm32h7xx_it.o(i.USART1_IRQHandler) for USART1_IRQHandler
    startup_stm32h750xx.o(RESET) refers to stm32h7xx_it.o(i.OTG_FS_IRQHandler) for OTG_FS_IRQHandler
    startup_stm32h750xx.o(.text) refers (Special) to heapauxi.o(.text) for __use_two_region_memory
    startup_stm32h750xx.o(.text) refers to system_stm32h7xx.o(i.SystemInit) for SystemInit
    startup_stm32h750xx.o(.text) refers to __main.o(!!!main) for __main
    startup_stm32h750xx.o(.text) refers to startup_stm32h750xx.o(HEAP) for Heap_Mem
    startup_stm32h750xx.o(.text) refers to startup_stm32h750xx.o(STACK) for Stack_Mem
    main.o(i.HAL_TIM_PeriodElapsedCallback) refers to stm32h7xx_hal.o(i.HAL_IncTick) for HAL_IncTick
    main.o(i.PeriphCommonClock_Config) refers to rt_memclr_w.o(.text) for __aeabi_memclr4
    main.o(i.PeriphCommonClock_Config) refers to stm32h7xx_hal_rcc_ex.o(i.HAL_RCCEx_PeriphCLKConfig) for HAL_RCCEx_PeriphCLKConfig
    main.o(i.SystemClock_Config) refers to rt_memclr_w.o(.text) for __aeabi_memclr4
    main.o(i.SystemClock_Config) refers to stm32h7xx_hal_pwr_ex.o(i.HAL_PWREx_ConfigSupply) for HAL_PWREx_ConfigSupply
    main.o(i.SystemClock_Config) refers to stm32h7xx_hal_rcc.o(i.HAL_RCC_OscConfig) for HAL_RCC_OscConfig
    main.o(i.SystemClock_Config) refers to stm32h7xx_hal_rcc.o(i.HAL_RCC_ClockConfig) for HAL_RCC_ClockConfig
    main.o(i.main) refers to stm32h7xx_hal.o(i.HAL_Init) for HAL_Init
    main.o(i.main) refers to main.o(i.SystemClock_Config) for SystemClock_Config
    main.o(i.main) refers to main.o(i.PeriphCommonClock_Config) for PeriphCommonClock_Config
    main.o(i.main) refers to gpio.o(i.MX_GPIO_Init) for MX_GPIO_Init
    main.o(i.main) refers to dma.o(i.MX_DMA_Init) for MX_DMA_Init
    main.o(i.main) refers to usart.o(i.MX_USART1_UART_Init) for MX_USART1_UART_Init
    main.o(i.main) refers to fatfs.o(i.MX_FATFS_Init) for MX_FATFS_Init
    main.o(i.main) refers to spi.o(i.MX_SPI1_Init) for MX_SPI1_Init
    main.o(i.main) refers to cmsis_os2.o(i.osKernelInitialize) for osKernelInitialize
    main.o(i.main) refers to freertos.o(i.MX_FREERTOS_Init) for MX_FREERTOS_Init
    main.o(i.main) refers to cmsis_os2.o(i.osKernelStart) for osKernelStart
    gpio.o(i.MX_GPIO_Init) refers to rt_memclr_w.o(.text) for __aeabi_memclr4
    gpio.o(i.MX_GPIO_Init) refers to stm32h7xx_hal_gpio.o(i.HAL_GPIO_WritePin) for HAL_GPIO_WritePin
    gpio.o(i.MX_GPIO_Init) refers to stm32h7xx_hal_gpio.o(i.HAL_GPIO_Init) for HAL_GPIO_Init
    freertos.o(i.MX_FREERTOS_Init) refers to cmsis_os2.o(i.osThreadNew) for osThreadNew
    freertos.o(i.MX_FREERTOS_Init) refers to freertos.o(.constdata) for .constdata
    freertos.o(i.MX_FREERTOS_Init) refers to freertos.o(i.StartDefaultTask) for StartDefaultTask
    freertos.o(i.MX_FREERTOS_Init) refers to freertos.o(.data) for .data
    freertos.o(i.MX_FREERTOS_Init) refers to shelltask.o(i.shell_task) for shell_task
    freertos.o(i.StartDefaultTask) refers to usb_device.o(i.MX_USB_DEVICE_Init) for MX_USB_DEVICE_Init
    freertos.o(i.StartDefaultTask) refers to tasks.o(i.uxTaskGetStackHighWaterMark) for uxTaskGetStackHighWaterMark
    freertos.o(i.StartDefaultTask) refers to cmsis_os2.o(i.osDelay) for osDelay
    freertos.o(i.StartDefaultTask) refers to freertos.o(.data) for .data
    freertos.o(.constdata) refers to freertos.o(.conststring) for .conststring
[...]
    _is_digit                                0x0800b819   Thumb Code    14  __printf_wp.o(i._is_digit)
    cmd_clear                                0x0800b901   Thumb Code    34  uni_shell.o(i.cmd_clear)
    cmd_filetest                             0x0800b935   Thumb Code    16  shelltask.o(i.cmd_filetest)
    cmd_logo                                 0x0800b945   Thumb Code    46  uni_shell.o(i.cmd_logo)
    cmd_reboot                               0x0800ba45   Thumb Code     4  uni_shell.o(i.cmd_reboot)
    cmd_setled                               0x0800ba49   Thumb Code    40  shelltask.o(i.cmd_setled)
    cmd_spi                                  0x0800ba91   Thumb Code    96  shelltask.o(i.cmd_spi)
    command_add_param                        0x0800bb11   Thumb Code    50  uni_shell.o(i.command_add_param)
    command_get_param                        0x0800bb43   Thumb Code    68  uni_shell.o(i.command_get_param)
    command_get_param_value                  0x0800bb89   Thumb Code   330  uni_shell.o(i.command_get_param_value)
    decode_command                           0x0800bd21   Thumb Code   442  uni_shell.o(i.decode_command)
    enter_callback                           0x0800bf1d   Thumb Code     2  uni_shell.o(i.enter_callback)
    frexp                                    0x0800bf21   Thumb Code   118  frexp.o(i.frexp)
    main                                     0x0800bfad   Thumb Code    92  main.o(i.main)
    osDelay                                  0x0800c011   Thumb Code    26  cmsis_os2.o(i.osDelay)
    osKernelInitialize                       0x0800c02d   Thumb Code    32  cmsis_os2.o(i.osKernelInitialize)
    osKernelStart                            0x0800c051   Thumb Code    48  cmsis_os2.o(i.osKernelStart)
    osThreadNew                              0x0800c089   Thumb Code   136  cmsis_os2.o(i.osThreadNew)
    param_is_configured                      0x0800c111   Thumb Code    76  uni_shell.o(i.param_is_configured)
    pvPortMalloc                             0x0800c8f9   Thumb Code   216  heap_4.o(i.pvPortMalloc)
    pxPortInitialiseStack                    0x0800c9d5   Thumb Code    40  port.o(i.pxPortInitialiseStack)
    register_command                         0x0800ca01   Thumb Code    48  uni_shell.o(i.register_command)
    shell_exec                               0x0800ca39   Thumb Code   656  uni_shell.o(i.shell_exec)
    shell_init                               0x0800cd11   Thumb Code    52  uni_shell.o(i.shell_init)
    shell_task                               0x0800cd69   Thumb Code   120  shelltask.o(i.shell_task)
    show_msg                                 0x0800ce49   Thumb Code    62  shelltask.o(i.show_msg)
    uxListRemove                             0x0800ceb5   Thumb Code    38  list.o(i.uxListRemove)
    uxTaskGetStackHighWaterMark              0x0800cedd   Thumb Code    12  tasks.o(i.uxTaskGetStackHighWaterMark)
    vApplicationGetIdleTaskMemory            0x0800ceed   Thumb Code    16  cmsis_os2.o(i.vApplicationGetIdleTaskMemory)
    vApplicationGetTimerTaskMemory           0x0800cf01   Thumb Code    18  cmsis_os2.o(i.vApplicationGetTimerTaskMemory)
    vListInitialise                          0x0800cf19   Thumb Code    22  list.o(i.vListInitialise)
    vListInitialiseItem                      0x0800cf2f   Thumb Code     6  list.o(i.vListInitialiseItem)
    vListInsert                              0x0800cf35   Thumb Code    48  list.o(i.vListInsert)
    vListInsertEnd                           0x0800cf65   Thumb Code    24  list.o(i.vListInsertEnd)
    vPortEnterCritical                       0x0800cf7d   Thumb Code    54  port.o(i.vPortEnterCritical)
    vPortExitCritical                        0x0800cfbd   Thumb Code    34  port.o(i.vPortExitCritical)
    vPortFree                                0x0800cfe5   Thumb Code    94  heap_4.o(i.vPortFree)
    vPortSetupTimerInterrupt                 0x0800d049   Thumb Code    32  port.o(i.vPortSetupTimerInterrupt)
    vPortValidateInterruptPriority           0x0800d06d   Thumb Code    74  port.o(i.vPortValidateInterruptPriority)
    vQueueAddToRegistry                      0x0800d0c1   Thumb Code    32  queue.o(i.vQueueAddToRegistry)
    vQueueWaitForMessageRestricted           0x0800d0e5   Thumb Code    68  queue.o(i.vQueueWaitForMessageRestricted)
    vTaskDelay                               0x0800d129   Thumb Code    66  tasks.o(i.vTaskDelay)
    vTaskInternalSetTimeOutState             0x0800d175   Thumb Code    12  tasks.o(i.vTaskInternalSetTimeOutState)
    vTaskMissedYield                         0x0800d185   Thumb Code     8  tasks.o(i.vTaskMissedYield)
    vTaskPlaceOnEventList                    0x0800d191   Thumb Code    44  tasks.o(i.vTaskPlaceOnEventList)
    vTaskPlaceOnEventListRestricted          0x0800d1c1   Thumb Code    52  tasks.o(i.vTaskPlaceOnEventListRestricted)
    vTaskStartScheduler                      0x0800d1f9   Thumb Code   116  tasks.o(i.vTaskStartScheduler)
    vTaskSuspendAll                          0x0800d27d   Thumb Code    10  tasks.o(i.vTaskSuspendAll)
    vTaskSwitchContext                       0x0800d28d   Thumb Code    90  tasks.o(i.vTaskSwitchContext)
    xPortStartScheduler                      0x0800d2f1   Thumb Code   224  port.o(i.xPortStartScheduler)
    xPortSysTickHandler                      0x0800d3e5   Thumb Code    38  port.o(i.xPortSysTickHandler)
    xQueueGenericCreateStatic                0x0800d411   Thumb Code   102  queue.o(i.xQueueGenericCreateStatic)
    xQueueGenericReset                       0x0800d479   Thumb Code   132  queue.o(i.xQueueGenericReset)
    xQueueGenericSend                        0x0800d501   Thumb Code   350  queue.o(i.xQueueGenericSend)
    xQueueGenericSendFromISR                 0x0800d665   Thumb Code   190  queue.o(i.xQueueGenericSendFromISR)
    xQueueReceive                            0x0800d725   Thumb Code   308  queue.o(i.xQueueReceive)
    xTaskCheckForTimeOut                     0x0800d85d   Thumb Code   112  tasks.o(i.xTaskCheckForTimeOut)
    xTaskCreate                              0x0800d8d1   Thumb Code    90  tasks.o(i.xTaskCreate)
    xTaskCreateStatic                        0x0800d92b   Thumb Code    90  tasks.o(i.xTaskCreateStatic)
    xTaskGetSchedulerState                   0x0800d985   Thumb Code    22  tasks.o(i.xTaskGetSchedulerState)
    xTaskGetTickCount                        0x0800d9a1   Thumb Code     6  tasks.o(i.xTaskGetTickCount)
    xTaskIncrementTick                       0x0800d9ad   Thumb Code   192  tasks.o(i.xTaskIncrementTick)
    xTaskPriorityDisinherit                  0x0800da75   Thumb Code   116  tasks.o(i.xTaskPriorityDisinherit)
    xTaskRemoveFromEventList                 0x0800daf1   Thumb Code    98  tasks.o(i.xTaskRemoveFromEventList)
    xTaskResumeAll                           0x0800db61   Thumb Code   180  tasks.o(i.xTaskResumeAll)
    xTimerCreateTimerTask                    0x0800dc21   Thumb Code    78  timers.o(i.xTimerCreateTimerTask)
    xTimerGenericCommand                     0x0800dc81   Thumb Code    94  timers.o(i.xTimerGenericCommand)
    _get_lc_numeric                          0x0800dce5   Thumb Code    44  lc_numeric_c.o(locale$$code)
    _get_lc_ctype                            0x0800dd11   Thumb Code    44  lc_ctype_c.o(locale$$code)
    __fpl_dcheck_NaN1                        0x0800dd3d   Thumb Code    10  dcheck1.o(x$fpl$dcheck1)
    _fp_init                                 0x0800dd4d   Thumb Code    10  fpinit.o(x$fpl$fpinit)
    __fplib_config_fpu_vfp                   0x0800dd55   Thumb Code     0  fpinit.o(x$fpl$fpinit)
    __fplib_config_pureend_doubles           0x0800dd55   Thumb Code     0  fpinit.o(x$fpl$fpinit)
    __ieee_status                            0x0800dd57   Thumb Code     6  istatus.o(x$fpl$ieeestatus)
    _printf_fp_dec                           0x0800dd5d   Thumb Code     4  printf1.o(x$fpl$printf1)
    _printf_fp_hex                           0x0800dd61   Thumb Code     4  printf2.o(x$fpl$printf2)
    __fpl_return_NaN                         0x0800dd65   Thumb Code   100  retnan.o(x$fpl$retnan)
    __ARM_scalbn                             0x0800ddc9   Thumb Code    92  scalbn.o(x$fpl$scalbn)
    _scanf_real                              0x0800de25   Thumb Code     4  scanf1.o(x$fpl$scanf1)
    _scanf_hex_real                          0x0800de29   Thumb Code     4  scanf2.o(x$fpl$scanf2)
    _scanf_infnan                            0x0800de2d   Thumb Code     4  scanf2.o(x$fpl$scanf2)
    __fpl_cmpreturn                          0x0800de31   Thumb Code    48  trapv.o(x$fpl$trapveneer)
    __I$use$fp                               0x0800de60   Number         0  usenofp.o(x$fpl$usenofp)
    shellTask_attributes                     0x0800de60   Data          36  freertos.o(.constdata)
    defaultTask_attributes                   0x0800de84   Data          36  freertos.o(.constdata)
    UARTPrescTable                           0x0800deb0   Data          24  stm32h7xx_hal_uart.o(.constdata)
    D1CorePrescTable                         0x0800ded8   Data          16  system_stm32h7xx.o(.constdata)
    Region$$Table$$Base                      0x0800e008   Number         0  anon$$obj.o(Region$$Table)
    Region$$Table$$Limit                     0x0800e028   Number         0  anon$$obj.o(Region$$Table)
    __aeabi_HUGE_VAL                         0x0800e028   Data           0  fpconst.o(c$$dinf)
    __aeabi_HUGE_VALL                        0x0800e028   Data           0  fpconst.o(c$$dinf)
    __aeabi_INFINITY                         0x0800e028   Data           0  fpconst.o(c$$dinf)
    __dInf                                   0x0800e028   Data           0  fpconst.o(c$$dinf)
    __huge_val                               0x0800e028   Data           0  fpconst.o(c$$dinf)
    __dbl_max                                0x0800e030   Data           0  fpconst.o(c$$dmax)
    __ctype                                  0x0800e061   Data           0  lc_ctype_c.o(locale$$data)
    shellTaskHandle                          0x24000000   Data           4  freertos.o(.data)
    defaultTaskHandle                        0x24000004   Data           4  freertos.o(.data)
    USER_Driver                              0x2400000c   Data          20  user_diskio.o(.data)
    retUSER                                  0x24000020   Data           1  fatfs.o(.data)
    USERPath                                 0x24000021   Data           4  fatfs.o(.data)
    FS_Desc                                  0x24000028   Data          32  usbd_desc.o(.data)
    USBD_LangIDDesc                          0x24000048   Data           4  usbd_desc.o(.data)
    USBD_FS_DeviceDesc                       0x2400004c   Data          18  usbd_desc.o(.data)
    USBD_StringSerial                        0x24000060   Data          26  usbd_desc.o(.data)
    USBD_Interface_fops_FS                   0x2400007c   Data          20  usbd_cdc_if.o(.data)
    uwTickFreq                               0x24000090   Data           1  stm32h7xx_hal.o(.data)
    uwTickPrio                               0x24000094   Data           4  stm32h7xx_hal.o(.data)
    uwTick                                   0x24000098   Data           4  stm32h7xx_hal.o(.data)
    SystemCoreClock                          0x2400009c   Data           4  system_stm32h7xx.o(.data)
    SystemD2Clock                            0x240000a0   Data           4  system_stm32h7xx.o(.data)
    pxCurrentTCB                             0x240000a4   Data           4  tasks.o(.data)
    USBD_CDC                                 0x2400017c   Data          56  usbd_cdc.o(.data)
    rx_flag                                  0x240001b4   Data           1  uni_shell.o(.data)
    free_ticks                               0x240001b8   Data           4  uni_shell.o(.data)
    rx_len                                   0x240001bc   Data           4  uni_shell.o(.data)
    enter_cmd                                0x240001c0   Data         432  uni_shell.o(.data)
    hspi1                                    0x24000370   Data         136  spi.o(.bss)
    huart1                                   0x240003f8   Data         148  usart.o(.bss)
    hdma_usart1_rx                           0x2400048c   Data         120  usart.o(.bss)
    htim2                                    0x24000504   Data          76  stm32h7xx_hal_timebase_tim.o(.bss)
    hUsbDeviceFS                             0x24000550   Data         732  usb_device.o(.bss)
    USBD_StrDesc                             0x2400082c   Data         512  usbd_desc.o(.bss)
    UserRxBufferFS                           0x24000a2c   Data        2048  usbd_cdc_if.o(.bss)
    UserTxBufferFS                           0x2400122c   Data        2048  usbd_cdc_if.o(.bss)
    hpcd_USB_OTG_FS                          0x24001c4c   Data        1292  usbd_conf.o(.bss)
    disk                                     0x24002158   Data          12  ff_gen_drv.o(.bss)
    xQueueRegistry                           0x24002164   Data          64  queue.o(.bss)
    cli_commands                             0x24006a38   Data        8644  uni_shell.o(.bss)
    cmd_buffer                               0x24008bfc   Data         264  uni_shell.o(.bss)
    last_cmd_buffer                          0x24008d04   Data         264  uni_shell.o(.bss)
    shell_rx_buffer                          0x24008e0c   Data         128  uni_shell.o(.bss)
    w25qxx                                   0x24009198   Data          40  w25qxx_4m.o(.bss)
    __libspace_start                         0x240091c0   Data          96  libspace.o(.bss)
    __temporary_stack_top$libspace           0x24009220   Data           0  libspace.o(.bss)



==============================================================================

Memory Map of the image

  Image Entry point : 0x08000299

  Load Region LR_IROM1 (Base: 0x08000000, Size: 0x0000e4d4, Max: 0x00020000, ABSOLUTE, COMPRESSED[0x0000e244])

    Execution Region ER_IROM1 (Exec base: 0x08000000, Load base: 0x08000000, Size: 0x0000e164, Max: 0x00020000, ABSOLUTE)

    Exec Addr    Load Addr    Size         Type   Attr      Idx    E Section Name        Object

    0x08000000   0x08000000   0x00000298   Data   RO            3    RESET               startup_stm32h750xx.o
    0x08000298   0x08000298   0x00000008   Code   RO         9232  * !!!main             c_w.l(__main.o)
    0x080002a0   0x080002a0   0x00000034   Code   RO         9624    !!!scatter          c_w.l(__scatter.o)
    0x080002d4   0x080002d4   0x0000005a   Code   RO         9622    !!dczerorl2         c_w.l(__dczerorl2.o)
    0x0800032e   0x0800032e   0x00000002   PAD
    0x08000330   0x08000330   0x0000001c   Code   RO         9626    !!handler_zi        c_w.l(__scatter_zi.o)
    0x0800034c   0x0800034c   0x00000000   Code   RO         9203    .ARM.Collect$$_printf_percent$$00000000  c_w.l(_printf_percent.o)
    0x0800034c   0x0800034c   0x00000006   Code   RO         9286    .ARM.Collect$$_printf_percent$$00000001  c_w.l(_printf_n.o)
    0x08000352   0x08000352   0x00000006   Code   RO         9288    .ARM.Collect$$_printf_percent$$00000002  c_w.l(_printf_p.o)
    0x08000358   0x08000358   0x00000006   Code   RO         9292    .ARM.Collect$$_printf_percent$$00000003  c_w.l(_printf_f.o)
    0x0800035e   0x0800035e   0x00000006   Code   RO         9293    .ARM.Collect$$_printf_percent$$00000004  c_w.l(_printf_e.o)
    0x08000364   0x08000364   0x00000006   Code   RO         9294    .ARM.Collect$$_printf_percent$$00000005  c_w.l(_printf_g.o)
    0x0800036a   0x0800036a   0x00000006   Code   RO         9295    .ARM.Collect$$_printf_percent$$00000006  c_w.l(_printf_a.o)
    0x08000370   0x08000370   0x0000000a   Code   RO         9300    .ARM.Collect$$_printf_percent$$00000007  c_w.l(_printf_ll.o)
    0x0800037a   0x0800037a   0x00000006   Code   RO         9290    .ARM.Collect$$_printf_percent$$00000008  c_w.l(_printf_i.o)
    0x08000380   0x08000380   0x00000006   Code   RO         9291    .ARM.Collect$$_printf_percent$$00000009  c_w.l(_printf_d.o)
    0x08000386   0x08000386   0x00000006   Code   RO         9202    .ARM.Collect$$_printf_percent$$0000000A  c_w.l(_printf_u.o)
    0x0800038c   0x0800038c   0x00000006   Code   RO         9289    .ARM.Collect$$_printf_percent$$0000000B  c_w.l(_printf_o.o)
    0x08000392   0x08000392   0x00000006   Code   RO         9287    .ARM.Collect$$_printf_percent$$0000000C  c_w.l(_printf_x.o)
    0x08000398   0x08000398   0x00000006   Code   RO         9297    .ARM.Collect$$_printf_percent$$0000000D  c_w.l(_printf_lli.o)
    0x0800039e   0x0800039e   0x00000006   Code   RO         9298    .ARM.Collect$$_printf_percent$$0000000E  c_w.l(_printf_lld.o)
    0x080003a4   0x080003a4   0x00000006   Code   RO         9299    .ARM.Collect$$_printf_percent$$0000000F  c_w.l(_printf_llu.o)
    0x080003aa   0x080003aa   0x00000006   Code   RO         9304    .ARM.Collect$$_printf_percent$$00000010  c_w.l(_printf_llo.o)
    0x080003b0   0x080003b0   0x00000006   Code   RO         9305    .ARM.Collect$$_printf_percent$$00000011  c_w.l(_printf_llx.o)
    0x080003b6   0x080003b6   0x0000000a   Code   RO         9301    .ARM.Collect$$_printf_percent$$00000012  c_w.l(_printf_l.o)
    0x080003c0   0x080003c0   0x00000006   Code   RO         9285    .ARM.Collect$$_printf_percent$$00000013  c_w.l(_printf_c.o)
    0x080003c6   0x080003c6   0x00000006   Code   RO         9201    .ARM.Collect$$_printf_percent$$00000014  c_w.l(_printf_s.o)
    0x080003cc   0x080003cc   0x00000006   Code   RO         9302    .ARM.Collect$$_printf_percent$$00000015  c_w.l(_printf_lc.o)
    0x080003d2   0x080003d2   0x00000006   Code   RO         9303    .ARM.Collect$$_printf_percent$$00000016  c_w.l(_printf_ls.o)
    0x080003d8   0x080003d8   0x00000004   Code   RO         9296    .ARM.Collect$$_printf_percent$$00000017  c_w.l(_printf_percent_end.o)
    0x080003dc   0x080003dc   0x00000002   Code   RO         9441    .ARM.Collect$$libinit$$00000000  c_w.l(libinit.o)
    0x080003de   0x080003de   0x00000004   Code   RO         9442    .ARM.Collect$$libinit$$00000001  c_w.l(libinit2.o)
    0x080003e2   0x080003e2   0x00000000   Code   RO         9445    .ARM.Collect$$libinit$$00000004  c_w.l(libinit2.o)
    0x080003e2   0x080003e2   0x00000000   Code   RO         9448    .ARM.Collect$$libinit$$0000000A  c_w.l(libinit2.o)
    0x080003e2   0x080003e2   0x00000000   Code   RO         9450    .ARM.Collect$$libinit$$0000000C  c_w.l(libinit2.o)
    0x080003e2   0x080003e2   0x00000000   Code   RO         9452    .ARM.Collect$$libinit$$0000000E  c_w.l(libinit2.o)
    0x080003e2   0x080003e2   0x00000006   Code   RO         9453    .ARM.Collect$$libinit$$0000000F  c_w.l(libinit2.o)
    0x080003e8   0x080003e8   0x00000000   Code   RO         9455    .ARM.Collect$$libinit$$00000011  c_w.l(libinit2.o)
    0x080003e8   0x080003e8   0x0000000c   Code   RO         9456    .ARM.Collect$$libinit$$00000012  c_w.l(libinit2.o)
    0x080003f4   0x080003f4   0x00000000   Code   RO         9457    .ARM.Collect$$libinit$$00000013  c_w.l(libinit2.o)
    0x080003f4   0x080003f4   0x00000000   Code   RO         9459    .ARM.Collect$$libinit$$00000015  c_w.l(libinit2.o)
    0x080003f4   0x080003f4   0x0000000a   Code   RO         9460    .ARM.Collect$$libinit$$00000016  c_w.l(libinit2.o)
    0x080003fe   0x080003fe   0x00000000   Code   RO         9461    .ARM.Collect$$libinit$$00000017  c_w.l(libinit2.o)
    0x080003fe   0x080003fe   0x00000000   Code   RO         9463    .ARM.Collect$$libinit$$00000019  c_w.l(libinit2.o)
    0x080003fe   0x080003fe   0x00000000   Code   RO         9465    .ARM.Collect$$libinit$$0000001B  c_w.l(libinit2.o)
    0x080003fe   0x080003fe   0x00000000   Code   RO         9467    .ARM.Collect$$libinit$$0000001D  c_w.l(libinit2.o)
    0x080003fe   0x080003fe   0x00000000   Code   RO         9469    .ARM.Collect$$libinit$$0000001F  c_w.l(libinit2.o)
    0x080003fe   0x080003fe   0x00000000   Code   RO         9471    .ARM.Collect$$libinit$$00000021  c_w.l(libinit2.o)
    0x080003fe   0x080003fe   0x00000000   Code   RO         9473    .ARM.Collect$$libinit$$00000023  c_w.l(libinit2.o)
    0x080003fe   0x080003fe   0x00000000   Code   RO         9475    .ARM.Collect$$libinit$$00000025  c_w.l(libinit2.o)
    0x080003fe   0x080003fe   0x00000000   Code   RO         9479    .ARM.Collect$$libinit$$0000002C  c_w.l(libinit2.o)
    0x080003fe   0x080003fe   0x00000000   Code   RO         9481    .ARM.Collect$$libinit$$0000002E  c_w.l(libinit2.o)
    0x080003fe   0x080003fe   0x00000000   Code   RO         9483    .ARM.Collect$$libinit$$00000030  c_w.l(libinit2.o)
    0x080003fe   0x080003fe   0x00000000   Code   RO         9485    .ARM.Collect$$libinit$$00000032  c_w.l(libinit2.o)
    0x080003fe   0x080003fe   0x00000002   Code   RO         9486    .ARM.Collect$$libinit$$00000033  c_w.l(libinit2.o)
    0x08000400   0x08000400   0x00000002   Code   RO         9579    .ARM.Collect$$libshutdown$$00000000  c_w.l(libshutdown.o)
    0x08000402   0x08000402   0x00000000   Code   RO         9599    .ARM.Collect$$libshutdown$$00000002  c_w.l(libshutdown2.o)
    0x08000402   0x08000402   0x00000000   Code   RO         9601    .ARM.Collect$$libshutdown$$00000004  c_w.l(libshutdown2.o)
    0x08000402   0x08000402   0x00000000   Code   RO         9603    .ARM.Collect$$libshutdown$$00000006  c_w.l(libshutdown2.o)
    0x08000402   0x08000402   0x00000000   Code   RO         9606    .ARM.Collect$$libshutdown$$00000009  c_w.l(libshutdown2.o)
    0x08000402   0x08000402   0x00000000   Code   RO         9609    .ARM.Collect$$libshutdown$$0000000C  c_w.l(libshutdown2.o)
    0x08000402   0x08000402   0x00000000   Code   RO         9611    .ARM.Collect$$libshutdown$$0000000E  c_w.l(libshutdown2.o)
    0x08000402   0x08000402   0x00000000   Code   RO         9614    .ARM.Collect$$libshutdown$$00000011  c_w.l(libshutdown2.o)
    0x08000402   0x08000402   0x00000002   Code   RO         9615    .ARM.Collect$$libshutdown$$00000012  c_w.l(libshutdown2.o)
    0x08000404   0x08000404   0x00000000   Code   RO         9236    .ARM.Collect$$rtentry$$00000000  c_w.l(__rtentry.o)
    0x08000404   0x08000404   0x00000000   Code   RO         9323    .ARM.Collect$$rtentry$$00000002  c_w.l(__rtentry2.o)
    0x08000404   0x08000404   0x00000006   Code   RO         9335    .ARM.Collect$$rtentry$$00000004  c_w.l(__rtentry4.o)
    0x0800040a   0x0800040a   0x00000000   Code   RO         9325    .ARM.Collect$$rtentry$$00000009  c_w.l(__rtentry2.o)
    0x0800040a   0x0800040a   0x00000004   Code   RO         9326    .ARM.Collect$$rtentry$$0000000A  c_w.l(__rtentry2.o)
    0x0800040e   0x0800040e   0x00000000   Code   RO         9328    .ARM.Collect$$rtentry$$0000000C  c_w.l(__rtentry2.o)
    0x0800040e   0x0800040e   0x00000008   Code   RO         9329    .ARM.Collect$$rtentry$$0000000D  c_w.l(__rtentry2.o)
    0x08000416   0x08000416   0x00000002   Code   RO         9495    .ARM.Collect$$rtexit$$00000000  c_w.l(rtexit.o)
    0x08000418   0x08000418   0x00000000   Code   RO         9531    .ARM.Collect$$rtexit$$00000002  c_w.l(rtexit2.o)
    0x08000418   0x08000418   0x00000004   Code   RO         9532    .ARM.Collect$$rtexit$$00000003  c_w.l(rtexit2.o)
    0x0800041c   0x0800041c   0x00000006   Code   RO         9533    .ARM.Collect$$rtexit$$00000004  c_w.l(rtexit2.o)
    0x08000422   0x08000422   0x00000002   PAD
    0x08000424   0x08000424   0x000000be   Code   RO         8206    .emb_text           port.o
    0x080004e2   0x080004e2   0x00000002   PAD
    0x080004e4   0x080004e4   0x00000040   Code   RO            4    .text               startup_stm32h750xx.o
    0x08000524   0x08000524   0x000000ee   Code   RO         9165    .text               c_w.l(lludivv7m.o)
    0x08000612   0x08000612   0x00000002   PAD
    0x08000614   0x08000614   0x00000024   Code   RO         9167    .text               c_w.l(vsprintf.o)
    0x08000638   0x08000638   0x0000002c   Code   RO         9169    .text               c_w.l(__2sprintf.o)
    0x08000664   0x08000664   0x0000004e   Code   RO         9175    .text               c_w.l(_printf_pad.o)
    0x080006b2   0x080006b2   0x00000052   Code   RO         9177    .text               c_w.l(_printf_str.o)
    0x08000704   0x08000704   0x00000078   Code   RO         9179    .text               c_w.l(_printf_dec.o)
    0x0800077c   0x0800077c   0x00000188   Code   RO         9198    .text               c_w.l(__printf_flags_ss_wp.o)
    0x08000904   0x08000904   0x0000003c   Code   RO         9204    .text               c_w.l(__0sscanf.o)
    0x08000940   0x08000940   0x00000156   Code   RO         9206    .text               c_w.l(_scanf_longlong.o)
    0x08000a96   0x08000a96   0x0000014c   Code   RO         9208    .text               c_w.l(_scanf_int.o)
    0x08000be2   0x08000be2   0x000000e0   Code   RO         9210    .text               c_w.l(_scanf_str.o)
    0x08000cc2   0x08000cc2   0x00000048   Code   RO         9212    .text               c_w.l(strcpy.o)
    0x08000d0a   0x08000d0a   0x0000003e   Code   RO         9214    .text               c_w.l(strlen.o)
    0x08000d48   0x08000d48   0x0000008a   Code   RO         9216    .text               c_w.l(rt_memcpy_v6.o)
    0x08000dd2   0x08000dd2   0x00000064   Code   RO         9218    .text               c_w.l(rt_memcpy_w.o)
    0x08000e36   0x08000e36   0x00000010   Code   RO         9222    .text               c_w.l(aeabi_memset.o)
    0x08000e46   0x08000e46   0x00000044   Code   RO         9224    .text               c_w.l(rt_memclr.o)
    0x08000e8a   0x08000e8a   0x0000004e   Code   RO         9226    .text               c_w.l(rt_memclr_w.o)
    0x08000ed8   0x08000ed8   0x00000068   Code   RO         9228    .text               c_w.l(strcmpv7m_pel.o)
    0x08000f40   0x08000f40   0x00000006   Code   RO         9230    .text               c_w.l(heapauxi.o)
    0x08000f46   0x08000f46   0x00000024   Code   RO         9241    .text               c_w.l(_printf_truncate.o)
    0x08000f6a   0x08000f6a   0x000000b2   Code   RO         9243    .text               c_w.l(_printf_intcommon.o)
    0x0800101c   0x0800101c   0x00000028   Code   RO         9245    .text               c_w.l(_printf_charcount.o)
    0x08001044   0x08001044   0x00000030   Code   RO         9247    .text               c_w.l(_printf_char_common.o)
    0x08001074   0x08001074   0x0000000a   Code   RO         9249    .text               c_w.l(_sputc.o)
    0x0800107e   0x0800107e   0x0000002c   Code   RO         9251    .text               c_w.l(_printf_char.o)
    0x080010aa   0x080010aa   0x00000002   PAD
    0x080010ac   0x080010ac   0x000000bc   Code   RO         9253    .text               c_w.l(_printf_wctomb.o)
    0x08001168   0x08001168   0x0000007c   Code   RO         9256    .text               c_w.l(_printf_longlong_dec.o)
    0x080011e4   0x080011e4   0x00000070   Code   RO         9262    .text               c_w.l(_printf_oct_int_ll.o)
    0x08001254   0x08001254   0x00000094   Code   RO         9282    .text               c_w.l(_printf_hex_int_ll_ptr.o)
    0x080012e8   0x080012e8   0x0000001c   Code   RO         9306    .text               c_w.l(_chval.o)
    0x08001304   0x08001304   0x000004f8   Code   RO         9308    .text               c_w.l(scanf_fp.o)
    0x080017fc   0x080017fc   0x0000002c   Code   RO         9310    .text               c_w.l(scanf_char.o)
    0x08001828   0x08001828   0x00000040   Code   RO         9312    .text               c_w.l(_sgetc.o)
    0x08001868   0x08001868   0x00000008   Code   RO         9342    .text               c_w.l(rt_locale_intlibspace.o)
    0x08001870   0x08001870   0x00000008   Code   RO         9347    .text               c_w.l(rt_errno_addr_intlibspace.o)
    0x08001878   0x08001878   0x0000008a   Code   RO         9349    .text               c_w.l(lludiv10.o)
    0x08001902   0x08001902   0x00000012   Code   RO         9351    .text               c_w.l(isspace.o)
    0x08001914   0x08001914   0x0000041e   Code   RO         9353    .text               c_w.l(_printf_fp_dec.o)
    0x08001d32   0x08001d32   0x00000002   PAD
    0x08001d34   0x08001d34   0x000002fc   Code   RO         9355    .text               c_w.l(_printf_fp_hex.o)
    0x08002030   0x08002030   0x0000002c   Code   RO         9360    .text               c_w.l(_printf_wchar.o)
    0x0800205c   0x0800205c   0x00000374   Code   RO         9362    .text               c_w.l(_scanf.o)
    0x080023d0   0x080023d0   0x000000e4   Code   RO         9364    .text               c_w.l(bigflt0.o)
    0x080024b4   0x080024b4   0x00000040   Code   RO         9389    .text               c_w.l(_wcrtomb.o)
    0x080024f4   0x080024f4   0x00000008   Code   RO         9415    .text               c_w.l(libspace.o)
    0x080024fc   0x080024fc   0x0000004a   Code   RO         9418    .text               c_w.l(sys_stackheap_outer.o)
    0x08002546   0x08002546   0x00000002   PAD
    0x08002548   0x08002548   0x00000010   Code   RO         9420    .text               c_w.l(rt_ctype_table.o)
    0x08002558   0x08002558   0x00000016   Code   RO         9422    .text               c_w.l(_rserrno.o)
    0x0800256e   0x0800256e   0x00000002   PAD
    0x08002570   0x08002570   0x00000080   Code   RO         9424    .text               c_w.l(_printf_fp_infnan.o)
    0x080025f0   0x080025f0   0x00000320   Code   RO         9426    .text               c_w.l(scanf_hexfp.o)
    0x08002910   0x08002910   0x00000134   Code   RO         9428    .text               c_w.l(scanf_infnan.o)
    0x08002a44   0x08002a44   0x00000012   Code   RO         9430    .text               c_w.l(exit.o)
    0x08002a56   0x08002a56   0x00000026   Code   RO         9499    .text               c_w.l(llshl.o)
    0x08002a7c   0x08002a7c   0x0000000c   Code   RO         9528    .text               c_w.l(sys_exit.o)
    0x08002a88   0x08002a88   0x00000002   Code   RO         9566    .text               c_w.l(use_no_semi.o)
    0x08002a8a   0x08002a8a   0x00000000   Code   RO         9568    .text               c_w.l(indicate_semi.o)
    0x08002a8a   0x08002a8a   0x0000003e   Code   RO         9367    CL$$btod_d2e        c_w.l(btod.o)
    0x08002ac8   0x08002ac8   0x00000046   Code   RO         9369    CL$$btod_d2e_denorm_low  c_w.l(btod.o)
    0x08002b0e   0x08002b0e   0x00000060   Code   RO         9368    CL$$btod_d2e_norm_op1  c_w.l(btod.o)
    0x08002b6e   0x08002b6e   0x00000338   Code   RO         9377    CL$$btod_div_common  c_w.l(btod.o)
    0x08002ea6   0x08002ea6   0x00000002   PAD
    0x08002ea8   0x08002ea8   0x00000084   Code   RO         9375    CL$$btod_e2d        c_w.l(btod.o)
    0x08002f2c   0x08002f2c   0x000000dc   Code   RO         9374    CL$$btod_e2e        c_w.l(btod.o)
    0x08003008   0x08003008   0x0000002a   Code   RO         9371    CL$$btod_ediv       c_w.l(btod.o)
    0x08003032   0x08003032   0x0000002a   Code   RO         9373    CL$$btod_edivd      c_w.l(btod.o)
    0x0800305c   0x0800305c   0x0000002a   Code   RO         9370    CL$$btod_emul       c_w.l(btod.o)
    0x08003086   0x08003086   0x0000002a   Code   RO         9372    CL$$btod_emuld      c_w.l(btod.o)
    0x080030b0   0x080030b0   0x00000244   Code   RO         9376    CL$$btod_mult_common  c_w.l(btod.o)
    0x080032f4   0x080032f4   0x0000001c   Code   RO          465    i.BusFault_Handler  stm32h7xx_it.o
    0x08003310   0x08003310   0x00000004   Code   RO          872    i.CDC_Control_FS    usbd_cdc_if.o
    0x08003314   0x08003314   0x00000004   Code   RO          873    i.CDC_DeInit_FS     usbd_cdc_if.o
    0x08003318   0x08003318   0x00000024   Code   RO          874    i.CDC_Init_FS       usbd_cdc_if.o
    0x0800333c   0x0800333c   0x00000020   Code   RO         8700    i.CDC_RECEIVE       uni_shell.o
    0x0800335c   0x0800335c   0x00000024   Code   RO          875    i.CDC_Receive_FS    usbd_cdc_if.o
    0x08003380   0x08003380   0x00000004   Code   RO          876    i.CDC_TransmitCplt_FS  usbd_cdc_if.o
    0x08003384   0x08003384   0x0000002c   Code   RO          877    i.CDC_Transmit_FS   usbd_cdc_if.o
    0x080033b0   0x080033b0   0x00000028   Code   RO         8701    i.CDC_Transmit_Packet  uni_shell.o
    0x080033d8   0x080033d8   0x0000000c   Code   RO          466    i.DMA1_Stream0_IRQHandler  stm32h7xx_it.o
    0x080033e4   0x080033e4   0x000000b8   Code   RO         2373    i.DMA_CalcBaseAndBitshift  stm32h7xx_hal_dma.o
    0x0800349c   0x0800349c   0x000000a0   Code   RO         2374    i.DMA_CalcDMAMUXChannelBaseAndMask  stm32h7xx_hal_dma.o
    0x0800353c   0x0800353c   0x0000007c   Code   RO         2375    i.DMA_CalcDMAMUXRequestGenBaseAndMask  stm32h7xx_hal_dma.o
    0x080035b8   0x080035b8   0x00000054   Code   RO         2376    i.DMA_CheckFifoParam  stm32h7xx_hal_dma.o
    0x0800360c   0x0800360c   0x00000002   Code   RO          467    i.DebugMon_Handler  stm32h7xx_it.o
    0x0800360e   0x0800360e   0x00000004   Code   RO           13    i.Error_Handler     main.o
    0x08003612   0x08003612   0x00000006   Code   RO         6439    i.FATFS_LinkDriver  ff_gen_drv.o
    0x08003618   0x08003618   0x00000040   Code   RO         6440    i.FATFS_LinkDriverEx  ff_gen_drv.o
    0x08003658   0x08003658   0x00000360   Code   RO         2378    i.HAL_DMA_Abort     stm32h7xx_hal_dma.o
    0x080039b8   0x080039b8   0x0000026c   Code   RO         2379    i.HAL_DMA_Abort_IT  stm32h7xx_hal_dma.o
    0x08003c24   0x08003c24   0x000006f4   Code   RO         2383    i.HAL_DMA_IRQHandler  stm32h7xx_hal_dma.o
    0x08004318   0x08004318   0x000003b0   Code   RO         2384    i.HAL_DMA_Init      stm32h7xx_hal_dma.o
    0x080046c8   0x080046c8   0x00000024   Code   RO         3228    i.HAL_Delay         stm32h7xx_hal.o
    0x080046ec   0x080046ec   0x000001dc   Code   RO         2226    i.HAL_GPIO_Init     stm32h7xx_hal_gpio.o
    0x080048c8   0x080048c8   0x0000000a   Code   RO         2230    i.HAL_GPIO_WritePin  stm32h7xx_hal_gpio.o
    0x080048d2   0x080048d2   0x00000002   PAD
    0x080048d4   0x080048d4   0x0000000c   Code   RO         3239    i.HAL_GetREVID      stm32h7xx_hal.o
    0x080048e0   0x080048e0   0x0000000c   Code   RO         3240    i.HAL_GetTick       stm32h7xx_hal.o
    0x080048ec   0x080048ec   0x00000010   Code   RO         3246    i.HAL_IncTick       stm32h7xx_hal.o
    0x080048fc   0x080048fc   0x0000005c   Code   RO         3247    i.HAL_Init          stm32h7xx_hal.o
    0x08004958   0x08004958   0x0000008c   Code   RO          571    i.HAL_InitTick      stm32h7xx_hal_timebase_tim.o
    0x080049e4   0x080049e4   0x00000024   Code   RO          547    i.HAL_MspInit       stm32h7xx_hal_msp.o
    0x08004a08   0x08004a08   0x0000001a   Code   RO         3086    i.HAL_NVIC_EnableIRQ  stm32h7xx_hal_cortex.o
    0x08004a22   0x08004a22   0x00000002   PAD
    0x08004a24   0x08004a24   0x00000040   Code   RO         3092    i.HAL_NVIC_SetPriority  stm32h7xx_hal_cortex.o
    0x08004a64   0x08004a64   0x00000024   Code   RO         3093    i.HAL_NVIC_SetPriorityGrouping  stm32h7xx_hal_cortex.o
    0x08004a88   0x08004a88   0x00000024   Code   RO         3094    i.HAL_NVIC_SystemReset  stm32h7xx_hal_cortex.o
    0x08004aac   0x08004aac   0x00000028   Code   RO         1377    i.HAL_PCDEx_ActivateLPM  stm32h7xx_hal_pcd_ex.o
    0x08004ad4   0x08004ad4   0x00000002   Code   RO         1382    i.HAL_PCDEx_LPM_Callback  stm32h7xx_hal_pcd_ex.o
    0x08004ad6   0x08004ad6   0x00000008   Code   RO         1383    i.HAL_PCDEx_SetRxFiFo  stm32h7xx_hal_pcd_ex.o
    0x08004ade   0x08004ade   0x00000044   Code   RO         1384    i.HAL_PCDEx_SetTxFiFo  stm32h7xx_hal_pcd_ex.o
    0x08004b22   0x08004b22   0x00000008   Code   RO          933    i.HAL_PCD_ConnectCallback  usbd_conf.o
    0x08004b2a   0x08004b2a   0x00000012   Code   RO          934    i.HAL_PCD_DataInStageCallback  usbd_conf.o
    0x08004b3c   0x08004b3c   0x00000014   Code   RO          935    i.HAL_PCD_DataOutStageCallback  usbd_conf.o
    0x08004b50   0x08004b50   0x00000008   Code   RO          936    i.HAL_PCD_DisconnectCallback  usbd_conf.o
    0x08004b58   0x08004b58   0x0000001e   Code   RO         1153    i.HAL_PCD_EP_Abort  stm32h7xx_hal_pcd.o
    0x08004b76   0x08004b76   0x0000004c   Code   RO         1154    i.HAL_PCD_EP_Close  stm32h7xx_hal_pcd.o
    0x08004bc2   0x08004bc2   0x0000005c   Code   RO         1155    i.HAL_PCD_EP_ClrStall  stm32h7xx_hal_pcd.o
    0x08004c1e   0x08004c1e   0x00000012   Code   RO         1157    i.HAL_PCD_EP_GetRxCount  stm32h7xx_hal_pcd.o
    0x08004c30   0x08004c30   0x00000060   Code   RO         1158    i.HAL_PCD_EP_Open   stm32h7xx_hal_pcd.o
    0x08004c90   0x08004c90   0x00000038   Code   RO         1159    i.HAL_PCD_EP_Receive  stm32h7xx_hal_pcd.o
    0x08004cc8   0x08004cc8   0x00000074   Code   RO         1160    i.HAL_PCD_EP_SetStall  stm32h7xx_hal_pcd.o
    0x08004d3c   0x08004d3c   0x00000034   Code   RO         1161    i.HAL_PCD_EP_Transmit  stm32h7xx_hal_pcd.o
    0x08004d70   0x08004d70   0x0000058c   Code   RO         1163    i.HAL_PCD_IRQHandler  stm32h7xx_hal_pcd.o
    0x080052fc   0x080052fc   0x00000008   Code   RO          937    i.HAL_PCD_ISOINIncompleteCallback  usbd_conf.o
    0x08005304   0x08005304   0x00000008   Code   RO          938    i.HAL_PCD_ISOOUTIncompleteCallback  usbd_conf.o
    0x0800530c   0x0800530c   0x000000f2   Code   RO         1166    i.HAL_PCD_Init      stm32h7xx_hal_pcd.o
    0x080053fe   0x080053fe   0x00000002   PAD
    0x08005400   0x08005400   0x0000007c   Code   RO          940    i.HAL_PCD_MspInit   usbd_conf.o
    0x0800547c   0x0800547c   0x0000002c   Code   RO          941    i.HAL_PCD_ResetCallback  usbd_conf.o
    0x080054a8   0x080054a8   0x00000008   Code   RO          942    i.HAL_PCD_ResumeCallback  usbd_conf.o
    0x080054b0   0x080054b0   0x00000008   Code   RO          943    i.HAL_PCD_SOFCallback  usbd_conf.o
    0x080054b8   0x080054b8   0x00000028   Code   RO         1172    i.HAL_PCD_SetAddress  stm32h7xx_hal_pcd.o
    0x080054e0   0x080054e0   0x0000000e   Code   RO          944    i.HAL_PCD_SetupStageCallback  usbd_conf.o
    0x080054ee   0x080054ee   0x00000042   Code   RO         1175    i.HAL_PCD_Start     stm32h7xx_hal_pcd.o
    0x08005530   0x08005530   0x00000030   Code   RO          945    i.HAL_PCD_SuspendCallback  usbd_conf.o
    0x08005560   0x08005560   0x00000050   Code   RO         2827    i.HAL_PWREx_ConfigSupply  stm32h7xx_hal_pwr_ex.o
    0x080055b0   0x080055b0   0x00000010   Code   RO         2844    i.HAL_PWREx_EnableUSBVoltageDetector  stm32h7xx_hal_pwr_ex.o
    0x080055c0   0x080055c0   0x00000024   Code   RO         1869    i.HAL_RCCEx_GetD3PCLK1Freq  stm32h7xx_hal_rcc_ex.o
    0x080055e4   0x080055e4   0x0000013c   Code   RO         1871    i.HAL_RCCEx_GetPLL2ClockFreq  stm32h7xx_hal_rcc_ex.o
    0x08005720   0x08005720   0x0000013c   Code   RO         1872    i.HAL_RCCEx_GetPLL3ClockFreq  stm32h7xx_hal_rcc_ex.o
    0x0800585c   0x0800585c   0x000009a8   Code   RO         1878    i.HAL_RCCEx_PeriphCLKConfig  stm32h7xx_hal_rcc_ex.o
    0x08006204   0x08006204   0x00000270   Code   RO         1754    i.HAL_RCC_ClockConfig  stm32h7xx_hal_rcc.o
    0x08006474   0x08006474   0x00000060   Code   RO         1758    i.HAL_RCC_GetClockConfig  stm32h7xx_hal_rcc.o
    0x080064d4   0x080064d4   0x00000044   Code   RO         1759    i.HAL_RCC_GetHCLKFreq  stm32h7xx_hal_rcc.o
    0x08006518   0x08006518   0x00000024   Code   RO         1761    i.HAL_RCC_GetPCLK1Freq  stm32h7xx_hal_rcc.o
    0x0800653c   0x0800653c   0x00000024   Code   RO         1762    i.HAL_RCC_GetPCLK2Freq  stm32h7xx_hal_rcc.o
    0x08006560   0x08006560   0x00000130   Code   RO         1763    i.HAL_RCC_GetSysClockFreq  stm32h7xx_hal_rcc.o
    0x08006690   0x08006690   0x0000056e   Code   RO         1766    i.HAL_RCC_OscConfig  stm32h7xx_hal_rcc.o
    0x08006bfe   0x08006bfe   0x00000002   PAD
    0x08006c00   0x08006c00   0x00000170   Code   RO         4142    i.HAL_SPI_Init      stm32h7xx_hal_spi.o
    0x08006d70   0x08006d70   0x000000b0   Code   RO          382    i.HAL_SPI_MspInit   spi.o
    0x08006e20   0x08006e20   0x000001c6   Code   RO         4145    i.HAL_SPI_Receive   stm32h7xx_hal_spi.o
    0x08006fe6   0x08006fe6   0x00000244   Code   RO         4151    i.HAL_SPI_Transmit  stm32h7xx_hal_spi.o
    0x0800722a   0x0800722a   0x00000258   Code   RO         4152    i.HAL_SPI_TransmitReceive  stm32h7xx_hal_spi.o
    0x08007482   0x08007482   0x00000002   Code   RO         5176    i.HAL_TIMEx_Break2Callback  stm32h7xx_hal_tim_ex.o
    0x08007484   0x08007484   0x00000002   Code   RO         5177    i.HAL_TIMEx_BreakCallback  stm32h7xx_hal_tim_ex.o
    0x08007486   0x08007486   0x00000002   Code   RO         5178    i.HAL_TIMEx_CommutCallback  stm32h7xx_hal_tim_ex.o
    0x08007488   0x08007488   0x00000062   Code   RO         4462    i.HAL_TIM_Base_Init  stm32h7xx_hal_tim.o
    0x080074ea   0x080074ea   0x00000002   Code   RO         4464    i.HAL_TIM_Base_MspInit  stm32h7xx_hal_tim.o
    0x080074ec   0x080074ec   0x0000008c   Code   RO         4467    i.HAL_TIM_Base_Start_IT  stm32h7xx_hal_tim.o
    0x08007578   0x08007578   0x00000002   Code   RO         4496    i.HAL_TIM_IC_CaptureCallback  stm32h7xx_hal_tim.o
    0x0800757a   0x0800757a   0x00000184   Code   RO         4510    i.HAL_TIM_IRQHandler  stm32h7xx_hal_tim.o
    0x080076fe   0x080076fe   0x00000002   Code   RO         4513    i.HAL_TIM_OC_DelayElapsedCallback  stm32h7xx_hal_tim.o
    0x08007700   0x08007700   0x00000002   Code   RO         4540    i.HAL_TIM_PWM_PulseFinishedCallback  stm32h7xx_hal_tim.o
    0x08007702   0x08007702   0x0000000e   Code   RO           14    i.HAL_TIM_PeriodElapsedCallback  main.o
    0x08007710   0x08007710   0x00000002   Code   RO         4553    i.HAL_TIM_TriggerCallback  stm32h7xx_hal_tim.o
    0x08007712   0x08007712   0x0000003e   Code   RO         5887    i.HAL_UARTEx_DisableFifoMode  stm32h7xx_hal_uart_ex.o
    0x08007750   0x08007750   0x00000002   Code   RO         5476    i.HAL_UARTEx_RxEventCallback  stm32h7xx_hal_uart.o
    0x08007752   0x08007752   0x00000002   Code   RO         5895    i.HAL_UARTEx_RxFifoFullCallback  stm32h7xx_hal_uart_ex.o
    0x08007754   0x08007754   0x0000004c   Code   RO         5896    i.HAL_UARTEx_SetRxFifoThreshold  stm32h7xx_hal_uart_ex.o
    0x080077a0   0x080077a0   0x0000004c   Code   RO         5897    i.HAL_UARTEx_SetTxFifoThreshold  stm32h7xx_hal_uart_ex.o
    0x080077ec   0x080077ec   0x00000002   Code   RO         5899    i.HAL_UARTEx_TxFifoEmptyCallback  stm32h7xx_hal_uart_ex.o
    0x080077ee   0x080077ee   0x00000002   Code   RO         5900    i.HAL_UARTEx_WakeupCallback  stm32h7xx_hal_uart_ex.o
    0x080077f0   0x080077f0   0x00000002   Code   RO         5492    i.HAL_UART_ErrorCallback  stm32h7xx_hal_uart.o
    0x080077f2   0x080077f2   0x00000002   PAD
    0x080077f4   0x080077f4   0x00000384   Code   RO         5495    i.HAL_UART_IRQHandler  stm32h7xx_hal_uart.o
    0x08007b78   0x08007b78   0x0000006a   Code   RO         5496    i.HAL_UART_Init     stm32h7xx_hal_uart.o
    0x08007be2   0x08007be2   0x00000002   PAD
    0x08007be4   0x08007be4   0x000000b0   Code   RO          424    i.HAL_UART_MspInit  usart.o
    0x08007c94   0x08007c94   0x00000002   Code   RO         5508    i.HAL_UART_TxCpltCallback  stm32h7xx_hal_uart.o
    0x08007c96   0x08007c96   0x00000002   PAD
    0x08007c98   0x08007c98   0x0000001c   Code   RO          468    i.HardFault_Handler  stm32h7xx_it.o
    0x08007cb4   0x08007cb4   0x00000036   Code   RO          785    i.IntToUnicode      usbd_desc.o
    0x08007cea   0x08007cea   0x00000002   PAD
    0x08007cec   0x08007cec   0x0000002c   Code   RO          357    i.MX_DMA_Init       dma.o
    0x08007d18   0x08007d18   0x0000001c   Code   RO          695    i.MX_FATFS_Init     fatfs.o
    0x08007d34   0x08007d34   0x00000030   Code   RO          308    i.MX_FREERTOS_Init  freertos.o
    0x08007d64   0x08007d64   0x0000007c   Code   RO          280    i.MX_GPIO_Init      gpio.o
    0x08007de0   0x08007de0   0x00000060   Code   RO          383    i.MX_SPI1_Init      spi.o
    0x08007e40   0x08007e40   0x00000068   Code   RO          425    i.MX_USART1_UART_Init  usart.o
    0x08007ea8   0x08007ea8   0x00000054   Code   RO          733    i.MX_USB_DEVICE_Init  usb_device.o
    0x08007efc   0x08007efc   0x0000001c   Code   RO          469    i.MemManage_Handler  stm32h7xx_it.o
    0x08007f18   0x08007f18   0x00000014   Code   RO          470    i.NMI_Handler       stm32h7xx_it.o
    0x08007f2c   0x08007f2c   0x0000000c   Code   RO          471    i.OTG_FS_IRQHandler  stm32h7xx_it.o
    0x08007f38   0x08007f38   0x000000cc   Code   RO         1178    i.PCD_EP_OutXfrComplete_int  stm32h7xx_hal_pcd.o
    0x08008004   0x08008004   0x00000098   Code   RO         1179    i.PCD_WriteEmptyTxFifo  stm32h7xx_hal_pcd.o
    0x0800809c   0x0800809c   0x0000004c   Code   RO           15    i.PeriphCommonClock_Config  main.o
    0x080080e8   0x080080e8   0x00000114   Code   RO         1881    i.RCCEx_PLL2_Config  stm32h7xx_hal_rcc_ex.o
    0x080081fc   0x080081fc   0x00000114   Code   RO         1882    i.RCCEx_PLL3_Config  stm32h7xx_hal_rcc_ex.o
    0x08008310   0x08008310   0x000000a0   Code   RO         8702    i.SHELL_DEBUG       uni_shell.o
    0x080083b0   0x080083b0   0x000000a0   Code   RO         8703    i.SHELL_LOG         uni_shell.o
    0x08008450   0x08008450   0x000000bc   Code   RO         4162    i.SPI_CloseTransfer  stm32h7xx_hal_spi.o
    0x0800850c   0x0800850c   0x00000044   Code   RO         4179    i.SPI_WaitOnFlagUntilTimeout  stm32h7xx_hal_spi.o
    0x08008550   0x08008550   0x0000000a   Code   RO         8449    i.SWAPBYTE          usbd_ctlreq.o
    0x0800855a   0x0800855a   0x00000002   PAD
    0x0800855c   0x0800855c   0x0000001c   Code   RO          309    i.StartDefaultTask  freertos.o
    0x08008578   0x08008578   0x0000001a   Code   RO         7638    i.SysTick_Handler   cmsis_os2.o
    0x08008592   0x08008592   0x00000002   PAD
    0x08008594   0x08008594   0x000000a8   Code   RO           16    i.SystemClock_Config  main.o
    0x0800863c   0x0800863c   0x000000dc   Code   RO         6006    i.SystemInit        system_stm32h7xx.o
    0x08008718   0x08008718   0x0000000c   Code   RO          472    i.TIM2_IRQHandler   stm32h7xx_it.o
    0x08008724   0x08008724   0x000000c0   Code   RO         4555    i.TIM_Base_SetConfig  stm32h7xx_hal_tim.o
    0x080087e4   0x080087e4   0x00000044   Code   RO         5901    i.UARTEx_SetNbDataToProcess  stm32h7xx_hal_uart_ex.o
    0x08008828   0x08008828   0x000000c8   Code   RO         5510    i.UART_AdvFeatureConfig  stm32h7xx_hal_uart.o
    0x080088f0   0x080088f0   0x000000ac   Code   RO         5511    i.UART_CheckIdleState  stm32h7xx_hal_uart.o
    0x0800899c   0x0800899c   0x00000014   Code   RO         5512    i.UART_DMAAbortOnError  stm32h7xx_hal_uart.o
    0x080089b0   0x080089b0   0x00000054   Code   RO         5522    i.UART_EndRxTransfer  stm32h7xx_hal_uart.o
    0x08008a04   0x08008a04   0x0000039c   Code   RO         5528    i.UART_SetConfig    stm32h7xx_hal_uart.o
    0x08008da0   0x08008da0   0x0000008a   Code   RO         5535    i.UART_WaitOnFlagUntilTimeout  stm32h7xx_hal_uart.o
    0x08008e2a   0x08008e2a   0x00000002   PAD
    0x08008e2c   0x08008e2c   0x0000000c   Code   RO          473    i.USART1_IRQHandler  stm32h7xx_it.o
    0x08008e38   0x08008e38   0x00000076   Code   RO         8590    i.USBD_CDC_DataIn   usbd_cdc.o
    0x08008eae   0x08008eae   0x0000003c   Code   RO         8591    i.USBD_CDC_DataOut  usbd_cdc.o
    0x08008eea   0x08008eea   0x00000002   PAD
    0x08008eec   0x08008eec   0x00000090   Code   RO         8592    i.USBD_CDC_DeInit   usbd_cdc.o
    0x08008f7c   0x08008f7c   0x00000036   Code   RO         8593    i.USBD_CDC_EP0_RxReady  usbd_cdc.o
    0x08008fb2   0x08008fb2   0x00000002   PAD
    0x08008fb4   0x08008fb4   0x0000000c   Code   RO         8594    i.USBD_CDC_GetDeviceQualifierDescriptor  usbd_cdc.o
    0x08008fc0   0x08008fc0   0x0000003c   Code   RO         8595    i.USBD_CDC_GetFSCfgDesc  usbd_cdc.o
    0x08008ffc   0x08008ffc   0x00000040   Code   RO         8596    i.USBD_CDC_GetHSCfgDesc  usbd_cdc.o
    0x0800903c   0x0800903c   0x0000003c   Code   RO         8597    i.USBD_CDC_GetOtherSpeedCfgDesc  usbd_cdc.o
    0x08009078   0x08009078   0x00000118   Code   RO         8598    i.USBD_CDC_Init     usbd_cdc.o
    0x08009190   0x08009190   0x00000038   Code   RO         8599    i.USBD_CDC_ReceivePacket  usbd_cdc.o
    0x080091c8   0x080091c8   0x00000016   Code   RO         8600    i.USBD_CDC_RegisterInterface  usbd_cdc.o
    0x080091de   0x080091de   0x0000001a   Code   RO         8601    i.USBD_CDC_SetRxBuffer  usbd_cdc.o
    0x080091f8   0x080091f8   0x0000001e   Code   RO         8602    i.USBD_CDC_SetTxBuffer  usbd_cdc.o
    0x08009216   0x08009216   0x000000d4   Code   RO         8603    i.USBD_CDC_Setup    usbd_cdc.o
    0x080092ea   0x080092ea   0x00000002   PAD
    0x080092ec   0x080092ec   0x00000050   Code   RO         8604    i.USBD_CDC_TransmitPacket  usbd_cdc.o
    0x0800933c   0x0800933c   0x00000014   Code   RO         8286    i.USBD_ClrClassConfig  usbd_core.o
    0x08009350   0x08009350   0x00000004   Code   RO         8287    i.USBD_CoreFindEP   usbd_core.o
    0x08009354   0x08009354   0x00000004   Code   RO         8288    i.USBD_CoreFindIF   usbd_core.o
    0x08009358   0x08009358   0x00000010   Code   RO         8526    i.USBD_CtlContinueRx  usbd_ioreq.o
    0x08009368   0x08009368   0x00000010   Code   RO         8527    i.USBD_CtlContinueSendData  usbd_ioreq.o
    0x08009378   0x08009378   0x00000016   Code   RO         8450    i.USBD_CtlError     usbd_ctlreq.o
    0x0800938e   0x0800938e   0x0000001e   Code   RO         8528    i.USBD_CtlPrepareRx  usbd_ioreq.o
    0x080093ac   0x080093ac   0x00000016   Code   RO         8529    i.USBD_CtlReceiveStatus  usbd_ioreq.o
    0x080093c2   0x080093c2   0x0000001a   Code   RO         8530    i.USBD_CtlSendData  usbd_ioreq.o
    0x080093dc   0x080093dc   0x00000016   Code   RO         8531    i.USBD_CtlSendStatus  usbd_ioreq.o
    0x080093f2   0x080093f2   0x00000002   PAD
    0x080093f4   0x080093f4   0x00000020   Code   RO          786    i.USBD_FS_ConfigStrDescriptor  usbd_desc.o
    0x08009414   0x08009414   0x0000000c   Code   RO          787    i.USBD_FS_DeviceDescriptor  usbd_desc.o
    0x08009420   0x08009420   0x00000024   Code   RO          788    i.USBD_FS_InterfaceStrDescriptor  usbd_desc.o
    0x08009444   0x08009444   0x0000000c   Code   RO          789    i.USBD_FS_LangIDStrDescriptor  usbd_desc.o
    0x08009450   0x08009450   0x00000028   Code   RO          790    i.USBD_FS_ManufacturerStrDescriptor  usbd_desc.o
    0x08009478   0x08009478   0x0000002c   Code   RO          791    i.USBD_FS_ProductStrDescriptor  usbd_desc.o
    0x080094a4   0x080094a4   0x00000038   Code   RO          792    i.USBD_FS_SerialStrDescriptor  usbd_desc.o
    0x080094dc   0x080094dc   0x000000fa   Code   RO         8451    i.USBD_GetDescriptor  usbd_ctlreq.o
    0x080095d6   0x080095d6   0x0000003a   Code   RO         8290    i.USBD_GetEpDesc    usbd_core.o
    0x08009610   0x08009610   0x0000000e   Code   RO         8291    i.USBD_GetNextDesc  usbd_core.o
    0x0800961e   0x0800961e   0x00000048   Code   RO         8452    i.USBD_GetString    usbd_ctlreq.o
    0x08009666   0x08009666   0x00000018   Code   RO          946    i.USBD_Get_USB_Status  usbd_conf.o
    0x0800967e   0x0800967e   0x00000026   Code   RO         8292    i.USBD_Init         usbd_core.o
    0x080096a4   0x080096a4   0x00000012   Code   RO          947    i.USBD_LL_ClearStallEP  usbd_conf.o
    0x080096b6   0x080096b6   0x00000012   Code   RO          948    i.USBD_LL_CloseEP   usbd_conf.o
    0x080096c8   0x080096c8   0x000000b2   Code   RO         8293    i.USBD_LL_DataInStage  usbd_core.o
    0x0800977a   0x0800977a   0x00000096   Code   RO         8294    i.USBD_LL_DataOutStage  usbd_core.o
    0x08009810   0x08009810   0x00000004   Code   RO         8295    i.USBD_LL_DevConnected  usbd_core.o
    0x08009814   0x08009814   0x0000001e   Code   RO         8296    i.USBD_LL_DevDisconnected  usbd_core.o
    0x08009832   0x08009832   0x00000008   Code   RO          952    i.USBD_LL_GetRxDataSize  usbd_conf.o
    0x0800983a   0x0800983a   0x00000002   PAD
    0x0800983c   0x0800983c   0x00000064   Code   RO          953    i.USBD_LL_Init      usbd_conf.o
    0x080098a0   0x080098a0   0x00000020   Code   RO          954    i.USBD_LL_IsStallEP  usbd_conf.o
    0x080098c0   0x080098c0   0x00000028   Code   RO         8297    i.USBD_LL_IsoINIncomplete  usbd_core.o
    0x080098e8   0x080098e8   0x00000028   Code   RO         8298    i.USBD_LL_IsoOUTIncomplete  usbd_core.o
    0x08009910   0x08009910   0x00000018   Code   RO          955    i.USBD_LL_OpenEP    usbd_conf.o
    0x08009928   0x08009928   0x00000012   Code   RO          956    i.USBD_LL_PrepareReceive  usbd_conf.o
    0x0800993a   0x0800993a   0x0000005c   Code   RO         8299    i.USBD_LL_Reset     usbd_core.o
    0x08009996   0x08009996   0x00000014   Code   RO         8300    i.USBD_LL_Resume    usbd_core.o
    0x080099aa   0x080099aa   0x0000001a   Code   RO         8301    i.USBD_LL_SOF       usbd_core.o
    0x080099c4   0x080099c4   0x00000006   Code   RO         8302    i.USBD_LL_SetSpeed  usbd_core.o
    0x080099ca   0x080099ca   0x00000012   Code   RO          957    i.USBD_LL_SetUSBAddress  usbd_conf.o
    0x080099dc   0x080099dc   0x00000060   Code   RO         8303    i.USBD_LL_SetupStage  usbd_core.o
    0x08009a3c   0x08009a3c   0x00000012   Code   RO          958    i.USBD_LL_StallEP   usbd_conf.o
    0x08009a4e   0x08009a4e   0x00000012   Code   RO          959    i.USBD_LL_Start     usbd_conf.o
    0x08009a60   0x08009a60   0x0000001a   Code   RO         8304    i.USBD_LL_Suspend   usbd_core.o
    0x08009a7a   0x08009a7a   0x00000012   Code   RO          961    i.USBD_LL_Transmit  usbd_conf.o
    0x08009a8c   0x08009a8c   0x0000002e   Code   RO         8453    i.USBD_ParseSetupRequest  usbd_ctlreq.o
    0x08009aba   0x08009aba   0x0000003a   Code   RO         8305    i.USBD_RegisterClass  usbd_core.o
    0x08009af4   0x08009af4   0x00000014   Code   RO         8307    i.USBD_SetClassConfig  usbd_core.o
    0x08009b08   0x08009b08   0x000000b8   Code   RO         8454    i.USBD_SetConfig    usbd_ctlreq.o
    0x08009bc0   0x08009bc0   0x00000004   Code   RO         8308    i.USBD_Start        usbd_core.o
    0x08009bc4   0x08009bc4   0x0000012c   Code   RO         8455    i.USBD_StdDevReq    usbd_ctlreq.o
    0x08009cf0   0x08009cf0   0x00000160   Code   RO         8456    i.USBD_StdEPReq     usbd_ctlreq.o
    0x08009e50   0x08009e50   0x00000072   Code   RO         8457    i.USBD_StdItfReq    usbd_ctlreq.o
    0x08009ec2   0x08009ec2   0x00000002   Code   RO          962    i.USBD_static_free  usbd_conf.o
    0x08009ec4   0x08009ec4   0x00000008   Code   RO          963    i.USBD_static_malloc  usbd_conf.o
    0x08009ecc   0x08009ecc   0x00000080   Code   RO         1449    i.USB_ActivateEndpoint  stm32h7xx_ll_usb.o
    0x08009f4c   0x08009f4c   0x0000001c   Code   RO         1451    i.USB_ActivateSetup  stm32h7xx_ll_usb.o
    0x08009f68   0x08009f68   0x00000088   Code   RO         1453    i.USB_CoreInit      stm32h7xx_ll_usb.o
    0x08009ff0   0x08009ff0   0x00000040   Code   RO         1454    i.USB_CoreReset     stm32h7xx_ll_usb.o
    0x0800a030   0x0800a030   0x000000d0   Code   RO         1457    i.USB_DeactivateEndpoint  stm32h7xx_ll_usb.o
    0x0800a100   0x0800a100   0x0000001c   Code   RO         1458    i.USB_DevConnect    stm32h7xx_ll_usb.o
    0x0800a11c   0x0800a11c   0x0000001c   Code   RO         1459    i.USB_DevDisconnect  stm32h7xx_ll_usb.o
    0x0800a138   0x0800a138   0x00000170   Code   RO         1460    i.USB_DevInit       stm32h7xx_ll_usb.o
    0x0800a2a8   0x0800a2a8   0x0000000c   Code   RO         1461    i.USB_DisableGlobalInt  stm32h7xx_ll_usb.o
    0x0800a2b4   0x0800a2b4   0x00000058   Code   RO         1464    i.USB_EP0_OutStart  stm32h7xx_ll_usb.o
    0x0800a30c   0x0800a30c   0x00000058   Code   RO         1465    i.USB_EPClearStall  stm32h7xx_ll_usb.o
    0x0800a364   0x0800a364   0x00000058   Code   RO         1466    i.USB_EPSetStall    stm32h7xx_ll_usb.o
    0x0800a3bc   0x0800a3bc   0x00000230   Code   RO         1467    i.USB_EPStartXfer   stm32h7xx_ll_usb.o
    0x0800a5ec   0x0800a5ec   0x0000009c   Code   RO         1468    i.USB_EPStopXfer    stm32h7xx_ll_usb.o
    0x0800a688   0x0800a688   0x0000000c   Code   RO         1469    i.USB_EnableGlobalInt  stm32h7xx_ll_usb.o
    0x0800a694   0x0800a694   0x0000003c   Code   RO         1470    i.USB_FlushRxFifo   stm32h7xx_ll_usb.o
    0x0800a6d0   0x0800a6d0   0x00000040   Code   RO         1471    i.USB_FlushTxFifo   stm32h7xx_ll_usb.o
    0x0800a710   0x0800a710   0x0000001a   Code   RO         1473    i.USB_GetDevSpeed   stm32h7xx_ll_usb.o
    0x0800a72a   0x0800a72a   0x00000008   Code   RO         1475    i.USB_GetMode       stm32h7xx_ll_usb.o
    0x0800a732   0x0800a732   0x0000000e   Code   RO         1483    i.USB_ReadDevAllInEpInterrupt  stm32h7xx_ll_usb.o
    0x0800a740   0x0800a740   0x0000000e   Code   RO         1484    i.USB_ReadDevAllOutEpInterrupt  stm32h7xx_ll_usb.o
    0x0800a74e   0x0800a74e   0x00000024   Code   RO         1485    i.USB_ReadDevInEPInterrupt  stm32h7xx_ll_usb.o
    0x0800a772   0x0800a772   0x00000010   Code   RO         1486    i.USB_ReadDevOutEPInterrupt  stm32h7xx_ll_usb.o
    0x0800a782   0x0800a782   0x00000008   Code   RO         1487    i.USB_ReadInterrupts  stm32h7xx_ll_usb.o
    0x0800a78a   0x0800a78a   0x0000003e   Code   RO         1488    i.USB_ReadPacket    stm32h7xx_ll_usb.o
    0x0800a7c8   0x0800a7c8   0x0000005c   Code   RO         1490    i.USB_SetCurrentMode  stm32h7xx_ll_usb.o
    0x0800a824   0x0800a824   0x00000022   Code   RO         1491    i.USB_SetDevAddress  stm32h7xx_ll_usb.o
    0x0800a846   0x0800a846   0x00000002   PAD
    0x0800a848   0x0800a848   0x000000e8   Code   RO         1493    i.USB_SetTurnaroundTime  stm32h7xx_ll_usb.o
    0x0800a930   0x0800a930   0x00000026   Code   RO         1496    i.USB_WritePacket   stm32h7xx_ll_usb.o
    0x0800a956   0x0800a956   0x00000002   PAD
    0x0800a958   0x0800a958   0x0000001c   Code   RO          611    i.USER_initialize   user_diskio.o
    0x0800a974   0x0800a974   0x00000004   Code   RO          612    i.USER_ioctl        user_diskio.o
    0x0800a978   0x0800a978   0x00000044   Code   RO          613    i.USER_read         user_diskio.o
    0x0800a9bc   0x0800a9bc   0x00000014   Code   RO          614    i.USER_status       user_diskio.o
    0x0800a9d0   0x0800a9d0   0x00000034   Code   RO          615    i.USER_write        user_diskio.o
    0x0800aa04   0x0800aa04   0x0000001c   Code   RO          474    i.UsageFault_Handler  stm32h7xx_it.o
    0x0800aa20   0x0800aa20   0x00000058   Code   RO         9136    i.W25Qxx_ReadID     w25qxx_driver.o
    0x0800aa78   0x0800aa78   0x00000074   Code   RO         9137    i.W25Qxx_SPI_TransmitReceive  w25qxx_driver.o
    0x0800aaec   0x0800aaec   0x000000e8   Code   RO         8853    i.W25qxx_EraseSector  w25qxx_4m.o
    0x0800abd4   0x0800abd4   0x00000370   Code   RO         8854    i.W25qxx_Init       w25qxx_4m.o
    0x0800af44   0x0800af44   0x00000048   Code   RO         8863    i.W25qxx_ReadID     w25qxx_4m.o
    0x0800af8c   0x0800af8c   0x00000164   Code   RO         8864    i.W25qxx_ReadPage   w25qxx_4m.o
    0x0800b0f0   0x0800b0f0   0x00000108   Code   RO         8865    i.W25qxx_ReadSector  w25qxx_4m.o
    0x0800b1f8   0x0800b1f8   0x0000006c   Code   RO         8866    i.W25qxx_ReadStatusRegister  w25qxx_4m.o
    0x0800b264   0x0800b264   0x00000050   Code   RO         8867    i.W25qxx_ReadUniqID  w25qxx_4m.o
    0x0800b2b4   0x0800b2b4   0x00000014   Code   RO         8869    i.W25qxx_SectorToPage  w25qxx_4m.o
    0x0800b2c8   0x0800b2c8   0x00000020   Code   RO         8870    i.W25qxx_Spi        w25qxx_4m.o
    0x0800b2e8   0x0800b2e8   0x0000004c   Code   RO         8871    i.W25qxx_WaitForWriteEnd  w25qxx_4m.o
    0x0800b334   0x0800b334   0x0000002c   Code   RO         8875    i.W25qxx_WriteEnable  w25qxx_4m.o
    0x0800b360   0x0800b360   0x0000017c   Code   RO         8876    i.W25qxx_WritePage  w25qxx_4m.o
    0x0800b4dc   0x0800b4dc   0x0000010c   Code   RO         8877    i.W25qxx_WriteSector  w25qxx_4m.o
    0x0800b5e8   0x0800b5e8   0x00000030   Code   RO         9487    i.__ARM_fpclassify  m_wv.l(fpclassify.o)
    0x0800b618   0x0800b618   0x00000020   Code   RO         3099    i.__NVIC_SetPriority  stm32h7xx_hal_cortex.o
    0x0800b638   0x0800b638   0x000000dc   Code   RO         9407    i.__hardfp___mathlib_tofloat  m_wv.l(narrow.o)
    0x0800b714   0x0800b714   0x00000004   PAD
    0x0800b718   0x0800b718   0x00000018   Code   RO         9551    i.__mathlib_dbl_overflow  m_wv.l(dunder.o)
    0x0800b730   0x0800b730   0x00000018   Code   RO         9553    i.__mathlib_dbl_underflow  m_wv.l(dunder.o)
    0x0800b748   0x0800b748   0x00000012   Code   RO         9408    i.__mathlib_narrow  m_wv.l(narrow.o)
    0x0800b75a   0x0800b75a   0x00000006   PAD
    0x0800b760   0x0800b760   0x000000b8   Code   RO         9514    i.__support_ldexp   m_wv.l(ldexp.o)
    0x0800b818   0x0800b818   0x0000000e   Code   RO         9191    i._is_digit         c_w.l(__printf_wp.o)
    0x0800b826   0x0800b826   0x00000034   Code   RO         8705    i.clear_params      uni_shell.o
    0x0800b85a   0x0800b85a   0x00000002   PAD
    0x0800b85c   0x0800b85c   0x00000048   Code   RO         8706    i.cmd_buffer_add_byte  uni_shell.o
    0x0800b8a4   0x0800b8a4   0x00000020   Code   RO         8707    i.cmd_buffer_clear  uni_shell.o
    0x0800b8c4   0x0800b8c4   0x0000003c   Code   RO         8708    i.cmd_buffer_remove_byte  uni_shell.o
    0x0800b900   0x0800b900   0x00000034   Code   RO         8709    i.cmd_clear         uni_shell.o
    0x0800b934   0x0800b934   0x00000010   Code   RO         9052    i.cmd_filetest      shelltask.o
    0x0800b944   0x0800b944   0x00000100   Code   RO         8710    i.cmd_logo          uni_shell.o
    0x0800ba44   0x0800ba44   0x00000004   Code   RO         8711    i.cmd_reboot        uni_shell.o
    0x0800ba48   0x0800ba48   0x00000048   Code   RO         9053    i.cmd_setled        shelltask.o
    0x0800ba90   0x0800ba90   0x00000080   Code   RO         9054    i.cmd_spi           shelltask.o
    0x0800bb10   0x0800bb10   0x00000032   Code   RO         8712    i.command_add_param  uni_shell.o
    0x0800bb42   0x0800bb42   0x00000044   Code   RO         8713    i.command_get_param  uni_shell.o
    0x0800bb86   0x0800bb86   0x00000002   PAD
    0x0800bb88   0x0800bb88   0x00000198   Code   RO         8714    i.command_get_param_value  uni_shell.o
    0x0800bd20   0x0800bd20   0x000001fc   Code   RO         8715    i.decode_command    uni_shell.o
    0x0800bf1c   0x0800bf1c   0x00000002   Code   RO         8716    i.enter_callback    uni_shell.o
    0x0800bf1e   0x0800bf1e   0x00000002   PAD
    0x0800bf20   0x0800bf20   0x0000008c   Code   RO         9491    i.frexp             m_wv.l(frexp.o)
    0x0800bfac   0x0800bfac   0x00000064   Code   RO           17    i.main              main.o
    0x0800c010   0x0800c010   0x0000001a   Code   RO         7640    i.osDelay           cmsis_os2.o
    0x0800c02a   0x0800c02a   0x00000002   PAD
    0x0800c02c   0x0800c02c   0x00000024   Code   RO         7654    i.osKernelInitialize  cmsis_os2.o
    0x0800c050   0x0800c050   0x00000038   Code   RO         7657    i.osKernelStart     cmsis_os2.o
    0x0800c088   0x0800c088   0x00000088   Code   RO         7699    i.osThreadNew       cmsis_os2.o
    0x0800c110   0x0800c110   0x0000004c   Code   RO         8717    i.param_is_configured  uni_shell.o
    0x0800c15c   0x0800c15c   0x0000005c   Code   RO         7099    i.prvAddCurrentTaskToDelayedList  tasks.o
    0x0800c1b8   0x0800c1b8   0x000000d0   Code   RO         7100    i.prvAddNewTaskToReadyList  tasks.o
    0x0800c288   0x0800c288   0x00000058   Code   RO         7464    i.prvCheckForValidListAndQueue  timers.o
    0x0800c2e0   0x0800c2e0   0x00000026   Code   RO         6705    i.prvCopyDataFromQueue  queue.o
    0x0800c306   0x0800c306   0x0000006c   Code   RO         6706    i.prvCopyDataToQueue  queue.o
    0x0800c372   0x0800c372   0x00000034   Code   RO         7101    i.prvDeleteTCB      tasks.o
    0x0800c3a6   0x0800c3a6   0x00000002   PAD
    0x0800c3a8   0x0800c3a8   0x0000004c   Code   RO         8151    i.prvHeapInit       heap_4.o
    0x0800c3f4   0x0800c3f4   0x0000005c   Code   RO         7102    i.prvIdleTask       tasks.o
    0x0800c450   0x0800c450   0x00000020   Code   RO         6708    i.prvInitialiseNewQueue  queue.o
    0x0800c470   0x0800c470   0x000000aa   Code   RO         7103    i.prvInitialiseNewTask  tasks.o
    0x0800c51a   0x0800c51a   0x00000002   PAD
    0x0800c51c   0x0800c51c   0x0000004c   Code   RO         8152    i.prvInsertBlockIntoFreeList  heap_4.o
    0x0800c568   0x0800c568   0x00000038   Code   RO         7466    i.prvInsertTimerInActiveList  timers.o
    0x0800c5a0   0x0800c5a0   0x0000001a   Code   RO         6709    i.prvIsQueueEmpty   queue.o
    0x0800c5ba   0x0800c5ba   0x00000002   PAD
    0x0800c5bc   0x0800c5bc   0x000000f8   Code   RO         7467    i.prvProcessReceivedCommands  timers.o
    0x0800c6b4   0x0800c6b4   0x000000c0   Code   RO         7468    i.prvProcessTimerOrBlockTask  timers.o
    0x0800c774   0x0800c774   0x00000020   Code   RO         7105    i.prvResetNextTaskUnblockTime  tasks.o
    0x0800c794   0x0800c794   0x00000028   Code   RO         7469    i.prvSampleTimeNow  timers.o
    0x0800c7bc   0x0800c7bc   0x0000006c   Code   RO         7470    i.prvSwitchTimerLists  timers.o
    0x0800c828   0x0800c828   0x00000014   Code   RO         7106    i.prvTaskCheckFreeStackSpace  tasks.o
    0x0800c83c   0x0800c83c   0x00000028   Code   RO         8207    i.prvTaskExitError  port.o
    0x0800c864   0x0800c864   0x00000028   Code   RO         7471    i.prvTimerTask      timers.o
    0x0800c88c   0x0800c88c   0x0000006a   Code   RO         6710    i.prvUnlockQueue    queue.o
    0x0800c8f6   0x0800c8f6   0x00000002   PAD
    0x0800c8f8   0x0800c8f8   0x000000dc   Code   RO         8153    i.pvPortMalloc      heap_4.o
    0x0800c9d4   0x0800c9d4   0x0000002c   Code   RO         8208    i.pxPortInitialiseStack  port.o
    0x0800ca00   0x0800ca00   0x00000038   Code   RO         8718    i.register_command  uni_shell.o
    0x0800ca38   0x0800ca38   0x000002d8   Code   RO         8719    i.shell_exec        uni_shell.o
    0x0800cd10   0x0800cd10   0x00000058   Code   RO         8720    i.shell_init        uni_shell.o
    0x0800cd68   0x0800cd68   0x000000e0   Code   RO         9055    i.shell_task        shelltask.o
    0x0800ce48   0x0800ce48   0x0000006c   Code   RO         9056    i.show_msg          shelltask.o
    0x0800ceb4   0x0800ceb4   0x00000026   Code   RO         6665    i.uxListRemove      list.o
    0x0800ceda   0x0800ceda   0x00000002   PAD
    0x0800cedc   0x0800cedc   0x00000010   Code   RO         7112    i.uxTaskGetStackHighWaterMark  tasks.o
    0x0800ceec   0x0800ceec   0x00000014   Code   RO         7711    i.vApplicationGetIdleTaskMemory  cmsis_os2.o
    0x0800cf00   0x0800cf00   0x00000018   Code   RO         7712    i.vApplicationGetTimerTaskMemory  cmsis_os2.o
    0x0800cf18   0x0800cf18   0x00000016   Code   RO         6666    i.vListInitialise   list.o
    0x0800cf2e   0x0800cf2e   0x00000006   Code   RO         6667    i.vListInitialiseItem  list.o
    0x0800cf34   0x0800cf34   0x00000030   Code   RO         6668    i.vListInsert       list.o
    0x0800cf64   0x0800cf64   0x00000018   Code   RO         6669    i.vListInsertEnd    list.o
    0x0800cf7c   0x0800cf7c   0x00000040   Code   RO         8210    i.vPortEnterCritical  port.o
    0x0800cfbc   0x0800cfbc   0x00000028   Code   RO         8211    i.vPortExitCritical  port.o
    0x0800cfe4   0x0800cfe4   0x00000064   Code   RO         8154    i.vPortFree         heap_4.o
    0x0800d048   0x0800d048   0x00000024   Code   RO         8212    i.vPortSetupTimerInterrupt  port.o
    0x0800d06c   0x0800d06c   0x00000054   Code   RO         8213    i.vPortValidateInterruptPriority  port.o
    0x0800d0c0   0x0800d0c0   0x00000024   Code   RO         6716    i.vQueueAddToRegistry  queue.o
    0x0800d0e4   0x0800d0e4   0x00000044   Code   RO         6720    i.vQueueWaitForMessageRestricted  queue.o
    0x0800d128   0x0800d128   0x0000004c   Code   RO         7118    i.vTaskDelay        tasks.o
    0x0800d174   0x0800d174   0x00000010   Code   RO         7123    i.vTaskInternalSetTimeOutState  tasks.o
    0x0800d184   0x0800d184   0x0000000c   Code   RO         7124    i.vTaskMissedYield  tasks.o
    0x0800d190   0x0800d190   0x00000030   Code   RO         7126    i.vTaskPlaceOnEventList  tasks.o
    0x0800d1c0   0x0800d1c0   0x00000038   Code   RO         7127    i.vTaskPlaceOnEventListRestricted  tasks.o
    0x0800d1f8   0x0800d1f8   0x00000084   Code   RO         7135    i.vTaskStartScheduler  tasks.o
    0x0800d27c   0x0800d27c   0x00000010   Code   RO         7137    i.vTaskSuspendAll   tasks.o
    0x0800d28c   0x0800d28c   0x00000064   Code   RO         7138    i.vTaskSwitchContext  tasks.o
    0x0800d2f0   0x0800d2f0   0x000000f4   Code   RO         8214    i.xPortStartScheduler  port.o
    0x0800d3e4   0x0800d3e4   0x0000002c   Code   RO         8215    i.xPortSysTickHandler  port.o
    0x0800d410   0x0800d410   0x00000066   Code   RO         6726    i.xQueueGenericCreateStatic  queue.o
    0x0800d476   0x0800d476   0x00000002   PAD
    0x0800d478   0x0800d478   0x00000088   Code   RO         6727    i.xQueueGenericReset  queue.o
    0x0800d500   0x0800d500   0x00000164   Code   RO         6728    i.xQueueGenericSend  queue.o
    0x0800d664   0x0800d664   0x000000be   Code   RO         6729    i.xQueueGenericSendFromISR  queue.o
    0x0800d722   0x0800d722   0x00000002   PAD
    0x0800d724   0x0800d724   0x00000138   Code   RO         6738    i.xQueueReceive     queue.o
    0x0800d85c   0x0800d85c   0x00000074   Code   RO         7140    i.xTaskCheckForTimeOut  tasks.o
    0x0800d8d0   0x0800d8d0   0x0000005a   Code   RO         7141    i.xTaskCreate       tasks.o
    0x0800d92a   0x0800d92a   0x0000005a   Code   RO         7142    i.xTaskCreateStatic  tasks.o
    0x0800d984   0x0800d984   0x0000001c   Code   RO         7146    i.xTaskGetSchedulerState  tasks.o
    0x0800d9a0   0x0800d9a0   0x0000000c   Code   RO         7147    i.xTaskGetTickCount  tasks.o
    0x0800d9ac   0x0800d9ac   0x000000c8   Code   RO         7149    i.xTaskIncrementTick  tasks.o
    0x0800da74   0x0800da74   0x0000007c   Code   RO         7152    i.xTaskPriorityDisinherit  tasks.o
    0x0800daf0   0x0800daf0   0x00000070   Code   RO         7154    i.xTaskRemoveFromEventList  tasks.o
    0x0800db60   0x0800db60   0x000000c0   Code   RO         7155    i.xTaskResumeAll    tasks.o
    0x0800dc20   0x0800dc20   0x00000060   Code   RO         7480    i.xTimerCreateTimerTask  timers.o
    0x0800dc80   0x0800dc80   0x00000064   Code   RO         7481    i.xTimerGenericCommand  timers.o
    0x0800dce4   0x0800dce4   0x0000002c   Code   RO         9392    locale$$code        c_w.l(lc_numeric_c.o)
    0x0800dd10   0x0800dd10   0x0000002c   Code   RO         9502    locale$$code        c_w.l(lc_ctype_c.o)
    0x0800dd3c   0x0800dd3c   0x00000010   Code   RO         9580    x$fpl$dcheck1       fz_wv.l(dcheck1.o)
    0x0800dd4c   0x0800dd4c   0x0000000a   Code   RO         9510    x$fpl$fpinit        fz_wv.l(fpinit.o)
    0x0800dd56   0x0800dd56   0x00000006   Code   RO         9398    x$fpl$ieeestatus    fz_wv.l(istatus.o)
    0x0800dd5c   0x0800dd5c   0x00000004   Code   RO         9314    x$fpl$printf1       fz_wv.l(printf1.o)
    0x0800dd60   0x0800dd60   0x00000004   Code   RO         9316    x$fpl$printf2       fz_wv.l(printf2.o)
    0x0800dd64   0x0800dd64   0x00000064   Code   RO         9616    x$fpl$retnan        fz_wv.l(retnan.o)
    0x0800ddc8   0x0800ddc8   0x0000005c   Code   RO         9545    x$fpl$scalbn        fz_wv.l(scalbn.o)
    0x0800de24   0x0800de24   0x00000004   Code   RO         9234    x$fpl$scanf1        fz_wv.l(scanf1.o)
    0x0800de28   0x0800de28   0x00000008   Code   RO         9400    x$fpl$scanf2        fz_wv.l(scanf2.o)
    0x0800de30   0x0800de30   0x00000030   Code   RO         9618    x$fpl$trapveneer    fz_wv.l(trapv.o)
    0x0800de60   0x0800de60   0x00000000   Code   RO         9406    x$fpl$usenofp       fz_wv.l(usenofp.o)
    0x0800de60   0x0800de60   0x00000048   Data   RO          310    .constdata          freertos.o
    0x0800dea8   0x0800dea8   0x00000008   Data   RO         2390    .constdata          stm32h7xx_hal_dma.o
    0x0800deb0   0x0800deb0   0x00000018   Data   RO         5536    .constdata          stm32h7xx_hal_uart.o
    0x0800dec8   0x0800dec8   0x00000010   Data   RO         5902    .constdata          stm32h7xx_hal_uart_ex.o
    0x0800ded8   0x0800ded8   0x00000010   Data   RO         6007    .constdata          system_stm32h7xx.o
    0x0800dee8   0x0800dee8   0x00000011   Data   RO         9199    .constdata          c_w.l(__printf_flags_ss_wp.o)
    0x0800def9   0x0800def9   0x00000003   PAD
    0x0800defc   0x0800defc   0x00000008   Data   RO         9254    .constdata          c_w.l(_printf_wctomb.o)
    0x0800df04   0x0800df04   0x00000028   Data   RO         9283    .constdata          c_w.l(_printf_hex_int_ll_ptr.o)
    0x0800df2c   0x0800df2c   0x00000026   Data   RO         9356    .constdata          c_w.l(_printf_fp_hex.o)
    0x0800df52   0x0800df52   0x00000002   PAD
    0x0800df54   0x0800df54   0x00000094   Data   RO         9365    .constdata          c_w.l(bigflt0.o)
    0x0800dfe8   0x0800dfe8   0x00000018   Data   RO          311    .conststring        freertos.o
    0x0800e000   0x0800e000   0x00000006   Data   RO         8723    .conststring        uni_shell.o
    0x0800e006   0x0800e006   0x00000002   PAD
    0x0800e008   0x0800e008   0x00000020   Data   RO         9620    Region$$Table       anon$$obj.o
    0x0800e028   0x0800e028   0x00000008   Data   RO         9394    c$$dinf             fz_wv.l(fpconst.o)
    0x0800e030   0x0800e030   0x00000008   Data   RO         9397    c$$dmax             fz_wv.l(fpconst.o)
    0x0800e038   0x0800e038   0x0000001c   Data   RO         9391    locale$$data        c_w.l(lc_numeric_c.o)
    0x0800e054   0x0800e054   0x00000110   Data   RO         9501    locale$$data        c_w.l(lc_ctype_c.o)


    Execution Region RW_IRAM1 (Exec base: 0x20000000, Load base: 0x0800e164, Size: 0x00000000, Max: 0x00020000, ABSOLUTE)

    **** No section assigned to this execution region ****


    Execution Region RW_IRAM2 (Exec base: 0x24000000, Load base: 0x0800e164, Size: 0x00009820, Max: 0x00080000, ABSOLUTE, COMPRESSED[0x000000e0])

    Exec Addr    Load Addr    Size         Type   Attr      Idx    E Section Name        Object

    0x24000000   COMPRESSED   0x00000008   Data   RW          312    .data               freertos.o
    0x24000008   COMPRESSED   0x00000001   Data   RW          620    .data               user_diskio.o
    0x24000009   COMPRESSED   0x00000003   PAD
    0x2400000c   COMPRESSED   0x00000014   Data   RW          621    .data               user_diskio.o
    0x24000020   COMPRESSED   0x00000005   Data   RW          699    .data               fatfs.o
    0x24000025   COMPRESSED   0x00000003   PAD
    0x24000028   COMPRESSED   0x00000020   Data   RW          794    .data               usbd_desc.o
    0x24000048   COMPRESSED   0x00000032   Data   RW          795    .data               usbd_desc.o
    0x2400007a   COMPRESSED   0x00000002   PAD
    0x2400007c   COMPRESSED   0x00000014   Data   RW          879    .data               usbd_cdc_if.o
    0x24000090   COMPRESSED   0x0000000c   Data   RW         3269    .data               stm32h7xx_hal.o
    0x2400009c   COMPRESSED   0x00000008   Data   RW         6008    .data               system_stm32h7xx.o
    0x240000a4   COMPRESSED   0x0000003c   Data   RW         7158    .data               tasks.o
    0x240000e0   COMPRESSED   0x00000014   Data   RW         7489    .data               timers.o
    0x240000f4   COMPRESSED   0x00000004   Data   RW         7714    .data               cmsis_os2.o
    0x240000f8   COMPRESSED   0x00000020   Data   RW         8160    .data               heap_4.o
    0x24000118   COMPRESSED   0x0000000c   Data   RW         8216    .data               port.o
    0x24000124   COMPRESSED   0x00000001   Data   RW         8458    .data               usbd_ctlreq.o
    0x24000125   COMPRESSED   0x00000003   PAD
    0x24000128   COMPRESSED   0x00000053   Data   RW         8605    .data               usbd_cdc.o
    0x2400017b   COMPRESSED   0x00000001   PAD
    0x2400017c   COMPRESSED   0x00000038   Data   RW         8606    .data               usbd_cdc.o
    0x240001b4   COMPRESSED   0x000001bc   Data   RW         8724    .data               uni_shell.o
    0x24000370        -       0x00000088   Zero   RW          384    .bss                spi.o
    0x240003f8        -       0x0000010c   Zero   RW          426    .bss                usart.o
    0x24000504        -       0x0000004c   Zero   RW          574    .bss                stm32h7xx_hal_timebase_tim.o
    0x24000550        -       0x000002dc   Zero   RW          734    .bss                usb_device.o
    0x2400082c        -       0x00000200   Zero   RW          793    .bss                usbd_desc.o
    0x24000a2c        -       0x00001000   Zero   RW          878    .bss                usbd_cdc_if.o
    0x24001a2c        -       0x0000072c   Zero   RW          964    .bss                usbd_conf.o
    0x24002158        -       0x0000000c   Zero   RW         6443    .bss                ff_gen_drv.o
    0x24002164        -       0x00000040   Zero   RW         6742    .bss                queue.o
    0x240021a4        -       0x000004c4   Zero   RW         7157    .bss                tasks.o
    0x24002668        -       0x00000118   Zero   RW         7488    .bss                timers.o
    0x24002780        -       0x000006b8   Zero   RW         7713    .bss                cmsis_os2.o
    0x24002e38        -       0x00003c00   Zero   RW         8159    .bss                heap_4.o
    0x24006a38        -       0x0000275e   Zero   RW         8722    .bss                uni_shell.o
    0x24009196   COMPRESSED   0x00000002   PAD
    0x24009198        -       0x00000028   Zero   RW         8879    .bss                w25qxx_4m.o
    0x240091c0        -       0x00000060   Zero   RW         9416    .bss                c_w.l(libspace.o)
    0x24009220        -       0x00000200   Zero   RW            2    HEAP                startup_stm32h750xx.o
    0x24009420        -       0x00000400   Zero   RW            1    STACK               startup_stm32h750xx.o


==============================================================================

Image component sizes


      Code (inc. data)   RO Data    RW Data    ZI Data      Debug   Object Name

       324         22          0          4       1720      71067   cmsis_os2.o
        44          4          0          0          0        902   dma.o
         0          0          0          0          0      19416   event_groups.o
        28         10          0          5          0       1198   fatfs.o
         0          0          0          0          0        628   ff.o
        70          6          0          0         12       1639   ff_gen_drv.o
        76         20         96          8          0       4290   freertos.o
       124          8          0          0          0       1083   gpio.o
       472         24          0         32      15360       5091   heap_4.o
       138          0          0          0          0       3682   list.o
       362         22          0          0          0    1373650   main.o
       786         80          0         12          0      11657   port.o
      1510         18          0          0         64      17568   queue.o
       548        214          0          0          0       4774   shelltask.o
       272         26          0          0        136       1941   spi.o
        64         26        664          0       1536        844   startup_stm32h750xx.o
       168         36          0         12          0      22729   stm32h7xx_hal.o
       194         24          0          0          0      39345   stm32h7xx_hal_cortex.o
      4760        124          8          0          0       9723   stm32h7xx_hal_dma.o
       486         50          0          0          0       2384   stm32h7xx_hal_gpio.o
        36          4          0          0          0        954   stm32h7xx_hal_msp.o
      2660         16          0          0          0      14200   stm32h7xx_hal_pcd.o
       118          6          0          0          0       3383   stm32h7xx_hal_pcd_ex.o
        96          8          0          0          0       1366   stm32h7xx_hal_pwr_ex.o
      2554        136          0          0          0       8033   stm32h7xx_hal_rcc.o
      3692        132          0          0          0       8073   stm32h7xx_hal_rcc_ex.o
      2258         12          0          0          0       8214   stm32h7xx_hal_spi.o
       828         66          0          0          0       7800   stm32h7xx_hal_tim.o
         6          0          0          0          0       2404   stm32h7xx_hal_tim_ex.o
       140         18          0          0         76       1607   stm32h7xx_hal_timebase_tim.o
      2550        130         24          0          0      30204   stm32h7xx_hal_uart.o
       288          6         16          0          0       5578   stm32h7xx_hal_uart_ex.o
       182        116          0          0          0       4709   stm32h7xx_it.o
      2696        134          0          0          0      23412   stm32h7xx_ll_usb.o
       220         40         16          8          0       1454   system_stm32h7xx.o
      2102        164          0         60       1220      28358   tasks.o
       968         84          0         20        280      32315   timers.o
      2904        632          6        444      10078      17255   uni_shell.o
       280         30          0          0        268       1981   usart.o
        84         18          0          0        732       2615   usb_device.o
      1278         36          0        139          0      14653   usbd_cdc.o
       128         22          0         20       4096       4272   usbd_cdc_if.o
       640         30          0          0       1836      17032   usbd_conf.o
       928          0          0          0          0      15807   usbd_core.o
      1350         20          0          1          0      15360   usbd_ctlreq.o
       286        104          0         82        512       6537   usbd_desc.o
       132          0          0          0          0       4672   usbd_ioreq.o
       172         32          0         21          0       4908   user_diskio.o
      2812       1166          0          0         40      11640   w25qxx_4m.o
       204         96          0          0          0       1961   w25qxx_driver.o

    ----------------------------------------------------------------------
     43078       3972        864        880      37968    1894368   Object Totals
         0          0         32          0          0          0   (incl. Generated)
        60          0          2         12          2          0   (incl. Padding)

    ----------------------------------------------------------------------

      Code (inc. data)   RO Data    RW Data    ZI Data      Debug   Library Member Name

        60          8          0          0          0         84   __0sscanf.o
        44          6          0          0          0         84   __2sprintf.o
        90          0          0          0          0          0   __dczerorl2.o
         8          0          0          0          0         68   __main.o
       392          4         17          0          0         92   __printf_flags_ss_wp.o
        14          0          0          0          0         68   __printf_wp.o
         0          0          0          0          0          0   __rtentry.o
        12          0          0          0          0          0   __rtentry2.o
         6          0          0          0          0          0   __rtentry4.o
        52          8          0          0          0          0   __scatter.o
        28          0          0          0          0          0   __scatter_zi.o
        28          0          0          0          0         68   _chval.o
         6          0          0          0          0          0   _printf_a.o
         6          0          0          0          0          0   _printf_c.o
        44          0          0          0          0        108   _printf_char.o
        48          6          0          0          0         96   _printf_char_common.o
        40          0          0          0          0         68   _printf_charcount.o
         6          0          0          0          0          0   _printf_d.o
       120         16          0          0          0         92   _printf_dec.o
         6          0          0          0          0          0   _printf_e.o
         6          0          0          0          0          0   _printf_f.o
      1054          0          0          0          0        216   _printf_fp_dec.o
       764          8         38          0          0        100   _printf_fp_hex.o
       128         16          0          0          0         84   _printf_fp_infnan.o
         6          0          0          0          0          0   _printf_g.o
       148          4         40          0          0        160   _printf_hex_int_ll_ptr.o
         6          0          0          0          0          0   _printf_i.o
       178          0          0          0          0         88   _printf_intcommon.o
        10          0          0          0          0          0   _printf_l.o
         6          0          0          0          0          0   _printf_lc.o
        10          0          0          0          0          0   _printf_ll.o
         6          0          0          0          0          0   _printf_lld.o
         6          0          0          0          0          0   _printf_lli.o
         6          0          0          0          0          0   _printf_llo.o
         6          0          0          0          0          0   _printf_llu.o
         6          0          0          0          0          0   _printf_llx.o
       124         16          0          0          0         92   _printf_longlong_dec.o
         6          0          0          0          0          0   _printf_ls.o
         6          0          0          0          0          0   _printf_n.o
         6          0          0          0          0          0   _printf_o.o
       112         10          0          0          0        124   _printf_oct_int_ll.o
         6          0          0          0          0          0   _printf_p.o
        78          0          0          0          0        108   _printf_pad.o
         0          0          0          0          0          0   _printf_percent.o
         4          0          0          0          0          0   _printf_percent_end.o
         6          0          0          0          0          0   _printf_s.o
        82          0          0          0          0         80   _printf_str.o
        36          0          0          0          0         84   _printf_truncate.o
         6          0          0          0          0          0   _printf_u.o
        44          0          0          0          0        108   _printf_wchar.o
       188          6          8          0          0         92   _printf_wctomb.o
         6          0          0          0          0          0   _printf_x.o
        22          0          0          0          0        100   _rserrno.o
       884          4          0          0          0        100   _scanf.o
       332          0          0          0          0         96   _scanf_int.o
       342          0          0          0          0        100   _scanf_longlong.o
       224          0          0          0          0         96   _scanf_str.o
        64          0          0          0          0         84   _sgetc.o
        10          0          0          0          0         68   _sputc.o
        64          0          0          0          0         92   _wcrtomb.o
        16          0          0          0          0         68   aeabi_memset.o
       228          4        148          0          0         96   bigflt0.o
      2152        136          0          0          0        960   btod.o
        18          0          0          0          0         80   exit.o
         6          0          0          0          0        152   heapauxi.o
         0          0          0          0          0          0   indicate_semi.o
        18          0          0          0          0         76   isspace.o
        44         10        272          0          0         76   lc_ctype_c.o
        44         10         28          0          0         76   lc_numeric_c.o
         2          0          0          0          0          0   libinit.o
        34          0          0          0          0          0   libinit2.o
         2          0          0          0          0          0   libshutdown.o
         2          0          0          0          0          0   libshutdown2.o
         8          4          0          0         96         68   libspace.o
        38          0          0          0          0         68   llshl.o
       138          0          0          0          0         80   lludiv10.o
       238          0          0          0          0        100   lludivv7m.o
        16          4          0          0          0         76   rt_ctype_table.o
         8          4          0          0          0         68   rt_errno_addr_intlibspace.o
         8          4          0          0          0         68   rt_locale_intlibspace.o
        68          0          0          0          0         68   rt_memclr.o
        78          0          0          0          0         80   rt_memclr_w.o
       138          0          0          0          0         68   rt_memcpy_v6.o
       100          0          0          0          0         80   rt_memcpy_w.o
         2          0          0          0          0          0   rtexit.o
        10          0          0          0          0          0   rtexit2.o
        44          8          0          0          0         84   scanf_char.o
      1272         16          0          0          0        168   scanf_fp.o
       800         14          0          0          0        100   scanf_hexfp.o
       308         16          0          0          0        100   scanf_infnan.o
       104          0          0          0          0         68   strcmpv7m_pel.o
        72          0          0          0          0         80   strcpy.o
        62          0          0          0          0         76   strlen.o
        12          4          0          0          0         68   sys_exit.o
        74          0          0          0          0         80   sys_stackheap_outer.o
         2          0          0          0          0         68   use_no_semi.o
        36          4          0          0          0         76   vsprintf.o
        16          4          0          0          0        116   dcheck1.o
         0          0         16          0          0          0   fpconst.o
        10          0          0          0          0        116   fpinit.o
         6          0          0          0          0        116   istatus.o
         4          0          0          0          0        116   printf1.o
         4          0          0          0          0        116   printf2.o
       100          0          0          0          0        116   retnan.o
        92          0          0          0          0        116   scalbn.o
         4          0          0          0          0        116   scanf1.o
         8          0          0          0          0        132   scanf2.o
        48          0          0          0          0        116   trapv.o
         0          0          0          0          0          0   usenofp.o
        48         28          0          0          0        232   dunder.o
        48          0          0          0          0        124   fpclassify.o
       140         22          0          0          0        128   frexp.o
       184         14          0          0          0        156   ldexp.o
       238         26          0          0          0        304   narrow.o

    ----------------------------------------------------------------------
     13186        450        572          0         96       8396   Library Totals
        26          6          5          0          0          0   (incl. Padding)

    ----------------------------------------------------------------------

      Code (inc. data)   RO Data    RW Data    ZI Data      Debug   Library Name

     12210        350        551          0         96       6276   c_w.l
       292          4         16          0          0       1176   fz_wv.l
       658         90          0          0          0        944   m_wv.l

    ----------------------------------------------------------------------
     13186        450        572          0         96       8396   Library Totals

    ----------------------------------------------------------------------

==============================================================================


      Code (inc. data)   RO Data    RW Data    ZI Data      Debug   

     56264       4422       1436        880      38064    1863080   Grand Totals
     56264       4422       1436        224      38064    1863080   ELF Image Totals (compressed)
     56264       4422       1436        224          0          0   ROM Totals

==============================================================================

    Total RO  Size (Code + RO Data)                57700 (  56.35kB)
    Total RW  Size (RW Data + ZI Data)             38944 (  38.03kB)
    Total ROM Size (Code + RO Data + RW Data)      57924 (  56.57kB)

==============================================================================

